============================================
MD Easy/Hard FPN Coupling (SLURM)
============================================
Job ID: 891383
Node: compute-9
Start time: Fri Mar 27 16:23:06 CET 2026

Contrast base:      /ptmp/hmueller2/2025_ibc_latent/outputs/glm/contrast_maps_fsLR
Dtseries base:      /ptmp/hmueller2/2025_ibc_latent/outputs/preprocessing/fmriprep_out
Events base:        /ptmp/hmueller2/2025_ibc_latent/data/ibc_raw
Subnetwork dir:     /ptmp/hmueller2/2025_ibc_latent/outputs/subnetworks/subnetwork_derivation/infomap
Network label base: /ptmp/hmueller2/2025_ibc_latent/outputs/individual_networks
Output directory:   /ptmp/hmueller2/2025_ibc_latent/outputs/md_system/vertex_wise/md_easy_hard_fpn_coupling
Subjects:           04 06 07 09 11 13 14 15 
K index:            0
Strict mode:        0
Container:          /home/rglz/containers/gfae.sif

============================================
Running Easy/Hard FPN coupling analysis
============================================
Command: python Command: /home/hmueller2/ibc_code/ibc_latent/Multiple-Demand/md_easy_hard_fpn_coupling.py Command: --subjects Command: 04 Command: 06 Command: 07 Command: 09 Command: 11 Command: 13 Command: 14 Command: 15 Command: --contrast-base Command: /ptmp/hmueller2/2025_ibc_latent/outputs/glm/contrast_maps_fsLR Command: --dtseries-base Command: /ptmp/hmueller2/2025_ibc_latent/outputs/preprocessing/fmriprep_out Command: --events-base Command: /ptmp/hmueller2/2025_ibc_latent/data/ibc_raw Command: --subnetwork-dir Command: /ptmp/hmueller2/2025_ibc_latent/outputs/subnetworks/subnetwork_derivation/infomap Command: --network-label-base Command: /ptmp/hmueller2/2025_ibc_latent/outputs/individual_networks Command: --all-contrasts-tsv Command: /home/hmueller2/ibc_code/ibc_latent/Data\ Info/all_contrasts.tsv Command: --output Command: /ptmp/hmueller2/2025_ibc_latent/outputs/md_system/vertex_wise/md_easy_hard_fpn_coupling Command: --k-index Command: 0 
Subjects: 04 06 07 09 11 13 14 15
Output: /ptmp/hmueller2/2025_ibc_latent/outputs/md_system/vertex_wise/md_easy_hard_fpn_coupling

=== sub-04 ===
Skipping sub-04: Missing DMN/DAN label file for sub-04: /ptmp/hmueller2/2025_ibc_latent/outputs/individual_networks/sub-04/resting_state/Bipartite_PhysicalCommunities+AlgorithmicLabeling.dlabel.nii

=== sub-06 ===
Skipping sub-06: Missing DMN/DAN label file for sub-06: /ptmp/hmueller2/2025_ibc_latent/outputs/individual_networks/sub-06/resting_state/Bipartite_PhysicalCommunities+AlgorithmicLabeling.dlabel.nii

=== sub-07 ===
Skipping sub-07: Missing DMN/DAN label file for sub-07: /ptmp/hmueller2/2025_ibc_latent/outputs/individual_networks/sub-07/resting_state/Bipartite_PhysicalCommunities+AlgorithmicLabeling.dlabel.nii

=== sub-09 ===
Skipping sub-09: Missing DMN/DAN label file for sub-09: /ptmp/hmueller2/2025_ibc_latent/outputs/individual_networks/sub-09/resting_state/Bipartite_PhysicalCommunities+AlgorithmicLabeling.dlabel.nii

=== sub-11 ===
Skipping sub-11: Missing DMN/DAN label file for sub-11: /ptmp/hmueller2/2025_ibc_latent/outputs/individual_networks/sub-11/resting_state/Bipartite_PhysicalCommunities+AlgorithmicLabeling.dlabel.nii

=== sub-13 ===
Skipping sub-13: Missing DMN/DAN label file for sub-13: /ptmp/hmueller2/2025_ibc_latent/outputs/individual_networks/sub-13/resting_state/Bipartite_PhysicalCommunities+AlgorithmicLabeling.dlabel.nii

=== sub-14 ===
Skipping sub-14: Missing DMN/DAN label file for sub-14: /ptmp/hmueller2/2025_ibc_latent/outputs/individual_networks/sub-14/resting_state/Bipartite_PhysicalCommunities+AlgorithmicLabeling.dlabel.nii

=== sub-15 ===
Skipping sub-15: Missing DMN/DAN label file for sub-15: /ptmp/hmueller2/2025_ibc_latent/outputs/individual_networks/sub-15/resting_state/Bipartite_PhysicalCommunities+AlgorithmicLabeling.dlabel.nii
