============================================
Multiple Demand System Mapping (SLURM)
============================================
Job ID: 891360
Node: compute-1
Start time: Fri Mar 27 10:53:56 CET 2026

Contrast base: /ptmp/hmueller2/2025_ibc_latent/outputs/glm/contrast_maps_fsLR
Output directory: /ptmp/hmueller2/2025_ibc_latent/outputs/md_system
Config file: /ptmp/hmueller2/2025_ibc_latent/misc/subjects_resting.txt
Subjects: 04 06 07 09 11 13 14 15 
Mode: vertex
Run group map: 1
Save individual contrasts: 0
Vertex smooth FWHM: 4.0
Vertex threshold percent: top 10%

Script directory: /home/hmueller2/ibc_code/ibc_latent/Multiple-Demand
Working directory: /home/hmueller2/ibc_code/ibc_latent
Container: /home/rglz/containers/gfae.sif

============================================
Running vertex-wise MD mapping
============================================
Command: python Command: /home/hmueller2/ibc_code/ibc_latent/Multiple-Demand/md_mapping.py Command: --subjects Command: 04 Command: 06 Command: 07 Command: 09 Command: 11 Command: 13 Command: 14 Command: 15 Command: --contrast-base Command: /ptmp/hmueller2/2025_ibc_latent/outputs/glm/contrast_maps_fsLR Command: --output Command: /ptmp/hmueller2/2025_ibc_latent/outputs/md_system/vertex_wise Command: --smooth Command: 4.0 Command: --wb-command Command: wb_command Command: --left-surface Command: /home/hmueller2/ibc_code/ibc_latent/MSCcodebase/Utilities/Conte69_atlas-v2.LR.32k_fs_LR.wb/Conte69.L.midthickness.32k_fs_LR.surf.gii Command: --right-surface Command: /home/hmueller2/ibc_code/ibc_latent/MSCcodebase/Utilities/Conte69_atlas-v2.LR.32k_fs_LR.wb/Conte69.R.midthickness.32k_fs_LR.surf.gii Command: --group Command: --no-individual-contrasts Command: --threshold-percent Command: 10 

============================================================
Processing subject 04
============================================================
  Looking for contrasts in: /ptmp/hmueller2/2025_ibc_latent/outputs/glm/contrast_maps_fsLR/sub-04
  Subject directory contents (92 items): ['.DS_Store', '._.DS_Store', 'res_task-ArchiEmotional_space-fsLR_dir-ffx', 'res_task-ArchiSocial_space-fsLR_dir-ffx', 'res_task-ArchiSpatial_space-fsLR_dir-ffx', 'res_task-ArchiStandard_space-fsLR_dir-ffx', 'res_task-Attention_space-fsLR_dir-ffx', 'res_task-Audi_space-fsLR_dir-ffx', 'res_task-BiologicalMotion1_space-fsLR_dir-ffx', 'res_task-BiologicalMotion2_space-fsLR_dir-ffx', 'res_task-BreathHolding_space-fsLR_dir-ffx', 'res_task-Catell_space-fsLR_dir-ffx', 'res_task-Checkerboard_space-fsLR_dir-ffx', 'res_task-Color_space-fsLR_dir-ffx', 'res_task-ColumbiaCards_space-fsLR_dir-ffx', 'res_task-Discount_space-fsLR_dir-ffx', 'res_task-DotPatterns_space-fsLR_dir-ffx', 'res_task-EmoMem_space-fsLR_dir-ffx', 'res_task-EmoReco_space-fsLR_dir-ffx', 'res_task-EmotionalPain_space-fsLR_dir-ffx', 'res_task-Enumeration_space-fsLR_dir-ffx', 'res_task-FaceBody_space-fsLR_dir-ffx', 'res_task-FingerTap_space-fsLR_dir-ffx', 'res_task-HcpEmotion_space-fsLR_dir-ffx', 'res_task-HcpGambling_space-fsLR_dir-ffx', 'res_task-HcpLanguage_space-fsLR_dir-ffx', 'res_task-HcpMotor_space-fsLR_dir-ffx', 'res_task-HcpRelational_space-fsLR_dir-ffx', 'res_task-HcpSocial_space-fsLR_dir-ffx', 'res_task-HcpWm_space-fsLR_dir-ffx', 'res_task-ItemRecognition_space-fsLR_dir-ffx', 'res_task-Lec1_space-fsLR_dir-ffx', 'res_task-Lec2_space-fsLR_dir-ffx', 'res_task-MCSE_space-fsLR_dir-ffx', 'res_task-MTTNS_space-fsLR_dir-ffx', 'res_task-MTTWE_space-fsLR_dir-ffx', 'res_task-MVEB_space-fsLR_dir-ffx', 'res_task-MVIS_space-fsLR_dir-ffx', 'res_task-MathLanguage_space-fsLR_dir-ffx', 'res_task-Motion_space-fsLR_dir-ffx', 'res_task-Moto_space-fsLR_dir-ffx', 'res_task-NARPS_space-fsLR_dir-ffx', 'res_task-PainMovie_space-fsLR_dir-ffx', 'res_task-PreferenceFaces_space-fsLR_dir-ffx', 'res_task-PreferenceFood_space-fsLR_dir-ffx', 'res_task-PreferenceHouses_space-fsLR_dir-ffx', 'res_task-PreferencePaintings_space-fsLR_dir-ffx', 'res_task-RSVPLanguage_space-fsLR_dir-ffx', 'res_task-RewProc_space-fsLR_dir-ffx', 'res_task-Scene_space-fsLR_dir-ffx', 'res_task-SelectiveStopSignal_space-fsLR_dir-ffx', 'res_task-Self_space-fsLR_dir-ffx', 'res_task-SpatialNavigation_space-fsLR_dir-ffx', 'res_task-StopNogo_space-fsLR_dir-ffx', 'res_task-StopSignal_space-fsLR_dir-ffx', 'res_task-Stroop_space-fsLR_dir-ffx', 'res_task-TheoryOfMind_space-fsLR_dir-ffx', 'res_task-TwoByTwo_space-fsLR_dir-ffx', 'res_task-VSTMC_space-fsLR_dir-ffx', 'res_task-VSTM_space-fsLR_dir-ffx', 'res_task-Visu_space-fsLR_dir-ffx', 'res_task-VisualSearch_space-fsLR_dir-ffx', 'res_task-WardAndAllport_space-fsLR_dir-ffx', 'res_task-WedgeAnti_space-fsLR_dir-ffx', 'res_task-WedgeClock_space-fsLR_dir-ffx', 'ses-00', 'ses-01', 'ses-02', 'ses-03', 'ses-04', 'ses-09', 'ses-11', 'ses-12', 'ses-15', 'ses-16', 'ses-17', 'ses-18', 'ses-19', 'ses-21', 'ses-24', 'ses-25', 'ses-26', 'ses-29', 'ses-30', 'ses-31', 'ses-35', 'ses-36', 'ses-37', 'ses-38', 'ses-39', 'ses-40', 'ses-42']
  ✓ Loaded: HcpWm/2back-0back
  ✓ Loaded: ItemRecognition/encode5-encode1
  ✓ Loaded: Stroop/incongruent-congruent
  ✓ Loaded: Catell/hard-easy
  ✓ Loaded: MVEB/6_letters_different-2_letters_different
  ✓ Loaded: MVIS/6_dots-2_dots
  ✓ Loaded: Attention/double_incongruent-double_congruent
  ✓ Loaded: VisualSearch/probe_item_four-probe_item_two

Applied Workbench CIFTI smoothing to input contrasts (FWHM=4.0mm)

Combined 8 MD contrasts
Mean z-score: 0.004 ± 0.261
Max z-score: 1.578

Subject MD mean map range before threshold: min=-1.470, max=1.578
Threshold mode: top 10.0% of vertices
Percentile cutoff (90.0th): 0.294
Retained vertices: 9129 (10.0%)

✓ Saved mean MD map: /ptmp/hmueller2/2025_ibc_latent/outputs/md_system/vertex_wise/sub-04/sub-04_MD_mean.dscalar.nii
✓ Saved thresholded MD map: /ptmp/hmueller2/2025_ibc_latent/outputs/md_system/vertex_wise/sub-04/sub-04_MD_mean_thresh_top10pct_cutoff0.294.dscalar.nii
✓ Saved std MD map: /ptmp/hmueller2/2025_ibc_latent/outputs/md_system/vertex_wise/sub-04/sub-04_MD_std.dscalar.nii
✓ Saved contrast info: /ptmp/hmueller2/2025_ibc_latent/outputs/md_system/vertex_wise/sub-04/sub-04_MD_contrasts.txt

============================================================
Processing subject 06
============================================================
  Looking for contrasts in: /ptmp/hmueller2/2025_ibc_latent/outputs/glm/contrast_maps_fsLR/sub-06
  Subject directory contents (90 items): ['res_task-ArchiEmotional_space-fsLR_dir-ffx', 'res_task-ArchiSocial_space-fsLR_dir-ffx', 'res_task-ArchiSpatial_space-fsLR_dir-ffx', 'res_task-ArchiStandard_space-fsLR_dir-ffx', 'res_task-Attention_space-fsLR_dir-ffx', 'res_task-Audi_space-fsLR_dir-ffx', 'res_task-BiologicalMotion1_space-fsLR_dir-ffx', 'res_task-BiologicalMotion2_space-fsLR_dir-ffx', 'res_task-BreathHolding_space-fsLR_dir-ffx', 'res_task-Catell_space-fsLR_dir-ffx', 'res_task-Checkerboard_space-fsLR_dir-ffx', 'res_task-Color_space-fsLR_dir-ffx', 'res_task-ColumbiaCards_space-fsLR_dir-ffx', 'res_task-Discount_space-fsLR_dir-ffx', 'res_task-DotPatterns_space-fsLR_dir-ffx', 'res_task-EmoMem_space-fsLR_dir-ffx', 'res_task-EmoReco_space-fsLR_dir-ffx', 'res_task-EmotionalPain_space-fsLR_dir-ffx', 'res_task-Enumeration_space-fsLR_dir-ffx', 'res_task-FaceBody_space-fsLR_dir-ffx', 'res_task-FingerTap_space-fsLR_dir-ffx', 'res_task-HcpEmotion_space-fsLR_dir-ffx', 'res_task-HcpGambling_space-fsLR_dir-ffx', 'res_task-HcpLanguage_space-fsLR_dir-ffx', 'res_task-HcpMotor_space-fsLR_dir-ffx', 'res_task-HcpRelational_space-fsLR_dir-ffx', 'res_task-HcpSocial_space-fsLR_dir-ffx', 'res_task-HcpWm_space-fsLR_dir-ffx', 'res_task-ItemRecognition_space-fsLR_dir-ffx', 'res_task-Lec1_space-fsLR_dir-ffx', 'res_task-Lec2_space-fsLR_dir-ffx', 'res_task-MCSE_space-fsLR_dir-ffx', 'res_task-MTTNS_space-fsLR_dir-ffx', 'res_task-MTTWE_space-fsLR_dir-ffx', 'res_task-MVEB_space-fsLR_dir-ffx', 'res_task-MVIS_space-fsLR_dir-ffx', 'res_task-MathLanguage_space-fsLR_dir-ffx', 'res_task-Motion_space-fsLR_dir-ffx', 'res_task-Moto_space-fsLR_dir-ffx', 'res_task-NARPS_space-fsLR_dir-ffx', 'res_task-PainMovie_space-fsLR_dir-ffx', 'res_task-PreferenceFaces_space-fsLR_dir-ffx', 'res_task-PreferenceFood_space-fsLR_dir-ffx', 'res_task-PreferenceHouses_space-fsLR_dir-ffx', 'res_task-PreferencePaintings_space-fsLR_dir-ffx', 'res_task-RSVPLanguage_space-fsLR_dir-ffx', 'res_task-RewProc_space-fsLR_dir-ffx', 'res_task-Scene_space-fsLR_dir-ffx', 'res_task-SelectiveStopSignal_space-fsLR_dir-ffx', 'res_task-Self_space-fsLR_dir-ffx', 'res_task-SpatialNavigation_space-fsLR_dir-ffx', 'res_task-StopNogo_space-fsLR_dir-ffx', 'res_task-StopSignal_space-fsLR_dir-ffx', 'res_task-Stroop_space-fsLR_dir-ffx', 'res_task-TheoryOfMind_space-fsLR_dir-ffx', 'res_task-TwoByTwo_space-fsLR_dir-ffx', 'res_task-VSTMC_space-fsLR_dir-ffx', 'res_task-VSTM_space-fsLR_dir-ffx', 'res_task-Visu_space-fsLR_dir-ffx', 'res_task-VisualSearch_space-fsLR_dir-ffx', 'res_task-WardAndAllport_space-fsLR_dir-ffx', 'res_task-WedgeAnti_space-fsLR_dir-ffx', 'res_task-WedgeClock_space-fsLR_dir-ffx', 'ses-00', 'ses-01', 'ses-02', 'ses-03', 'ses-04', 'ses-08', 'ses-11', 'ses-12', 'ses-15', 'ses-16', 'ses-17', 'ses-18', 'ses-19', 'ses-21', 'ses-24', 'ses-25', 'ses-26', 'ses-29', 'ses-30', 'ses-31', 'ses-35', 'ses-36', 'ses-37', 'ses-38', 'ses-39', 'ses-40', 'ses-42']
  ✓ Loaded: HcpWm/2back-0back
  ✓ Loaded: ItemRecognition/encode5-encode1
  ✓ Loaded: Stroop/incongruent-congruent
  ✓ Loaded: Catell/hard-easy
  ✓ Loaded: MVEB/6_letters_different-2_letters_different
  ✓ Loaded: MVIS/6_dots-2_dots
  ✓ Loaded: Attention/double_incongruent-double_congruent
  ✓ Loaded: VisualSearch/probe_item_four-probe_item_two

Applied Workbench CIFTI smoothing to input contrasts (FWHM=4.0mm)

Combined 8 MD contrasts
Mean z-score: -0.003 ± 0.280
Max z-score: 1.811

Subject MD mean map range before threshold: min=-1.645, max=1.811
Threshold mode: top 10.0% of vertices
Percentile cutoff (90.0th): 0.333
Retained vertices: 9129 (10.0%)

✓ Saved mean MD map: /ptmp/hmueller2/2025_ibc_latent/outputs/md_system/vertex_wise/sub-06/sub-06_MD_mean.dscalar.nii
✓ Saved thresholded MD map: /ptmp/hmueller2/2025_ibc_latent/outputs/md_system/vertex_wise/sub-06/sub-06_MD_mean_thresh_top10pct_cutoff0.333.dscalar.nii
✓ Saved std MD map: /ptmp/hmueller2/2025_ibc_latent/outputs/md_system/vertex_wise/sub-06/sub-06_MD_std.dscalar.nii
✓ Saved contrast info: /ptmp/hmueller2/2025_ibc_latent/outputs/md_system/vertex_wise/sub-06/sub-06_MD_contrasts.txt

============================================================
Processing subject 07
============================================================
  Looking for contrasts in: /ptmp/hmueller2/2025_ibc_latent/outputs/glm/contrast_maps_fsLR/sub-07
  Subject directory contents (79 items): ['res_task-ArchiEmotional_space-fsLR_dir-ffx', 'res_task-ArchiSocial_space-fsLR_dir-ffx', 'res_task-ArchiSpatial_space-fsLR_dir-ffx', 'res_task-ArchiStandard_space-fsLR_dir-ffx', 'res_task-Attention_space-fsLR_dir-ffx', 'res_task-Audi_space-fsLR_dir-ffx', 'res_task-BiologicalMotion1_space-fsLR_dir-ffx', 'res_task-BiologicalMotion2_space-fsLR_dir-ffx', 'res_task-BreathHolding_space-fsLR_dir-ffx', 'res_task-Catell_space-fsLR_dir-ffx', 'res_task-Checkerboard_space-fsLR_dir-ffx', 'res_task-ColumbiaCards_space-fsLR_dir-ffx', 'res_task-Discount_space-fsLR_dir-ffx', 'res_task-DotPatterns_space-fsLR_dir-ffx', 'res_task-EmoMem_space-fsLR_dir-ffx', 'res_task-EmoReco_space-fsLR_dir-ffx', 'res_task-EmotionalPain_space-fsLR_dir-ffx', 'res_task-Enumeration_space-fsLR_dir-ffx', 'res_task-FingerTap_space-fsLR_dir-ffx', 'res_task-HcpEmotion_space-fsLR_dir-ffx', 'res_task-HcpGambling_space-fsLR_dir-ffx', 'res_task-HcpLanguage_space-fsLR_dir-ffx', 'res_task-HcpMotor_space-fsLR_dir-ffx', 'res_task-HcpRelational_space-fsLR_dir-ffx', 'res_task-HcpSocial_space-fsLR_dir-ffx', 'res_task-HcpWm_space-fsLR_dir-ffx', 'res_task-ItemRecognition_space-fsLR_dir-ffx', 'res_task-Lec1_space-fsLR_dir-ffx', 'res_task-Lec2_space-fsLR_dir-ffx', 'res_task-MCSE_space-fsLR_dir-ffx', 'res_task-MTTNS_space-fsLR_dir-ffx', 'res_task-MTTWE_space-fsLR_dir-ffx', 'res_task-MVEB_space-fsLR_dir-ffx', 'res_task-MVIS_space-fsLR_dir-ffx', 'res_task-MathLanguage_space-fsLR_dir-ffx', 'res_task-Moto_space-fsLR_dir-ffx', 'res_task-PainMovie_space-fsLR_dir-ffx', 'res_task-PreferenceFaces_space-fsLR_dir-ffx', 'res_task-PreferenceFood_space-fsLR_dir-ffx', 'res_task-PreferenceHouses_space-fsLR_dir-ffx', 'res_task-PreferencePaintings_space-fsLR_dir-ffx', 'res_task-RSVPLanguage_space-fsLR_dir-ffx', 'res_task-SelectiveStopSignal_space-fsLR_dir-ffx', 'res_task-Self_space-fsLR_dir-ffx', 'res_task-SpatialNavigation_space-fsLR_dir-ffx', 'res_task-StopNogo_space-fsLR_dir-ffx', 'res_task-StopSignal_space-fsLR_dir-ffx', 'res_task-Stroop_space-fsLR_dir-ffx', 'res_task-TheoryOfMind_space-fsLR_dir-ffx', 'res_task-TwoByTwo_space-fsLR_dir-ffx', 'res_task-VSTMC_space-fsLR_dir-ffx', 'res_task-VSTM_space-fsLR_dir-ffx', 'res_task-Visu_space-fsLR_dir-ffx', 'res_task-WardAndAllport_space-fsLR_dir-ffx', 'res_task-WedgeAnti_space-fsLR_dir-ffx', 'res_task-WedgeClock_space-fsLR_dir-ffx', 'ses-00', 'ses-01', 'ses-02', 'ses-03', 'ses-04', 'ses-08', 'ses-11', 'ses-12', 'ses-15', 'ses-16', 'ses-17', 'ses-18', 'ses-19', 'ses-23', 'ses-24', 'ses-25', 'ses-26', 'ses-29', 'ses-30', 'ses-31', 'ses-35', 'ses-36', 'ses-37']
  ✓ Loaded: HcpWm/2back-0back
  ✓ Loaded: ItemRecognition/encode5-encode1
  ✓ Loaded: Stroop/incongruent-congruent
  ✓ Loaded: Catell/hard-easy
  ✓ Loaded: MVEB/6_letters_different-2_letters_different
  ✓ Loaded: MVIS/6_dots-2_dots
  ✓ Loaded: Attention/double_incongruent-double_congruent
  - Not available: VisualSearch/probe_item_four-probe_item_two

Applied Workbench CIFTI smoothing to input contrasts (FWHM=4.0mm)

Combined 7 MD contrasts
Mean z-score: 0.003 ± 0.260
Max z-score: 1.803

Subject MD mean map range before threshold: min=-1.755, max=1.803
Threshold mode: top 10.0% of vertices
Percentile cutoff (90.0th): 0.270
Retained vertices: 9129 (10.0%)

✓ Saved mean MD map: /ptmp/hmueller2/2025_ibc_latent/outputs/md_system/vertex_wise/sub-07/sub-07_MD_mean.dscalar.nii
✓ Saved thresholded MD map: /ptmp/hmueller2/2025_ibc_latent/outputs/md_system/vertex_wise/sub-07/sub-07_MD_mean_thresh_top10pct_cutoff0.270.dscalar.nii
✓ Saved std MD map: /ptmp/hmueller2/2025_ibc_latent/outputs/md_system/vertex_wise/sub-07/sub-07_MD_std.dscalar.nii
✓ Saved contrast info: /ptmp/hmueller2/2025_ibc_latent/outputs/md_system/vertex_wise/sub-07/sub-07_MD_contrasts.txt

============================================================
Processing subject 09
============================================================
  Looking for contrasts in: /ptmp/hmueller2/2025_ibc_latent/outputs/glm/contrast_maps_fsLR/sub-09
  Subject directory contents (90 items): ['res_task-ArchiEmotional_space-fsLR_dir-ffx', 'res_task-ArchiSocial_space-fsLR_dir-ffx', 'res_task-ArchiSpatial_space-fsLR_dir-ffx', 'res_task-ArchiStandard_space-fsLR_dir-ffx', 'res_task-Attention_space-fsLR_dir-ffx', 'res_task-Audi_space-fsLR_dir-ffx', 'res_task-BiologicalMotion1_space-fsLR_dir-ffx', 'res_task-BiologicalMotion2_space-fsLR_dir-ffx', 'res_task-BreathHolding_space-fsLR_dir-ffx', 'res_task-Catell_space-fsLR_dir-ffx', 'res_task-Checkerboard_space-fsLR_dir-ffx', 'res_task-Color_space-fsLR_dir-ffx', 'res_task-ColumbiaCards_space-fsLR_dir-ffx', 'res_task-Discount_space-fsLR_dir-ffx', 'res_task-DotPatterns_space-fsLR_dir-ffx', 'res_task-EmoMem_space-fsLR_dir-ffx', 'res_task-EmoReco_space-fsLR_dir-ffx', 'res_task-EmotionalPain_space-fsLR_dir-ffx', 'res_task-Enumeration_space-fsLR_dir-ffx', 'res_task-FaceBody_space-fsLR_dir-ffx', 'res_task-FingerTap_space-fsLR_dir-ffx', 'res_task-HcpEmotion_space-fsLR_dir-ffx', 'res_task-HcpGambling_space-fsLR_dir-ffx', 'res_task-HcpLanguage_space-fsLR_dir-ffx', 'res_task-HcpMotor_space-fsLR_dir-ffx', 'res_task-HcpRelational_space-fsLR_dir-ffx', 'res_task-HcpSocial_space-fsLR_dir-ffx', 'res_task-HcpWm_space-fsLR_dir-ffx', 'res_task-ItemRecognition_space-fsLR_dir-ffx', 'res_task-Lec1_space-fsLR_dir-ffx', 'res_task-Lec2_space-fsLR_dir-ffx', 'res_task-MCSE_space-fsLR_dir-ffx', 'res_task-MTTNS_space-fsLR_dir-ffx', 'res_task-MTTWE_space-fsLR_dir-ffx', 'res_task-MVEB_space-fsLR_dir-ffx', 'res_task-MVIS_space-fsLR_dir-ffx', 'res_task-MathLanguage_space-fsLR_dir-ffx', 'res_task-Motion_space-fsLR_dir-ffx', 'res_task-Moto_space-fsLR_dir-ffx', 'res_task-NARPS_space-fsLR_dir-ffx', 'res_task-PainMovie_space-fsLR_dir-ffx', 'res_task-PreferenceFaces_space-fsLR_dir-ffx', 'res_task-PreferenceFood_space-fsLR_dir-ffx', 'res_task-PreferenceHouses_space-fsLR_dir-ffx', 'res_task-PreferencePaintings_space-fsLR_dir-ffx', 'res_task-RSVPLanguage_space-fsLR_dir-ffx', 'res_task-RewProc_space-fsLR_dir-ffx', 'res_task-Scene_space-fsLR_dir-ffx', 'res_task-SelectiveStopSignal_space-fsLR_dir-ffx', 'res_task-Self_space-fsLR_dir-ffx', 'res_task-SpatialNavigation_space-fsLR_dir-ffx', 'res_task-StopNogo_space-fsLR_dir-ffx', 'res_task-StopSignal_space-fsLR_dir-ffx', 'res_task-Stroop_space-fsLR_dir-ffx', 'res_task-TheoryOfMind_space-fsLR_dir-ffx', 'res_task-TwoByTwo_space-fsLR_dir-ffx', 'res_task-VSTMC_space-fsLR_dir-ffx', 'res_task-VSTM_space-fsLR_dir-ffx', 'res_task-Visu_space-fsLR_dir-ffx', 'res_task-VisualSearch_space-fsLR_dir-ffx', 'res_task-WardAndAllport_space-fsLR_dir-ffx', 'res_task-WedgeAnti_space-fsLR_dir-ffx', 'res_task-WedgeClock_space-fsLR_dir-ffx', 'ses-00', 'ses-01', 'ses-02', 'ses-04', 'ses-05', 'ses-10', 'ses-12', 'ses-13', 'ses-16', 'ses-17', 'ses-18', 'ses-20', 'ses-21', 'ses-22', 'ses-25', 'ses-26', 'ses-27', 'ses-30', 'ses-31', 'ses-32', 'ses-36', 'ses-37', 'ses-38', 'ses-39', 'ses-40', 'ses-41', 'ses-43']
  ✓ Loaded: HcpWm/2back-0back
  ✓ Loaded: ItemRecognition/encode5-encode1
  ✓ Loaded: Stroop/incongruent-congruent
  ✓ Loaded: Catell/hard-easy
  ✓ Loaded: MVEB/6_letters_different-2_letters_different
  ✓ Loaded: MVIS/6_dots-2_dots
  ✓ Loaded: Attention/double_incongruent-double_congruent
  ✓ Loaded: VisualSearch/probe_item_four-probe_item_two

Applied Workbench CIFTI smoothing to input contrasts (FWHM=4.0mm)

Combined 8 MD contrasts
Mean z-score: 0.002 ± 0.250
Max z-score: 1.584

Subject MD mean map range before threshold: min=-1.667, max=1.584
Threshold mode: top 10.0% of vertices
Percentile cutoff (90.0th): 0.281
Retained vertices: 9129 (10.0%)

✓ Saved mean MD map: /ptmp/hmueller2/2025_ibc_latent/outputs/md_system/vertex_wise/sub-09/sub-09_MD_mean.dscalar.nii
✓ Saved thresholded MD map: /ptmp/hmueller2/2025_ibc_latent/outputs/md_system/vertex_wise/sub-09/sub-09_MD_mean_thresh_top10pct_cutoff0.281.dscalar.nii
✓ Saved std MD map: /ptmp/hmueller2/2025_ibc_latent/outputs/md_system/vertex_wise/sub-09/sub-09_MD_std.dscalar.nii
✓ Saved contrast info: /ptmp/hmueller2/2025_ibc_latent/outputs/md_system/vertex_wise/sub-09/sub-09_MD_contrasts.txt

============================================================
Processing subject 11
============================================================
  Looking for contrasts in: /ptmp/hmueller2/2025_ibc_latent/outputs/glm/contrast_maps_fsLR/sub-11
  Subject directory contents (89 items): ['res_task-ArchiEmotional_space-fsLR_dir-ffx', 'res_task-ArchiSocial_space-fsLR_dir-ffx', 'res_task-ArchiSpatial_space-fsLR_dir-ffx', 'res_task-ArchiStandard_space-fsLR_dir-ffx', 'res_task-Attention_space-fsLR_dir-ffx', 'res_task-Audi_space-fsLR_dir-ffx', 'res_task-BiologicalMotion1_space-fsLR_dir-ffx', 'res_task-BiologicalMotion2_space-fsLR_dir-ffx', 'res_task-BreathHolding_space-fsLR_dir-ffx', 'res_task-Catell_space-fsLR_dir-ffx', 'res_task-Checkerboard_space-fsLR_dir-ffx', 'res_task-Color_space-fsLR_dir-ffx', 'res_task-ColumbiaCards_space-fsLR_dir-ffx', 'res_task-Discount_space-fsLR_dir-ffx', 'res_task-DotPatterns_space-fsLR_dir-ffx', 'res_task-EmoMem_space-fsLR_dir-ffx', 'res_task-EmoReco_space-fsLR_dir-ffx', 'res_task-EmotionalPain_space-fsLR_dir-ffx', 'res_task-Enumeration_space-fsLR_dir-ffx', 'res_task-FaceBody_space-fsLR_dir-ffx', 'res_task-FingerTap_space-fsLR_dir-ffx', 'res_task-HcpEmotion_space-fsLR_dir-ffx', 'res_task-HcpGambling_space-fsLR_dir-ffx', 'res_task-HcpLanguage_space-fsLR_dir-ffx', 'res_task-HcpMotor_space-fsLR_dir-ffx', 'res_task-HcpRelational_space-fsLR_dir-ffx', 'res_task-HcpSocial_space-fsLR_dir-ffx', 'res_task-HcpWm_space-fsLR_dir-ffx', 'res_task-ItemRecognition_space-fsLR_dir-ffx', 'res_task-Lec1_space-fsLR_dir-ffx', 'res_task-Lec2_space-fsLR_dir-ffx', 'res_task-MCSE_space-fsLR_dir-ffx', 'res_task-MTTNS_space-fsLR_dir-ffx', 'res_task-MTTWE_space-fsLR_dir-ffx', 'res_task-MVEB_space-fsLR_dir-ffx', 'res_task-MVIS_space-fsLR_dir-ffx', 'res_task-MathLanguage_space-fsLR_dir-ffx', 'res_task-Motion_space-fsLR_dir-ffx', 'res_task-Moto_space-fsLR_dir-ffx', 'res_task-NARPS_space-fsLR_dir-ffx', 'res_task-PainMovie_space-fsLR_dir-ffx', 'res_task-PreferenceFaces_space-fsLR_dir-ffx', 'res_task-PreferenceFood_space-fsLR_dir-ffx', 'res_task-PreferenceHouses_space-fsLR_dir-ffx', 'res_task-RSVPLanguage_space-fsLR_dir-ffx', 'res_task-RewProc_space-fsLR_dir-ffx', 'res_task-Scene_space-fsLR_dir-ffx', 'res_task-SelectiveStopSignal_space-fsLR_dir-ffx', 'res_task-Self_space-fsLR_dir-ffx', 'res_task-SpatialNavigation_space-fsLR_dir-ffx', 'res_task-StopNogo_space-fsLR_dir-ffx', 'res_task-StopSignal_space-fsLR_dir-ffx', 'res_task-Stroop_space-fsLR_dir-ffx', 'res_task-TheoryOfMind_space-fsLR_dir-ffx', 'res_task-TwoByTwo_space-fsLR_dir-ffx', 'res_task-VSTMC_space-fsLR_dir-ffx', 'res_task-VSTM_space-fsLR_dir-ffx', 'res_task-Visu_space-fsLR_dir-ffx', 'res_task-VisualSearch_space-fsLR_dir-ffx', 'res_task-WardAndAllport_space-fsLR_dir-ffx', 'res_task-WedgeAnti_space-fsLR_dir-ffx', 'res_task-WedgeClock_space-fsLR_dir-ffx', 'ses-00', 'ses-01', 'ses-02', 'ses-03', 'ses-05', 'ses-08', 'ses-11', 'ses-12', 'ses-16', 'ses-18', 'ses-19', 'ses-20', 'ses-21', 'ses-22', 'ses-25', 'ses-26', 'ses-27', 'ses-30', 'ses-32', 'ses-36', 'ses-37', 'ses-38', 'ses-39', 'ses-40', 'ses-41', 'ses-42', 'ses-44']
  ✓ Loaded: HcpWm/2back-0back
  ✓ Loaded: ItemRecognition/encode5-encode1
  ✓ Loaded: Stroop/incongruent-congruent
  ✓ Loaded: Catell/hard-easy
  ✓ Loaded: MVEB/6_letters_different-2_letters_different
  ✓ Loaded: MVIS/6_dots-2_dots
  ✓ Loaded: Attention/double_incongruent-double_congruent
  ✓ Loaded: VisualSearch/probe_item_four-probe_item_two

Applied Workbench CIFTI smoothing to input contrasts (FWHM=4.0mm)

Combined 8 MD contrasts
Mean z-score: 0.000 ± 0.248
Max z-score: 1.494

Subject MD mean map range before threshold: min=-1.462, max=1.494
Threshold mode: top 10.0% of vertices
Percentile cutoff (90.0th): 0.279
Retained vertices: 9129 (10.0%)

✓ Saved mean MD map: /ptmp/hmueller2/2025_ibc_latent/outputs/md_system/vertex_wise/sub-11/sub-11_MD_mean.dscalar.nii
✓ Saved thresholded MD map: /ptmp/hmueller2/2025_ibc_latent/outputs/md_system/vertex_wise/sub-11/sub-11_MD_mean_thresh_top10pct_cutoff0.279.dscalar.nii
✓ Saved std MD map: /ptmp/hmueller2/2025_ibc_latent/outputs/md_system/vertex_wise/sub-11/sub-11_MD_std.dscalar.nii
✓ Saved contrast info: /ptmp/hmueller2/2025_ibc_latent/outputs/md_system/vertex_wise/sub-11/sub-11_MD_contrasts.txt

============================================================
Processing subject 13
============================================================
  Looking for contrasts in: /ptmp/hmueller2/2025_ibc_latent/outputs/glm/contrast_maps_fsLR/sub-13
  Subject directory contents (78 items): ['res_task-ArchiEmotional_space-fsLR_dir-ffx', 'res_task-ArchiSocial_space-fsLR_dir-ffx', 'res_task-ArchiSpatial_space-fsLR_dir-ffx', 'res_task-ArchiStandard_space-fsLR_dir-ffx', 'res_task-Attention_space-fsLR_dir-ffx', 'res_task-Audi_space-fsLR_dir-ffx', 'res_task-BiologicalMotion1_space-fsLR_dir-ffx', 'res_task-BiologicalMotion2_space-fsLR_dir-ffx', 'res_task-BreathHolding_space-fsLR_dir-ffx', 'res_task-Catell_space-fsLR_dir-ffx', 'res_task-Checkerboard_space-fsLR_dir-ffx', 'res_task-ColumbiaCards_space-fsLR_dir-ffx', 'res_task-Discount_space-fsLR_dir-ffx', 'res_task-DotPatterns_space-fsLR_dir-ffx', 'res_task-EmoMem_space-fsLR_dir-ffx', 'res_task-EmoReco_space-fsLR_dir-ffx', 'res_task-EmotionalPain_space-fsLR_dir-ffx', 'res_task-Enumeration_space-fsLR_dir-ffx', 'res_task-FingerTap_space-fsLR_dir-ffx', 'res_task-HcpEmotion_space-fsLR_dir-ffx', 'res_task-HcpGambling_space-fsLR_dir-ffx', 'res_task-HcpLanguage_space-fsLR_dir-ffx', 'res_task-HcpMotor_space-fsLR_dir-ffx', 'res_task-HcpRelational_space-fsLR_dir-ffx', 'res_task-HcpSocial_space-fsLR_dir-ffx', 'res_task-HcpWm_space-fsLR_dir-ffx', 'res_task-ItemRecognition_space-fsLR_dir-ffx', 'res_task-Lec1_space-fsLR_dir-ffx', 'res_task-Lec2_space-fsLR_dir-ffx', 'res_task-MCSE_space-fsLR_dir-ffx', 'res_task-MTTNS_space-fsLR_dir-ffx', 'res_task-MTTWE_space-fsLR_dir-ffx', 'res_task-MVEB_space-fsLR_dir-ffx', 'res_task-MVIS_space-fsLR_dir-ffx', 'res_task-MathLanguage_space-fsLR_dir-ffx', 'res_task-Moto_space-fsLR_dir-ffx', 'res_task-PainMovie_space-fsLR_dir-ffx', 'res_task-PreferenceFaces_space-fsLR_dir-ffx', 'res_task-PreferenceHouses_space-fsLR_dir-ffx', 'res_task-PreferencePaintings_space-fsLR_dir-ffx', 'res_task-RSVPLanguage_space-fsLR_dir-ffx', 'res_task-SelectiveStopSignal_space-fsLR_dir-ffx', 'res_task-Self_space-fsLR_dir-ffx', 'res_task-SpatialNavigation_space-fsLR_dir-ffx', 'res_task-StopNogo_space-fsLR_dir-ffx', 'res_task-StopSignal_space-fsLR_dir-ffx', 'res_task-Stroop_space-fsLR_dir-ffx', 'res_task-TheoryOfMind_space-fsLR_dir-ffx', 'res_task-TwoByTwo_space-fsLR_dir-ffx', 'res_task-VSTMC_space-fsLR_dir-ffx', 'res_task-VSTM_space-fsLR_dir-ffx', 'res_task-Visu_space-fsLR_dir-ffx', 'res_task-WardAndAllport_space-fsLR_dir-ffx', 'res_task-WedgeAnti_space-fsLR_dir-ffx', 'res_task-WedgeClock_space-fsLR_dir-ffx', 'ses-00', 'ses-01', 'ses-02', 'ses-03', 'ses-04', 'ses-08', 'ses-11', 'ses-12', 'ses-15', 'ses-16', 'ses-17', 'ses-18', 'ses-19', 'ses-21', 'ses-24', 'ses-25', 'ses-26', 'ses-29', 'ses-30', 'ses-31', 'ses-35', 'ses-36', 'ses-37']
  ✓ Loaded: HcpWm/2back-0back
  ✓ Loaded: ItemRecognition/encode5-encode1
  ✓ Loaded: Stroop/incongruent-congruent
  ✓ Loaded: Catell/hard-easy
  ✓ Loaded: MVEB/6_letters_different-2_letters_different
  ✓ Loaded: MVIS/6_dots-2_dots
  ✓ Loaded: Attention/double_incongruent-double_congruent
  - Not available: VisualSearch/probe_item_four-probe_item_two

Applied Workbench CIFTI smoothing to input contrasts (FWHM=4.0mm)

Combined 7 MD contrasts
Mean z-score: -0.004 ± 0.273
Max z-score: 1.606

Subject MD mean map range before threshold: min=-1.617, max=1.606
Threshold mode: top 10.0% of vertices
Percentile cutoff (90.0th): 0.291
Retained vertices: 9129 (10.0%)

✓ Saved mean MD map: /ptmp/hmueller2/2025_ibc_latent/outputs/md_system/vertex_wise/sub-13/sub-13_MD_mean.dscalar.nii
✓ Saved thresholded MD map: /ptmp/hmueller2/2025_ibc_latent/outputs/md_system/vertex_wise/sub-13/sub-13_MD_mean_thresh_top10pct_cutoff0.291.dscalar.nii
✓ Saved std MD map: /ptmp/hmueller2/2025_ibc_latent/outputs/md_system/vertex_wise/sub-13/sub-13_MD_std.dscalar.nii
✓ Saved contrast info: /ptmp/hmueller2/2025_ibc_latent/outputs/md_system/vertex_wise/sub-13/sub-13_MD_contrasts.txt

============================================================
Processing subject 14
============================================================
  Looking for contrasts in: /ptmp/hmueller2/2025_ibc_latent/outputs/glm/contrast_maps_fsLR/sub-14
  Subject directory contents (90 items): ['res_task-ArchiEmotional_space-fsLR_dir-ffx', 'res_task-ArchiSocial_space-fsLR_dir-ffx', 'res_task-ArchiSpatial_space-fsLR_dir-ffx', 'res_task-ArchiStandard_space-fsLR_dir-ffx', 'res_task-Attention_space-fsLR_dir-ffx', 'res_task-Audi_space-fsLR_dir-ffx', 'res_task-BiologicalMotion1_space-fsLR_dir-ffx', 'res_task-BiologicalMotion2_space-fsLR_dir-ffx', 'res_task-BreathHolding_space-fsLR_dir-ffx', 'res_task-Catell_space-fsLR_dir-ffx', 'res_task-Checkerboard_space-fsLR_dir-ffx', 'res_task-Color_space-fsLR_dir-ffx', 'res_task-ColumbiaCards_space-fsLR_dir-ffx', 'res_task-Discount_space-fsLR_dir-ffx', 'res_task-DotPatterns_space-fsLR_dir-ffx', 'res_task-EmoMem_space-fsLR_dir-ffx', 'res_task-EmoReco_space-fsLR_dir-ffx', 'res_task-EmotionalPain_space-fsLR_dir-ffx', 'res_task-Enumeration_space-fsLR_dir-ffx', 'res_task-FaceBody_space-fsLR_dir-ffx', 'res_task-FingerTap_space-fsLR_dir-ffx', 'res_task-HcpEmotion_space-fsLR_dir-ffx', 'res_task-HcpGambling_space-fsLR_dir-ffx', 'res_task-HcpLanguage_space-fsLR_dir-ffx', 'res_task-HcpMotor_space-fsLR_dir-ffx', 'res_task-HcpRelational_space-fsLR_dir-ffx', 'res_task-HcpSocial_space-fsLR_dir-ffx', 'res_task-HcpWm_space-fsLR_dir-ffx', 'res_task-ItemRecognition_space-fsLR_dir-ffx', 'res_task-Lec1_space-fsLR_dir-ffx', 'res_task-Lec2_space-fsLR_dir-ffx', 'res_task-MCSE_space-fsLR_dir-ffx', 'res_task-MTTNS_space-fsLR_dir-ffx', 'res_task-MTTWE_space-fsLR_dir-ffx', 'res_task-MVEB_space-fsLR_dir-ffx', 'res_task-MVIS_space-fsLR_dir-ffx', 'res_task-MathLanguage_space-fsLR_dir-ffx', 'res_task-Motion_space-fsLR_dir-ffx', 'res_task-Moto_space-fsLR_dir-ffx', 'res_task-NARPS_space-fsLR_dir-ffx', 'res_task-PainMovie_space-fsLR_dir-ffx', 'res_task-PreferenceFaces_space-fsLR_dir-ffx', 'res_task-PreferenceFood_space-fsLR_dir-ffx', 'res_task-PreferenceHouses_space-fsLR_dir-ffx', 'res_task-PreferencePaintings_space-fsLR_dir-ffx', 'res_task-RSVPLanguage_space-fsLR_dir-ffx', 'res_task-RewProc_space-fsLR_dir-ffx', 'res_task-Scene_space-fsLR_dir-ffx', 'res_task-SelectiveStopSignal_space-fsLR_dir-ffx', 'res_task-Self_space-fsLR_dir-ffx', 'res_task-SpatialNavigation_space-fsLR_dir-ffx', 'res_task-StopNogo_space-fsLR_dir-ffx', 'res_task-StopSignal_space-fsLR_dir-ffx', 'res_task-Stroop_space-fsLR_dir-ffx', 'res_task-TheoryOfMind_space-fsLR_dir-ffx', 'res_task-TwoByTwo_space-fsLR_dir-ffx', 'res_task-VSTMC_space-fsLR_dir-ffx', 'res_task-VSTM_space-fsLR_dir-ffx', 'res_task-Visu_space-fsLR_dir-ffx', 'res_task-VisualSearch_space-fsLR_dir-ffx', 'res_task-WardAndAllport_space-fsLR_dir-ffx', 'res_task-WedgeAnti_space-fsLR_dir-ffx', 'res_task-WedgeClock_space-fsLR_dir-ffx', 'ses-00', 'ses-01', 'ses-02', 'ses-03', 'ses-04', 'ses-10', 'ses-11', 'ses-12', 'ses-13', 'ses-16', 'ses-17', 'ses-18', 'ses-19', 'ses-21', 'ses-24', 'ses-25', 'ses-26', 'ses-29', 'ses-30', 'ses-34', 'ses-35', 'ses-36', 'ses-37', 'ses-38', 'ses-39', 'ses-40', 'ses-42']
  ✓ Loaded: HcpWm/2back-0back
  ✓ Loaded: ItemRecognition/encode5-encode1
  ✓ Loaded: Stroop/incongruent-congruent
  ✓ Loaded: Catell/hard-easy
  ✓ Loaded: MVEB/6_letters_different-2_letters_different
  ✓ Loaded: MVIS/6_dots-2_dots
  ✓ Loaded: Attention/double_incongruent-double_congruent
  ✓ Loaded: VisualSearch/probe_item_four-probe_item_two

Applied Workbench CIFTI smoothing to input contrasts (FWHM=4.0mm)

Combined 8 MD contrasts
Mean z-score: -0.001 ± 0.247
Max z-score: 1.500

Subject MD mean map range before threshold: min=-1.476, max=1.500
Threshold mode: top 10.0% of vertices
Percentile cutoff (90.0th): 0.260
Retained vertices: 9129 (10.0%)

✓ Saved mean MD map: /ptmp/hmueller2/2025_ibc_latent/outputs/md_system/vertex_wise/sub-14/sub-14_MD_mean.dscalar.nii
✓ Saved thresholded MD map: /ptmp/hmueller2/2025_ibc_latent/outputs/md_system/vertex_wise/sub-14/sub-14_MD_mean_thresh_top10pct_cutoff0.260.dscalar.nii
✓ Saved std MD map: /ptmp/hmueller2/2025_ibc_latent/outputs/md_system/vertex_wise/sub-14/sub-14_MD_std.dscalar.nii
✓ Saved contrast info: /ptmp/hmueller2/2025_ibc_latent/outputs/md_system/vertex_wise/sub-14/sub-14_MD_contrasts.txt

============================================================
Processing subject 15
============================================================
  Looking for contrasts in: /ptmp/hmueller2/2025_ibc_latent/outputs/glm/contrast_maps_fsLR/sub-15
  Subject directory contents (89 items): ['res_task-ArchiEmotional_space-fsLR_dir-ffx', 'res_task-ArchiSocial_space-fsLR_dir-ffx', 'res_task-ArchiSpatial_space-fsLR_dir-ffx', 'res_task-ArchiStandard_space-fsLR_dir-ffx', 'res_task-Attention_space-fsLR_dir-ffx', 'res_task-Audi_space-fsLR_dir-ffx', 'res_task-BiologicalMotion1_space-fsLR_dir-ffx', 'res_task-BiologicalMotion2_space-fsLR_dir-ffx', 'res_task-BreathHolding_space-fsLR_dir-ffx', 'res_task-Catell_space-fsLR_dir-ffx', 'res_task-Checkerboard_space-fsLR_dir-ffx', 'res_task-Color_space-fsLR_dir-ffx', 'res_task-Discount_space-fsLR_dir-ffx', 'res_task-DotPatterns_space-fsLR_dir-ffx', 'res_task-EmoMem_space-fsLR_dir-ffx', 'res_task-EmoReco_space-fsLR_dir-ffx', 'res_task-EmotionalPain_space-fsLR_dir-ffx', 'res_task-Enumeration_space-fsLR_dir-ffx', 'res_task-FaceBody_space-fsLR_dir-ffx', 'res_task-FingerTap_space-fsLR_dir-ffx', 'res_task-HcpEmotion_space-fsLR_dir-ffx', 'res_task-HcpGambling_space-fsLR_dir-ffx', 'res_task-HcpLanguage_space-fsLR_dir-ffx', 'res_task-HcpMotor_space-fsLR_dir-ffx', 'res_task-HcpRelational_space-fsLR_dir-ffx', 'res_task-HcpSocial_space-fsLR_dir-ffx', 'res_task-HcpWm_space-fsLR_dir-ffx', 'res_task-ItemRecognition_space-fsLR_dir-ffx', 'res_task-Lec1_space-fsLR_dir-ffx', 'res_task-Lec2_space-fsLR_dir-ffx', 'res_task-MCSE_space-fsLR_dir-ffx', 'res_task-MTTNS_space-fsLR_dir-ffx', 'res_task-MTTWE_space-fsLR_dir-ffx', 'res_task-MVEB_space-fsLR_dir-ffx', 'res_task-MVIS_space-fsLR_dir-ffx', 'res_task-MathLanguage_space-fsLR_dir-ffx', 'res_task-Motion_space-fsLR_dir-ffx', 'res_task-Moto_space-fsLR_dir-ffx', 'res_task-NARPS_space-fsLR_dir-ffx', 'res_task-PainMovie_space-fsLR_dir-ffx', 'res_task-PreferenceFaces_space-fsLR_dir-ffx', 'res_task-PreferenceFood_space-fsLR_dir-ffx', 'res_task-PreferenceHouses_space-fsLR_dir-ffx', 'res_task-PreferencePaintings_space-fsLR_dir-ffx', 'res_task-RSVPLanguage_space-fsLR_dir-ffx', 'res_task-RewProc_space-fsLR_dir-ffx', 'res_task-Scene_space-fsLR_dir-ffx', 'res_task-SelectiveStopSignal_space-fsLR_dir-ffx', 'res_task-Self_space-fsLR_dir-ffx', 'res_task-SpatialNavigation_space-fsLR_dir-ffx', 'res_task-StopNogo_space-fsLR_dir-ffx', 'res_task-StopSignal_space-fsLR_dir-ffx', 'res_task-Stroop_space-fsLR_dir-ffx', 'res_task-TheoryOfMind_space-fsLR_dir-ffx', 'res_task-TwoByTwo_space-fsLR_dir-ffx', 'res_task-VSTMC_space-fsLR_dir-ffx', 'res_task-VSTM_space-fsLR_dir-ffx', 'res_task-Visu_space-fsLR_dir-ffx', 'res_task-VisualSearch_space-fsLR_dir-ffx', 'res_task-WardAndAllport_space-fsLR_dir-ffx', 'res_task-WedgeAnti_space-fsLR_dir-ffx', 'res_task-WedgeClock_space-fsLR_dir-ffx', 'ses-00', 'ses-01', 'ses-02', 'ses-03', 'ses-04', 'ses-05', 'ses-06', 'ses-10', 'ses-11', 'ses-14', 'ses-15', 'ses-19', 'ses-20', 'ses-21', 'ses-24', 'ses-25', 'ses-26', 'ses-29', 'ses-30', 'ses-31', 'ses-35', 'ses-36', 'ses-37', 'ses-38', 'ses-39', 'ses-40', 'ses-42']
  ✓ Loaded: HcpWm/2back-0back
  ✓ Loaded: ItemRecognition/encode5-encode1
  ✓ Loaded: Stroop/incongruent-congruent
  ✓ Loaded: Catell/hard-easy
  ✓ Loaded: MVEB/6_letters_different-2_letters_different
  ✓ Loaded: MVIS/6_dots-2_dots
  ✓ Loaded: Attention/double_incongruent-double_congruent
  ✓ Loaded: VisualSearch/probe_item_four-probe_item_two

Applied Workbench CIFTI smoothing to input contrasts (FWHM=4.0mm)

Combined 8 MD contrasts
Mean z-score: 0.001 ± 0.246
Max z-score: 1.454

Subject MD mean map range before threshold: min=-1.466, max=1.454
Threshold mode: top 10.0% of vertices
Percentile cutoff (90.0th): 0.263
Retained vertices: 9129 (10.0%)

✓ Saved mean MD map: /ptmp/hmueller2/2025_ibc_latent/outputs/md_system/vertex_wise/sub-15/sub-15_MD_mean.dscalar.nii
✓ Saved thresholded MD map: /ptmp/hmueller2/2025_ibc_latent/outputs/md_system/vertex_wise/sub-15/sub-15_MD_mean_thresh_top10pct_cutoff0.263.dscalar.nii
✓ Saved std MD map: /ptmp/hmueller2/2025_ibc_latent/outputs/md_system/vertex_wise/sub-15/sub-15_MD_std.dscalar.nii
✓ Saved contrast info: /ptmp/hmueller2/2025_ibc_latent/outputs/md_system/vertex_wise/sub-15/sub-15_MD_contrasts.txt

============================================================
Computing Group-Level MD Map
============================================================
  Looking for contrasts in: /ptmp/hmueller2/2025_ibc_latent/outputs/glm/contrast_maps_fsLR/sub-04
  Subject directory contents (92 items): ['.DS_Store', '._.DS_Store', 'res_task-ArchiEmotional_space-fsLR_dir-ffx', 'res_task-ArchiSocial_space-fsLR_dir-ffx', 'res_task-ArchiSpatial_space-fsLR_dir-ffx', 'res_task-ArchiStandard_space-fsLR_dir-ffx', 'res_task-Attention_space-fsLR_dir-ffx', 'res_task-Audi_space-fsLR_dir-ffx', 'res_task-BiologicalMotion1_space-fsLR_dir-ffx', 'res_task-BiologicalMotion2_space-fsLR_dir-ffx', 'res_task-BreathHolding_space-fsLR_dir-ffx', 'res_task-Catell_space-fsLR_dir-ffx', 'res_task-Checkerboard_space-fsLR_dir-ffx', 'res_task-Color_space-fsLR_dir-ffx', 'res_task-ColumbiaCards_space-fsLR_dir-ffx', 'res_task-Discount_space-fsLR_dir-ffx', 'res_task-DotPatterns_space-fsLR_dir-ffx', 'res_task-EmoMem_space-fsLR_dir-ffx', 'res_task-EmoReco_space-fsLR_dir-ffx', 'res_task-EmotionalPain_space-fsLR_dir-ffx', 'res_task-Enumeration_space-fsLR_dir-ffx', 'res_task-FaceBody_space-fsLR_dir-ffx', 'res_task-FingerTap_space-fsLR_dir-ffx', 'res_task-HcpEmotion_space-fsLR_dir-ffx', 'res_task-HcpGambling_space-fsLR_dir-ffx', 'res_task-HcpLanguage_space-fsLR_dir-ffx', 'res_task-HcpMotor_space-fsLR_dir-ffx', 'res_task-HcpRelational_space-fsLR_dir-ffx', 'res_task-HcpSocial_space-fsLR_dir-ffx', 'res_task-HcpWm_space-fsLR_dir-ffx', 'res_task-ItemRecognition_space-fsLR_dir-ffx', 'res_task-Lec1_space-fsLR_dir-ffx', 'res_task-Lec2_space-fsLR_dir-ffx', 'res_task-MCSE_space-fsLR_dir-ffx', 'res_task-MTTNS_space-fsLR_dir-ffx', 'res_task-MTTWE_space-fsLR_dir-ffx', 'res_task-MVEB_space-fsLR_dir-ffx', 'res_task-MVIS_space-fsLR_dir-ffx', 'res_task-MathLanguage_space-fsLR_dir-ffx', 'res_task-Motion_space-fsLR_dir-ffx', 'res_task-Moto_space-fsLR_dir-ffx', 'res_task-NARPS_space-fsLR_dir-ffx', 'res_task-PainMovie_space-fsLR_dir-ffx', 'res_task-PreferenceFaces_space-fsLR_dir-ffx', 'res_task-PreferenceFood_space-fsLR_dir-ffx', 'res_task-PreferenceHouses_space-fsLR_dir-ffx', 'res_task-PreferencePaintings_space-fsLR_dir-ffx', 'res_task-RSVPLanguage_space-fsLR_dir-ffx', 'res_task-RewProc_space-fsLR_dir-ffx', 'res_task-Scene_space-fsLR_dir-ffx', 'res_task-SelectiveStopSignal_space-fsLR_dir-ffx', 'res_task-Self_space-fsLR_dir-ffx', 'res_task-SpatialNavigation_space-fsLR_dir-ffx', 'res_task-StopNogo_space-fsLR_dir-ffx', 'res_task-StopSignal_space-fsLR_dir-ffx', 'res_task-Stroop_space-fsLR_dir-ffx', 'res_task-TheoryOfMind_space-fsLR_dir-ffx', 'res_task-TwoByTwo_space-fsLR_dir-ffx', 'res_task-VSTMC_space-fsLR_dir-ffx', 'res_task-VSTM_space-fsLR_dir-ffx', 'res_task-Visu_space-fsLR_dir-ffx', 'res_task-VisualSearch_space-fsLR_dir-ffx', 'res_task-WardAndAllport_space-fsLR_dir-ffx', 'res_task-WedgeAnti_space-fsLR_dir-ffx', 'res_task-WedgeClock_space-fsLR_dir-ffx', 'ses-00', 'ses-01', 'ses-02', 'ses-03', 'ses-04', 'ses-09', 'ses-11', 'ses-12', 'ses-15', 'ses-16', 'ses-17', 'ses-18', 'ses-19', 'ses-21', 'ses-24', 'ses-25', 'ses-26', 'ses-29', 'ses-30', 'ses-31', 'ses-35', 'ses-36', 'ses-37', 'ses-38', 'ses-39', 'ses-40', 'ses-42']

============================================================
Processing subject 04
============================================================
  Looking for contrasts in: /ptmp/hmueller2/2025_ibc_latent/outputs/glm/contrast_maps_fsLR/sub-04
  Subject directory contents (92 items): ['.DS_Store', '._.DS_Store', 'res_task-ArchiEmotional_space-fsLR_dir-ffx', 'res_task-ArchiSocial_space-fsLR_dir-ffx', 'res_task-ArchiSpatial_space-fsLR_dir-ffx', 'res_task-ArchiStandard_space-fsLR_dir-ffx', 'res_task-Attention_space-fsLR_dir-ffx', 'res_task-Audi_space-fsLR_dir-ffx', 'res_task-BiologicalMotion1_space-fsLR_dir-ffx', 'res_task-BiologicalMotion2_space-fsLR_dir-ffx', 'res_task-BreathHolding_space-fsLR_dir-ffx', 'res_task-Catell_space-fsLR_dir-ffx', 'res_task-Checkerboard_space-fsLR_dir-ffx', 'res_task-Color_space-fsLR_dir-ffx', 'res_task-ColumbiaCards_space-fsLR_dir-ffx', 'res_task-Discount_space-fsLR_dir-ffx', 'res_task-DotPatterns_space-fsLR_dir-ffx', 'res_task-EmoMem_space-fsLR_dir-ffx', 'res_task-EmoReco_space-fsLR_dir-ffx', 'res_task-EmotionalPain_space-fsLR_dir-ffx', 'res_task-Enumeration_space-fsLR_dir-ffx', 'res_task-FaceBody_space-fsLR_dir-ffx', 'res_task-FingerTap_space-fsLR_dir-ffx', 'res_task-HcpEmotion_space-fsLR_dir-ffx', 'res_task-HcpGambling_space-fsLR_dir-ffx', 'res_task-HcpLanguage_space-fsLR_dir-ffx', 'res_task-HcpMotor_space-fsLR_dir-ffx', 'res_task-HcpRelational_space-fsLR_dir-ffx', 'res_task-HcpSocial_space-fsLR_dir-ffx', 'res_task-HcpWm_space-fsLR_dir-ffx', 'res_task-ItemRecognition_space-fsLR_dir-ffx', 'res_task-Lec1_space-fsLR_dir-ffx', 'res_task-Lec2_space-fsLR_dir-ffx', 'res_task-MCSE_space-fsLR_dir-ffx', 'res_task-MTTNS_space-fsLR_dir-ffx', 'res_task-MTTWE_space-fsLR_dir-ffx', 'res_task-MVEB_space-fsLR_dir-ffx', 'res_task-MVIS_space-fsLR_dir-ffx', 'res_task-MathLanguage_space-fsLR_dir-ffx', 'res_task-Motion_space-fsLR_dir-ffx', 'res_task-Moto_space-fsLR_dir-ffx', 'res_task-NARPS_space-fsLR_dir-ffx', 'res_task-PainMovie_space-fsLR_dir-ffx', 'res_task-PreferenceFaces_space-fsLR_dir-ffx', 'res_task-PreferenceFood_space-fsLR_dir-ffx', 'res_task-PreferenceHouses_space-fsLR_dir-ffx', 'res_task-PreferencePaintings_space-fsLR_dir-ffx', 'res_task-RSVPLanguage_space-fsLR_dir-ffx', 'res_task-RewProc_space-fsLR_dir-ffx', 'res_task-Scene_space-fsLR_dir-ffx', 'res_task-SelectiveStopSignal_space-fsLR_dir-ffx', 'res_task-Self_space-fsLR_dir-ffx', 'res_task-SpatialNavigation_space-fsLR_dir-ffx', 'res_task-StopNogo_space-fsLR_dir-ffx', 'res_task-StopSignal_space-fsLR_dir-ffx', 'res_task-Stroop_space-fsLR_dir-ffx', 'res_task-TheoryOfMind_space-fsLR_dir-ffx', 'res_task-TwoByTwo_space-fsLR_dir-ffx', 'res_task-VSTMC_space-fsLR_dir-ffx', 'res_task-VSTM_space-fsLR_dir-ffx', 'res_task-Visu_space-fsLR_dir-ffx', 'res_task-VisualSearch_space-fsLR_dir-ffx', 'res_task-WardAndAllport_space-fsLR_dir-ffx', 'res_task-WedgeAnti_space-fsLR_dir-ffx', 'res_task-WedgeClock_space-fsLR_dir-ffx', 'ses-00', 'ses-01', 'ses-02', 'ses-03', 'ses-04', 'ses-09', 'ses-11', 'ses-12', 'ses-15', 'ses-16', 'ses-17', 'ses-18', 'ses-19', 'ses-21', 'ses-24', 'ses-25', 'ses-26', 'ses-29', 'ses-30', 'ses-31', 'ses-35', 'ses-36', 'ses-37', 'ses-38', 'ses-39', 'ses-40', 'ses-42']
  ✓ Loaded: HcpWm/2back-0back
  ✓ Loaded: ItemRecognition/encode5-encode1
  ✓ Loaded: Stroop/incongruent-congruent
  ✓ Loaded: Catell/hard-easy
  ✓ Loaded: MVEB/6_letters_different-2_letters_different
  ✓ Loaded: MVIS/6_dots-2_dots
  ✓ Loaded: Attention/double_incongruent-double_congruent
  ✓ Loaded: VisualSearch/probe_item_four-probe_item_two

Applied Workbench CIFTI smoothing to input contrasts (FWHM=4.0mm)

Combined 8 MD contrasts
Mean z-score: 0.004 ± 0.261
Max z-score: 1.578

✓ Saved mean MD map: /ptmp/hmueller2/2025_ibc_latent/outputs/md_system/vertex_wise/sub-04/sub-04_MD_mean.dscalar.nii
✓ Saved std MD map: /ptmp/hmueller2/2025_ibc_latent/outputs/md_system/vertex_wise/sub-04/sub-04_MD_std.dscalar.nii
✓ Saved contrast info: /ptmp/hmueller2/2025_ibc_latent/outputs/md_system/vertex_wise/sub-04/sub-04_MD_contrasts.txt
  Looking for contrasts in: /ptmp/hmueller2/2025_ibc_latent/outputs/glm/contrast_maps_fsLR/sub-06
  Subject directory contents (90 items): ['res_task-ArchiEmotional_space-fsLR_dir-ffx', 'res_task-ArchiSocial_space-fsLR_dir-ffx', 'res_task-ArchiSpatial_space-fsLR_dir-ffx', 'res_task-ArchiStandard_space-fsLR_dir-ffx', 'res_task-Attention_space-fsLR_dir-ffx', 'res_task-Audi_space-fsLR_dir-ffx', 'res_task-BiologicalMotion1_space-fsLR_dir-ffx', 'res_task-BiologicalMotion2_space-fsLR_dir-ffx', 'res_task-BreathHolding_space-fsLR_dir-ffx', 'res_task-Catell_space-fsLR_dir-ffx', 'res_task-Checkerboard_space-fsLR_dir-ffx', 'res_task-Color_space-fsLR_dir-ffx', 'res_task-ColumbiaCards_space-fsLR_dir-ffx', 'res_task-Discount_space-fsLR_dir-ffx', 'res_task-DotPatterns_space-fsLR_dir-ffx', 'res_task-EmoMem_space-fsLR_dir-ffx', 'res_task-EmoReco_space-fsLR_dir-ffx', 'res_task-EmotionalPain_space-fsLR_dir-ffx', 'res_task-Enumeration_space-fsLR_dir-ffx', 'res_task-FaceBody_space-fsLR_dir-ffx', 'res_task-FingerTap_space-fsLR_dir-ffx', 'res_task-HcpEmotion_space-fsLR_dir-ffx', 'res_task-HcpGambling_space-fsLR_dir-ffx', 'res_task-HcpLanguage_space-fsLR_dir-ffx', 'res_task-HcpMotor_space-fsLR_dir-ffx', 'res_task-HcpRelational_space-fsLR_dir-ffx', 'res_task-HcpSocial_space-fsLR_dir-ffx', 'res_task-HcpWm_space-fsLR_dir-ffx', 'res_task-ItemRecognition_space-fsLR_dir-ffx', 'res_task-Lec1_space-fsLR_dir-ffx', 'res_task-Lec2_space-fsLR_dir-ffx', 'res_task-MCSE_space-fsLR_dir-ffx', 'res_task-MTTNS_space-fsLR_dir-ffx', 'res_task-MTTWE_space-fsLR_dir-ffx', 'res_task-MVEB_space-fsLR_dir-ffx', 'res_task-MVIS_space-fsLR_dir-ffx', 'res_task-MathLanguage_space-fsLR_dir-ffx', 'res_task-Motion_space-fsLR_dir-ffx', 'res_task-Moto_space-fsLR_dir-ffx', 'res_task-NARPS_space-fsLR_dir-ffx', 'res_task-PainMovie_space-fsLR_dir-ffx', 'res_task-PreferenceFaces_space-fsLR_dir-ffx', 'res_task-PreferenceFood_space-fsLR_dir-ffx', 'res_task-PreferenceHouses_space-fsLR_dir-ffx', 'res_task-PreferencePaintings_space-fsLR_dir-ffx', 'res_task-RSVPLanguage_space-fsLR_dir-ffx', 'res_task-RewProc_space-fsLR_dir-ffx', 'res_task-Scene_space-fsLR_dir-ffx', 'res_task-SelectiveStopSignal_space-fsLR_dir-ffx', 'res_task-Self_space-fsLR_dir-ffx', 'res_task-SpatialNavigation_space-fsLR_dir-ffx', 'res_task-StopNogo_space-fsLR_dir-ffx', 'res_task-StopSignal_space-fsLR_dir-ffx', 'res_task-Stroop_space-fsLR_dir-ffx', 'res_task-TheoryOfMind_space-fsLR_dir-ffx', 'res_task-TwoByTwo_space-fsLR_dir-ffx', 'res_task-VSTMC_space-fsLR_dir-ffx', 'res_task-VSTM_space-fsLR_dir-ffx', 'res_task-Visu_space-fsLR_dir-ffx', 'res_task-VisualSearch_space-fsLR_dir-ffx', 'res_task-WardAndAllport_space-fsLR_dir-ffx', 'res_task-WedgeAnti_space-fsLR_dir-ffx', 'res_task-WedgeClock_space-fsLR_dir-ffx', 'ses-00', 'ses-01', 'ses-02', 'ses-03', 'ses-04', 'ses-08', 'ses-11', 'ses-12', 'ses-15', 'ses-16', 'ses-17', 'ses-18', 'ses-19', 'ses-21', 'ses-24', 'ses-25', 'ses-26', 'ses-29', 'ses-30', 'ses-31', 'ses-35', 'ses-36', 'ses-37', 'ses-38', 'ses-39', 'ses-40', 'ses-42']

============================================================
Processing subject 06
============================================================
  Looking for contrasts in: /ptmp/hmueller2/2025_ibc_latent/outputs/glm/contrast_maps_fsLR/sub-06
  Subject directory contents (90 items): ['res_task-ArchiEmotional_space-fsLR_dir-ffx', 'res_task-ArchiSocial_space-fsLR_dir-ffx', 'res_task-ArchiSpatial_space-fsLR_dir-ffx', 'res_task-ArchiStandard_space-fsLR_dir-ffx', 'res_task-Attention_space-fsLR_dir-ffx', 'res_task-Audi_space-fsLR_dir-ffx', 'res_task-BiologicalMotion1_space-fsLR_dir-ffx', 'res_task-BiologicalMotion2_space-fsLR_dir-ffx', 'res_task-BreathHolding_space-fsLR_dir-ffx', 'res_task-Catell_space-fsLR_dir-ffx', 'res_task-Checkerboard_space-fsLR_dir-ffx', 'res_task-Color_space-fsLR_dir-ffx', 'res_task-ColumbiaCards_space-fsLR_dir-ffx', 'res_task-Discount_space-fsLR_dir-ffx', 'res_task-DotPatterns_space-fsLR_dir-ffx', 'res_task-EmoMem_space-fsLR_dir-ffx', 'res_task-EmoReco_space-fsLR_dir-ffx', 'res_task-EmotionalPain_space-fsLR_dir-ffx', 'res_task-Enumeration_space-fsLR_dir-ffx', 'res_task-FaceBody_space-fsLR_dir-ffx', 'res_task-FingerTap_space-fsLR_dir-ffx', 'res_task-HcpEmotion_space-fsLR_dir-ffx', 'res_task-HcpGambling_space-fsLR_dir-ffx', 'res_task-HcpLanguage_space-fsLR_dir-ffx', 'res_task-HcpMotor_space-fsLR_dir-ffx', 'res_task-HcpRelational_space-fsLR_dir-ffx', 'res_task-HcpSocial_space-fsLR_dir-ffx', 'res_task-HcpWm_space-fsLR_dir-ffx', 'res_task-ItemRecognition_space-fsLR_dir-ffx', 'res_task-Lec1_space-fsLR_dir-ffx', 'res_task-Lec2_space-fsLR_dir-ffx', 'res_task-MCSE_space-fsLR_dir-ffx', 'res_task-MTTNS_space-fsLR_dir-ffx', 'res_task-MTTWE_space-fsLR_dir-ffx', 'res_task-MVEB_space-fsLR_dir-ffx', 'res_task-MVIS_space-fsLR_dir-ffx', 'res_task-MathLanguage_space-fsLR_dir-ffx', 'res_task-Motion_space-fsLR_dir-ffx', 'res_task-Moto_space-fsLR_dir-ffx', 'res_task-NARPS_space-fsLR_dir-ffx', 'res_task-PainMovie_space-fsLR_dir-ffx', 'res_task-PreferenceFaces_space-fsLR_dir-ffx', 'res_task-PreferenceFood_space-fsLR_dir-ffx', 'res_task-PreferenceHouses_space-fsLR_dir-ffx', 'res_task-PreferencePaintings_space-fsLR_dir-ffx', 'res_task-RSVPLanguage_space-fsLR_dir-ffx', 'res_task-RewProc_space-fsLR_dir-ffx', 'res_task-Scene_space-fsLR_dir-ffx', 'res_task-SelectiveStopSignal_space-fsLR_dir-ffx', 'res_task-Self_space-fsLR_dir-ffx', 'res_task-SpatialNavigation_space-fsLR_dir-ffx', 'res_task-StopNogo_space-fsLR_dir-ffx', 'res_task-StopSignal_space-fsLR_dir-ffx', 'res_task-Stroop_space-fsLR_dir-ffx', 'res_task-TheoryOfMind_space-fsLR_dir-ffx', 'res_task-TwoByTwo_space-fsLR_dir-ffx', 'res_task-VSTMC_space-fsLR_dir-ffx', 'res_task-VSTM_space-fsLR_dir-ffx', 'res_task-Visu_space-fsLR_dir-ffx', 'res_task-VisualSearch_space-fsLR_dir-ffx', 'res_task-WardAndAllport_space-fsLR_dir-ffx', 'res_task-WedgeAnti_space-fsLR_dir-ffx', 'res_task-WedgeClock_space-fsLR_dir-ffx', 'ses-00', 'ses-01', 'ses-02', 'ses-03', 'ses-04', 'ses-08', 'ses-11', 'ses-12', 'ses-15', 'ses-16', 'ses-17', 'ses-18', 'ses-19', 'ses-21', 'ses-24', 'ses-25', 'ses-26', 'ses-29', 'ses-30', 'ses-31', 'ses-35', 'ses-36', 'ses-37', 'ses-38', 'ses-39', 'ses-40', 'ses-42']
  ✓ Loaded: HcpWm/2back-0back
  ✓ Loaded: ItemRecognition/encode5-encode1
  ✓ Loaded: Stroop/incongruent-congruent
  ✓ Loaded: Catell/hard-easy
  ✓ Loaded: MVEB/6_letters_different-2_letters_different
  ✓ Loaded: MVIS/6_dots-2_dots
  ✓ Loaded: Attention/double_incongruent-double_congruent
  ✓ Loaded: VisualSearch/probe_item_four-probe_item_two

Applied Workbench CIFTI smoothing to input contrasts (FWHM=4.0mm)

Combined 8 MD contrasts
Mean z-score: -0.003 ± 0.280
Max z-score: 1.811

✓ Saved mean MD map: /ptmp/hmueller2/2025_ibc_latent/outputs/md_system/vertex_wise/sub-06/sub-06_MD_mean.dscalar.nii
✓ Saved std MD map: /ptmp/hmueller2/2025_ibc_latent/outputs/md_system/vertex_wise/sub-06/sub-06_MD_std.dscalar.nii
✓ Saved contrast info: /ptmp/hmueller2/2025_ibc_latent/outputs/md_system/vertex_wise/sub-06/sub-06_MD_contrasts.txt
  Looking for contrasts in: /ptmp/hmueller2/2025_ibc_latent/outputs/glm/contrast_maps_fsLR/sub-07
  Subject directory contents (79 items): ['res_task-ArchiEmotional_space-fsLR_dir-ffx', 'res_task-ArchiSocial_space-fsLR_dir-ffx', 'res_task-ArchiSpatial_space-fsLR_dir-ffx', 'res_task-ArchiStandard_space-fsLR_dir-ffx', 'res_task-Attention_space-fsLR_dir-ffx', 'res_task-Audi_space-fsLR_dir-ffx', 'res_task-BiologicalMotion1_space-fsLR_dir-ffx', 'res_task-BiologicalMotion2_space-fsLR_dir-ffx', 'res_task-BreathHolding_space-fsLR_dir-ffx', 'res_task-Catell_space-fsLR_dir-ffx', 'res_task-Checkerboard_space-fsLR_dir-ffx', 'res_task-ColumbiaCards_space-fsLR_dir-ffx', 'res_task-Discount_space-fsLR_dir-ffx', 'res_task-DotPatterns_space-fsLR_dir-ffx', 'res_task-EmoMem_space-fsLR_dir-ffx', 'res_task-EmoReco_space-fsLR_dir-ffx', 'res_task-EmotionalPain_space-fsLR_dir-ffx', 'res_task-Enumeration_space-fsLR_dir-ffx', 'res_task-FingerTap_space-fsLR_dir-ffx', 'res_task-HcpEmotion_space-fsLR_dir-ffx', 'res_task-HcpGambling_space-fsLR_dir-ffx', 'res_task-HcpLanguage_space-fsLR_dir-ffx', 'res_task-HcpMotor_space-fsLR_dir-ffx', 'res_task-HcpRelational_space-fsLR_dir-ffx', 'res_task-HcpSocial_space-fsLR_dir-ffx', 'res_task-HcpWm_space-fsLR_dir-ffx', 'res_task-ItemRecognition_space-fsLR_dir-ffx', 'res_task-Lec1_space-fsLR_dir-ffx', 'res_task-Lec2_space-fsLR_dir-ffx', 'res_task-MCSE_space-fsLR_dir-ffx', 'res_task-MTTNS_space-fsLR_dir-ffx', 'res_task-MTTWE_space-fsLR_dir-ffx', 'res_task-MVEB_space-fsLR_dir-ffx', 'res_task-MVIS_space-fsLR_dir-ffx', 'res_task-MathLanguage_space-fsLR_dir-ffx', 'res_task-Moto_space-fsLR_dir-ffx', 'res_task-PainMovie_space-fsLR_dir-ffx', 'res_task-PreferenceFaces_space-fsLR_dir-ffx', 'res_task-PreferenceFood_space-fsLR_dir-ffx', 'res_task-PreferenceHouses_space-fsLR_dir-ffx', 'res_task-PreferencePaintings_space-fsLR_dir-ffx', 'res_task-RSVPLanguage_space-fsLR_dir-ffx', 'res_task-SelectiveStopSignal_space-fsLR_dir-ffx', 'res_task-Self_space-fsLR_dir-ffx', 'res_task-SpatialNavigation_space-fsLR_dir-ffx', 'res_task-StopNogo_space-fsLR_dir-ffx', 'res_task-StopSignal_space-fsLR_dir-ffx', 'res_task-Stroop_space-fsLR_dir-ffx', 'res_task-TheoryOfMind_space-fsLR_dir-ffx', 'res_task-TwoByTwo_space-fsLR_dir-ffx', 'res_task-VSTMC_space-fsLR_dir-ffx', 'res_task-VSTM_space-fsLR_dir-ffx', 'res_task-Visu_space-fsLR_dir-ffx', 'res_task-WardAndAllport_space-fsLR_dir-ffx', 'res_task-WedgeAnti_space-fsLR_dir-ffx', 'res_task-WedgeClock_space-fsLR_dir-ffx', 'ses-00', 'ses-01', 'ses-02', 'ses-03', 'ses-04', 'ses-08', 'ses-11', 'ses-12', 'ses-15', 'ses-16', 'ses-17', 'ses-18', 'ses-19', 'ses-23', 'ses-24', 'ses-25', 'ses-26', 'ses-29', 'ses-30', 'ses-31', 'ses-35', 'ses-36', 'ses-37']

============================================================
Processing subject 07
============================================================
  Looking for contrasts in: /ptmp/hmueller2/2025_ibc_latent/outputs/glm/contrast_maps_fsLR/sub-07
  Subject directory contents (79 items): ['res_task-ArchiEmotional_space-fsLR_dir-ffx', 'res_task-ArchiSocial_space-fsLR_dir-ffx', 'res_task-ArchiSpatial_space-fsLR_dir-ffx', 'res_task-ArchiStandard_space-fsLR_dir-ffx', 'res_task-Attention_space-fsLR_dir-ffx', 'res_task-Audi_space-fsLR_dir-ffx', 'res_task-BiologicalMotion1_space-fsLR_dir-ffx', 'res_task-BiologicalMotion2_space-fsLR_dir-ffx', 'res_task-BreathHolding_space-fsLR_dir-ffx', 'res_task-Catell_space-fsLR_dir-ffx', 'res_task-Checkerboard_space-fsLR_dir-ffx', 'res_task-ColumbiaCards_space-fsLR_dir-ffx', 'res_task-Discount_space-fsLR_dir-ffx', 'res_task-DotPatterns_space-fsLR_dir-ffx', 'res_task-EmoMem_space-fsLR_dir-ffx', 'res_task-EmoReco_space-fsLR_dir-ffx', 'res_task-EmotionalPain_space-fsLR_dir-ffx', 'res_task-Enumeration_space-fsLR_dir-ffx', 'res_task-FingerTap_space-fsLR_dir-ffx', 'res_task-HcpEmotion_space-fsLR_dir-ffx', 'res_task-HcpGambling_space-fsLR_dir-ffx', 'res_task-HcpLanguage_space-fsLR_dir-ffx', 'res_task-HcpMotor_space-fsLR_dir-ffx', 'res_task-HcpRelational_space-fsLR_dir-ffx', 'res_task-HcpSocial_space-fsLR_dir-ffx', 'res_task-HcpWm_space-fsLR_dir-ffx', 'res_task-ItemRecognition_space-fsLR_dir-ffx', 'res_task-Lec1_space-fsLR_dir-ffx', 'res_task-Lec2_space-fsLR_dir-ffx', 'res_task-MCSE_space-fsLR_dir-ffx', 'res_task-MTTNS_space-fsLR_dir-ffx', 'res_task-MTTWE_space-fsLR_dir-ffx', 'res_task-MVEB_space-fsLR_dir-ffx', 'res_task-MVIS_space-fsLR_dir-ffx', 'res_task-MathLanguage_space-fsLR_dir-ffx', 'res_task-Moto_space-fsLR_dir-ffx', 'res_task-PainMovie_space-fsLR_dir-ffx', 'res_task-PreferenceFaces_space-fsLR_dir-ffx', 'res_task-PreferenceFood_space-fsLR_dir-ffx', 'res_task-PreferenceHouses_space-fsLR_dir-ffx', 'res_task-PreferencePaintings_space-fsLR_dir-ffx', 'res_task-RSVPLanguage_space-fsLR_dir-ffx', 'res_task-SelectiveStopSignal_space-fsLR_dir-ffx', 'res_task-Self_space-fsLR_dir-ffx', 'res_task-SpatialNavigation_space-fsLR_dir-ffx', 'res_task-StopNogo_space-fsLR_dir-ffx', 'res_task-StopSignal_space-fsLR_dir-ffx', 'res_task-Stroop_space-fsLR_dir-ffx', 'res_task-TheoryOfMind_space-fsLR_dir-ffx', 'res_task-TwoByTwo_space-fsLR_dir-ffx', 'res_task-VSTMC_space-fsLR_dir-ffx', 'res_task-VSTM_space-fsLR_dir-ffx', 'res_task-Visu_space-fsLR_dir-ffx', 'res_task-WardAndAllport_space-fsLR_dir-ffx', 'res_task-WedgeAnti_space-fsLR_dir-ffx', 'res_task-WedgeClock_space-fsLR_dir-ffx', 'ses-00', 'ses-01', 'ses-02', 'ses-03', 'ses-04', 'ses-08', 'ses-11', 'ses-12', 'ses-15', 'ses-16', 'ses-17', 'ses-18', 'ses-19', 'ses-23', 'ses-24', 'ses-25', 'ses-26', 'ses-29', 'ses-30', 'ses-31', 'ses-35', 'ses-36', 'ses-37']
  ✓ Loaded: HcpWm/2back-0back
  ✓ Loaded: ItemRecognition/encode5-encode1
  ✓ Loaded: Stroop/incongruent-congruent
  ✓ Loaded: Catell/hard-easy
  ✓ Loaded: MVEB/6_letters_different-2_letters_different
  ✓ Loaded: MVIS/6_dots-2_dots
  ✓ Loaded: Attention/double_incongruent-double_congruent
  - Not available: VisualSearch/probe_item_four-probe_item_two

Applied Workbench CIFTI smoothing to input contrasts (FWHM=4.0mm)

Combined 7 MD contrasts
Mean z-score: 0.003 ± 0.260
Max z-score: 1.803

✓ Saved mean MD map: /ptmp/hmueller2/2025_ibc_latent/outputs/md_system/vertex_wise/sub-07/sub-07_MD_mean.dscalar.nii
✓ Saved std MD map: /ptmp/hmueller2/2025_ibc_latent/outputs/md_system/vertex_wise/sub-07/sub-07_MD_std.dscalar.nii
✓ Saved contrast info: /ptmp/hmueller2/2025_ibc_latent/outputs/md_system/vertex_wise/sub-07/sub-07_MD_contrasts.txt
  Looking for contrasts in: /ptmp/hmueller2/2025_ibc_latent/outputs/glm/contrast_maps_fsLR/sub-09
  Subject directory contents (90 items): ['res_task-ArchiEmotional_space-fsLR_dir-ffx', 'res_task-ArchiSocial_space-fsLR_dir-ffx', 'res_task-ArchiSpatial_space-fsLR_dir-ffx', 'res_task-ArchiStandard_space-fsLR_dir-ffx', 'res_task-Attention_space-fsLR_dir-ffx', 'res_task-Audi_space-fsLR_dir-ffx', 'res_task-BiologicalMotion1_space-fsLR_dir-ffx', 'res_task-BiologicalMotion2_space-fsLR_dir-ffx', 'res_task-BreathHolding_space-fsLR_dir-ffx', 'res_task-Catell_space-fsLR_dir-ffx', 'res_task-Checkerboard_space-fsLR_dir-ffx', 'res_task-Color_space-fsLR_dir-ffx', 'res_task-ColumbiaCards_space-fsLR_dir-ffx', 'res_task-Discount_space-fsLR_dir-ffx', 'res_task-DotPatterns_space-fsLR_dir-ffx', 'res_task-EmoMem_space-fsLR_dir-ffx', 'res_task-EmoReco_space-fsLR_dir-ffx', 'res_task-EmotionalPain_space-fsLR_dir-ffx', 'res_task-Enumeration_space-fsLR_dir-ffx', 'res_task-FaceBody_space-fsLR_dir-ffx', 'res_task-FingerTap_space-fsLR_dir-ffx', 'res_task-HcpEmotion_space-fsLR_dir-ffx', 'res_task-HcpGambling_space-fsLR_dir-ffx', 'res_task-HcpLanguage_space-fsLR_dir-ffx', 'res_task-HcpMotor_space-fsLR_dir-ffx', 'res_task-HcpRelational_space-fsLR_dir-ffx', 'res_task-HcpSocial_space-fsLR_dir-ffx', 'res_task-HcpWm_space-fsLR_dir-ffx', 'res_task-ItemRecognition_space-fsLR_dir-ffx', 'res_task-Lec1_space-fsLR_dir-ffx', 'res_task-Lec2_space-fsLR_dir-ffx', 'res_task-MCSE_space-fsLR_dir-ffx', 'res_task-MTTNS_space-fsLR_dir-ffx', 'res_task-MTTWE_space-fsLR_dir-ffx', 'res_task-MVEB_space-fsLR_dir-ffx', 'res_task-MVIS_space-fsLR_dir-ffx', 'res_task-MathLanguage_space-fsLR_dir-ffx', 'res_task-Motion_space-fsLR_dir-ffx', 'res_task-Moto_space-fsLR_dir-ffx', 'res_task-NARPS_space-fsLR_dir-ffx', 'res_task-PainMovie_space-fsLR_dir-ffx', 'res_task-PreferenceFaces_space-fsLR_dir-ffx', 'res_task-PreferenceFood_space-fsLR_dir-ffx', 'res_task-PreferenceHouses_space-fsLR_dir-ffx', 'res_task-PreferencePaintings_space-fsLR_dir-ffx', 'res_task-RSVPLanguage_space-fsLR_dir-ffx', 'res_task-RewProc_space-fsLR_dir-ffx', 'res_task-Scene_space-fsLR_dir-ffx', 'res_task-SelectiveStopSignal_space-fsLR_dir-ffx', 'res_task-Self_space-fsLR_dir-ffx', 'res_task-SpatialNavigation_space-fsLR_dir-ffx', 'res_task-StopNogo_space-fsLR_dir-ffx', 'res_task-StopSignal_space-fsLR_dir-ffx', 'res_task-Stroop_space-fsLR_dir-ffx', 'res_task-TheoryOfMind_space-fsLR_dir-ffx', 'res_task-TwoByTwo_space-fsLR_dir-ffx', 'res_task-VSTMC_space-fsLR_dir-ffx', 'res_task-VSTM_space-fsLR_dir-ffx', 'res_task-Visu_space-fsLR_dir-ffx', 'res_task-VisualSearch_space-fsLR_dir-ffx', 'res_task-WardAndAllport_space-fsLR_dir-ffx', 'res_task-WedgeAnti_space-fsLR_dir-ffx', 'res_task-WedgeClock_space-fsLR_dir-ffx', 'ses-00', 'ses-01', 'ses-02', 'ses-04', 'ses-05', 'ses-10', 'ses-12', 'ses-13', 'ses-16', 'ses-17', 'ses-18', 'ses-20', 'ses-21', 'ses-22', 'ses-25', 'ses-26', 'ses-27', 'ses-30', 'ses-31', 'ses-32', 'ses-36', 'ses-37', 'ses-38', 'ses-39', 'ses-40', 'ses-41', 'ses-43']

============================================================
Processing subject 09
============================================================
  Looking for contrasts in: /ptmp/hmueller2/2025_ibc_latent/outputs/glm/contrast_maps_fsLR/sub-09
  Subject directory contents (90 items): ['res_task-ArchiEmotional_space-fsLR_dir-ffx', 'res_task-ArchiSocial_space-fsLR_dir-ffx', 'res_task-ArchiSpatial_space-fsLR_dir-ffx', 'res_task-ArchiStandard_space-fsLR_dir-ffx', 'res_task-Attention_space-fsLR_dir-ffx', 'res_task-Audi_space-fsLR_dir-ffx', 'res_task-BiologicalMotion1_space-fsLR_dir-ffx', 'res_task-BiologicalMotion2_space-fsLR_dir-ffx', 'res_task-BreathHolding_space-fsLR_dir-ffx', 'res_task-Catell_space-fsLR_dir-ffx', 'res_task-Checkerboard_space-fsLR_dir-ffx', 'res_task-Color_space-fsLR_dir-ffx', 'res_task-ColumbiaCards_space-fsLR_dir-ffx', 'res_task-Discount_space-fsLR_dir-ffx', 'res_task-DotPatterns_space-fsLR_dir-ffx', 'res_task-EmoMem_space-fsLR_dir-ffx', 'res_task-EmoReco_space-fsLR_dir-ffx', 'res_task-EmotionalPain_space-fsLR_dir-ffx', 'res_task-Enumeration_space-fsLR_dir-ffx', 'res_task-FaceBody_space-fsLR_dir-ffx', 'res_task-FingerTap_space-fsLR_dir-ffx', 'res_task-HcpEmotion_space-fsLR_dir-ffx', 'res_task-HcpGambling_space-fsLR_dir-ffx', 'res_task-HcpLanguage_space-fsLR_dir-ffx', 'res_task-HcpMotor_space-fsLR_dir-ffx', 'res_task-HcpRelational_space-fsLR_dir-ffx', 'res_task-HcpSocial_space-fsLR_dir-ffx', 'res_task-HcpWm_space-fsLR_dir-ffx', 'res_task-ItemRecognition_space-fsLR_dir-ffx', 'res_task-Lec1_space-fsLR_dir-ffx', 'res_task-Lec2_space-fsLR_dir-ffx', 'res_task-MCSE_space-fsLR_dir-ffx', 'res_task-MTTNS_space-fsLR_dir-ffx', 'res_task-MTTWE_space-fsLR_dir-ffx', 'res_task-MVEB_space-fsLR_dir-ffx', 'res_task-MVIS_space-fsLR_dir-ffx', 'res_task-MathLanguage_space-fsLR_dir-ffx', 'res_task-Motion_space-fsLR_dir-ffx', 'res_task-Moto_space-fsLR_dir-ffx', 'res_task-NARPS_space-fsLR_dir-ffx', 'res_task-PainMovie_space-fsLR_dir-ffx', 'res_task-PreferenceFaces_space-fsLR_dir-ffx', 'res_task-PreferenceFood_space-fsLR_dir-ffx', 'res_task-PreferenceHouses_space-fsLR_dir-ffx', 'res_task-PreferencePaintings_space-fsLR_dir-ffx', 'res_task-RSVPLanguage_space-fsLR_dir-ffx', 'res_task-RewProc_space-fsLR_dir-ffx', 'res_task-Scene_space-fsLR_dir-ffx', 'res_task-SelectiveStopSignal_space-fsLR_dir-ffx', 'res_task-Self_space-fsLR_dir-ffx', 'res_task-SpatialNavigation_space-fsLR_dir-ffx', 'res_task-StopNogo_space-fsLR_dir-ffx', 'res_task-StopSignal_space-fsLR_dir-ffx', 'res_task-Stroop_space-fsLR_dir-ffx', 'res_task-TheoryOfMind_space-fsLR_dir-ffx', 'res_task-TwoByTwo_space-fsLR_dir-ffx', 'res_task-VSTMC_space-fsLR_dir-ffx', 'res_task-VSTM_space-fsLR_dir-ffx', 'res_task-Visu_space-fsLR_dir-ffx', 'res_task-VisualSearch_space-fsLR_dir-ffx', 'res_task-WardAndAllport_space-fsLR_dir-ffx', 'res_task-WedgeAnti_space-fsLR_dir-ffx', 'res_task-WedgeClock_space-fsLR_dir-ffx', 'ses-00', 'ses-01', 'ses-02', 'ses-04', 'ses-05', 'ses-10', 'ses-12', 'ses-13', 'ses-16', 'ses-17', 'ses-18', 'ses-20', 'ses-21', 'ses-22', 'ses-25', 'ses-26', 'ses-27', 'ses-30', 'ses-31', 'ses-32', 'ses-36', 'ses-37', 'ses-38', 'ses-39', 'ses-40', 'ses-41', 'ses-43']
  ✓ Loaded: HcpWm/2back-0back
  ✓ Loaded: ItemRecognition/encode5-encode1
  ✓ Loaded: Stroop/incongruent-congruent
  ✓ Loaded: Catell/hard-easy
  ✓ Loaded: MVEB/6_letters_different-2_letters_different
  ✓ Loaded: MVIS/6_dots-2_dots
  ✓ Loaded: Attention/double_incongruent-double_congruent
  ✓ Loaded: VisualSearch/probe_item_four-probe_item_two

Applied Workbench CIFTI smoothing to input contrasts (FWHM=4.0mm)

Combined 8 MD contrasts
Mean z-score: 0.002 ± 0.250
Max z-score: 1.584

✓ Saved mean MD map: /ptmp/hmueller2/2025_ibc_latent/outputs/md_system/vertex_wise/sub-09/sub-09_MD_mean.dscalar.nii
✓ Saved std MD map: /ptmp/hmueller2/2025_ibc_latent/outputs/md_system/vertex_wise/sub-09/sub-09_MD_std.dscalar.nii
✓ Saved contrast info: /ptmp/hmueller2/2025_ibc_latent/outputs/md_system/vertex_wise/sub-09/sub-09_MD_contrasts.txt
  Looking for contrasts in: /ptmp/hmueller2/2025_ibc_latent/outputs/glm/contrast_maps_fsLR/sub-11
  Subject directory contents (89 items): ['res_task-ArchiEmotional_space-fsLR_dir-ffx', 'res_task-ArchiSocial_space-fsLR_dir-ffx', 'res_task-ArchiSpatial_space-fsLR_dir-ffx', 'res_task-ArchiStandard_space-fsLR_dir-ffx', 'res_task-Attention_space-fsLR_dir-ffx', 'res_task-Audi_space-fsLR_dir-ffx', 'res_task-BiologicalMotion1_space-fsLR_dir-ffx', 'res_task-BiologicalMotion2_space-fsLR_dir-ffx', 'res_task-BreathHolding_space-fsLR_dir-ffx', 'res_task-Catell_space-fsLR_dir-ffx', 'res_task-Checkerboard_space-fsLR_dir-ffx', 'res_task-Color_space-fsLR_dir-ffx', 'res_task-ColumbiaCards_space-fsLR_dir-ffx', 'res_task-Discount_space-fsLR_dir-ffx', 'res_task-DotPatterns_space-fsLR_dir-ffx', 'res_task-EmoMem_space-fsLR_dir-ffx', 'res_task-EmoReco_space-fsLR_dir-ffx', 'res_task-EmotionalPain_space-fsLR_dir-ffx', 'res_task-Enumeration_space-fsLR_dir-ffx', 'res_task-FaceBody_space-fsLR_dir-ffx', 'res_task-FingerTap_space-fsLR_dir-ffx', 'res_task-HcpEmotion_space-fsLR_dir-ffx', 'res_task-HcpGambling_space-fsLR_dir-ffx', 'res_task-HcpLanguage_space-fsLR_dir-ffx', 'res_task-HcpMotor_space-fsLR_dir-ffx', 'res_task-HcpRelational_space-fsLR_dir-ffx', 'res_task-HcpSocial_space-fsLR_dir-ffx', 'res_task-HcpWm_space-fsLR_dir-ffx', 'res_task-ItemRecognition_space-fsLR_dir-ffx', 'res_task-Lec1_space-fsLR_dir-ffx', 'res_task-Lec2_space-fsLR_dir-ffx', 'res_task-MCSE_space-fsLR_dir-ffx', 'res_task-MTTNS_space-fsLR_dir-ffx', 'res_task-MTTWE_space-fsLR_dir-ffx', 'res_task-MVEB_space-fsLR_dir-ffx', 'res_task-MVIS_space-fsLR_dir-ffx', 'res_task-MathLanguage_space-fsLR_dir-ffx', 'res_task-Motion_space-fsLR_dir-ffx', 'res_task-Moto_space-fsLR_dir-ffx', 'res_task-NARPS_space-fsLR_dir-ffx', 'res_task-PainMovie_space-fsLR_dir-ffx', 'res_task-PreferenceFaces_space-fsLR_dir-ffx', 'res_task-PreferenceFood_space-fsLR_dir-ffx', 'res_task-PreferenceHouses_space-fsLR_dir-ffx', 'res_task-RSVPLanguage_space-fsLR_dir-ffx', 'res_task-RewProc_space-fsLR_dir-ffx', 'res_task-Scene_space-fsLR_dir-ffx', 'res_task-SelectiveStopSignal_space-fsLR_dir-ffx', 'res_task-Self_space-fsLR_dir-ffx', 'res_task-SpatialNavigation_space-fsLR_dir-ffx', 'res_task-StopNogo_space-fsLR_dir-ffx', 'res_task-StopSignal_space-fsLR_dir-ffx', 'res_task-Stroop_space-fsLR_dir-ffx', 'res_task-TheoryOfMind_space-fsLR_dir-ffx', 'res_task-TwoByTwo_space-fsLR_dir-ffx', 'res_task-VSTMC_space-fsLR_dir-ffx', 'res_task-VSTM_space-fsLR_dir-ffx', 'res_task-Visu_space-fsLR_dir-ffx', 'res_task-VisualSearch_space-fsLR_dir-ffx', 'res_task-WardAndAllport_space-fsLR_dir-ffx', 'res_task-WedgeAnti_space-fsLR_dir-ffx', 'res_task-WedgeClock_space-fsLR_dir-ffx', 'ses-00', 'ses-01', 'ses-02', 'ses-03', 'ses-05', 'ses-08', 'ses-11', 'ses-12', 'ses-16', 'ses-18', 'ses-19', 'ses-20', 'ses-21', 'ses-22', 'ses-25', 'ses-26', 'ses-27', 'ses-30', 'ses-32', 'ses-36', 'ses-37', 'ses-38', 'ses-39', 'ses-40', 'ses-41', 'ses-42', 'ses-44']

============================================================
Processing subject 11
============================================================
  Looking for contrasts in: /ptmp/hmueller2/2025_ibc_latent/outputs/glm/contrast_maps_fsLR/sub-11
  Subject directory contents (89 items): ['res_task-ArchiEmotional_space-fsLR_dir-ffx', 'res_task-ArchiSocial_space-fsLR_dir-ffx', 'res_task-ArchiSpatial_space-fsLR_dir-ffx', 'res_task-ArchiStandard_space-fsLR_dir-ffx', 'res_task-Attention_space-fsLR_dir-ffx', 'res_task-Audi_space-fsLR_dir-ffx', 'res_task-BiologicalMotion1_space-fsLR_dir-ffx', 'res_task-BiologicalMotion2_space-fsLR_dir-ffx', 'res_task-BreathHolding_space-fsLR_dir-ffx', 'res_task-Catell_space-fsLR_dir-ffx', 'res_task-Checkerboard_space-fsLR_dir-ffx', 'res_task-Color_space-fsLR_dir-ffx', 'res_task-ColumbiaCards_space-fsLR_dir-ffx', 'res_task-Discount_space-fsLR_dir-ffx', 'res_task-DotPatterns_space-fsLR_dir-ffx', 'res_task-EmoMem_space-fsLR_dir-ffx', 'res_task-EmoReco_space-fsLR_dir-ffx', 'res_task-EmotionalPain_space-fsLR_dir-ffx', 'res_task-Enumeration_space-fsLR_dir-ffx', 'res_task-FaceBody_space-fsLR_dir-ffx', 'res_task-FingerTap_space-fsLR_dir-ffx', 'res_task-HcpEmotion_space-fsLR_dir-ffx', 'res_task-HcpGambling_space-fsLR_dir-ffx', 'res_task-HcpLanguage_space-fsLR_dir-ffx', 'res_task-HcpMotor_space-fsLR_dir-ffx', 'res_task-HcpRelational_space-fsLR_dir-ffx', 'res_task-HcpSocial_space-fsLR_dir-ffx', 'res_task-HcpWm_space-fsLR_dir-ffx', 'res_task-ItemRecognition_space-fsLR_dir-ffx', 'res_task-Lec1_space-fsLR_dir-ffx', 'res_task-Lec2_space-fsLR_dir-ffx', 'res_task-MCSE_space-fsLR_dir-ffx', 'res_task-MTTNS_space-fsLR_dir-ffx', 'res_task-MTTWE_space-fsLR_dir-ffx', 'res_task-MVEB_space-fsLR_dir-ffx', 'res_task-MVIS_space-fsLR_dir-ffx', 'res_task-MathLanguage_space-fsLR_dir-ffx', 'res_task-Motion_space-fsLR_dir-ffx', 'res_task-Moto_space-fsLR_dir-ffx', 'res_task-NARPS_space-fsLR_dir-ffx', 'res_task-PainMovie_space-fsLR_dir-ffx', 'res_task-PreferenceFaces_space-fsLR_dir-ffx', 'res_task-PreferenceFood_space-fsLR_dir-ffx', 'res_task-PreferenceHouses_space-fsLR_dir-ffx', 'res_task-RSVPLanguage_space-fsLR_dir-ffx', 'res_task-RewProc_space-fsLR_dir-ffx', 'res_task-Scene_space-fsLR_dir-ffx', 'res_task-SelectiveStopSignal_space-fsLR_dir-ffx', 'res_task-Self_space-fsLR_dir-ffx', 'res_task-SpatialNavigation_space-fsLR_dir-ffx', 'res_task-StopNogo_space-fsLR_dir-ffx', 'res_task-StopSignal_space-fsLR_dir-ffx', 'res_task-Stroop_space-fsLR_dir-ffx', 'res_task-TheoryOfMind_space-fsLR_dir-ffx', 'res_task-TwoByTwo_space-fsLR_dir-ffx', 'res_task-VSTMC_space-fsLR_dir-ffx', 'res_task-VSTM_space-fsLR_dir-ffx', 'res_task-Visu_space-fsLR_dir-ffx', 'res_task-VisualSearch_space-fsLR_dir-ffx', 'res_task-WardAndAllport_space-fsLR_dir-ffx', 'res_task-WedgeAnti_space-fsLR_dir-ffx', 'res_task-WedgeClock_space-fsLR_dir-ffx', 'ses-00', 'ses-01', 'ses-02', 'ses-03', 'ses-05', 'ses-08', 'ses-11', 'ses-12', 'ses-16', 'ses-18', 'ses-19', 'ses-20', 'ses-21', 'ses-22', 'ses-25', 'ses-26', 'ses-27', 'ses-30', 'ses-32', 'ses-36', 'ses-37', 'ses-38', 'ses-39', 'ses-40', 'ses-41', 'ses-42', 'ses-44']
  ✓ Loaded: HcpWm/2back-0back
  ✓ Loaded: ItemRecognition/encode5-encode1
  ✓ Loaded: Stroop/incongruent-congruent
  ✓ Loaded: Catell/hard-easy
  ✓ Loaded: MVEB/6_letters_different-2_letters_different
  ✓ Loaded: MVIS/6_dots-2_dots
  ✓ Loaded: Attention/double_incongruent-double_congruent
  ✓ Loaded: VisualSearch/probe_item_four-probe_item_two

Applied Workbench CIFTI smoothing to input contrasts (FWHM=4.0mm)

Combined 8 MD contrasts
Mean z-score: 0.000 ± 0.248
Max z-score: 1.494

✓ Saved mean MD map: /ptmp/hmueller2/2025_ibc_latent/outputs/md_system/vertex_wise/sub-11/sub-11_MD_mean.dscalar.nii
✓ Saved std MD map: /ptmp/hmueller2/2025_ibc_latent/outputs/md_system/vertex_wise/sub-11/sub-11_MD_std.dscalar.nii
✓ Saved contrast info: /ptmp/hmueller2/2025_ibc_latent/outputs/md_system/vertex_wise/sub-11/sub-11_MD_contrasts.txt
  Looking for contrasts in: /ptmp/hmueller2/2025_ibc_latent/outputs/glm/contrast_maps_fsLR/sub-13
  Subject directory contents (78 items): ['res_task-ArchiEmotional_space-fsLR_dir-ffx', 'res_task-ArchiSocial_space-fsLR_dir-ffx', 'res_task-ArchiSpatial_space-fsLR_dir-ffx', 'res_task-ArchiStandard_space-fsLR_dir-ffx', 'res_task-Attention_space-fsLR_dir-ffx', 'res_task-Audi_space-fsLR_dir-ffx', 'res_task-BiologicalMotion1_space-fsLR_dir-ffx', 'res_task-BiologicalMotion2_space-fsLR_dir-ffx', 'res_task-BreathHolding_space-fsLR_dir-ffx', 'res_task-Catell_space-fsLR_dir-ffx', 'res_task-Checkerboard_space-fsLR_dir-ffx', 'res_task-ColumbiaCards_space-fsLR_dir-ffx', 'res_task-Discount_space-fsLR_dir-ffx', 'res_task-DotPatterns_space-fsLR_dir-ffx', 'res_task-EmoMem_space-fsLR_dir-ffx', 'res_task-EmoReco_space-fsLR_dir-ffx', 'res_task-EmotionalPain_space-fsLR_dir-ffx', 'res_task-Enumeration_space-fsLR_dir-ffx', 'res_task-FingerTap_space-fsLR_dir-ffx', 'res_task-HcpEmotion_space-fsLR_dir-ffx', 'res_task-HcpGambling_space-fsLR_dir-ffx', 'res_task-HcpLanguage_space-fsLR_dir-ffx', 'res_task-HcpMotor_space-fsLR_dir-ffx', 'res_task-HcpRelational_space-fsLR_dir-ffx', 'res_task-HcpSocial_space-fsLR_dir-ffx', 'res_task-HcpWm_space-fsLR_dir-ffx', 'res_task-ItemRecognition_space-fsLR_dir-ffx', 'res_task-Lec1_space-fsLR_dir-ffx', 'res_task-Lec2_space-fsLR_dir-ffx', 'res_task-MCSE_space-fsLR_dir-ffx', 'res_task-MTTNS_space-fsLR_dir-ffx', 'res_task-MTTWE_space-fsLR_dir-ffx', 'res_task-MVEB_space-fsLR_dir-ffx', 'res_task-MVIS_space-fsLR_dir-ffx', 'res_task-MathLanguage_space-fsLR_dir-ffx', 'res_task-Moto_space-fsLR_dir-ffx', 'res_task-PainMovie_space-fsLR_dir-ffx', 'res_task-PreferenceFaces_space-fsLR_dir-ffx', 'res_task-PreferenceHouses_space-fsLR_dir-ffx', 'res_task-PreferencePaintings_space-fsLR_dir-ffx', 'res_task-RSVPLanguage_space-fsLR_dir-ffx', 'res_task-SelectiveStopSignal_space-fsLR_dir-ffx', 'res_task-Self_space-fsLR_dir-ffx', 'res_task-SpatialNavigation_space-fsLR_dir-ffx', 'res_task-StopNogo_space-fsLR_dir-ffx', 'res_task-StopSignal_space-fsLR_dir-ffx', 'res_task-Stroop_space-fsLR_dir-ffx', 'res_task-TheoryOfMind_space-fsLR_dir-ffx', 'res_task-TwoByTwo_space-fsLR_dir-ffx', 'res_task-VSTMC_space-fsLR_dir-ffx', 'res_task-VSTM_space-fsLR_dir-ffx', 'res_task-Visu_space-fsLR_dir-ffx', 'res_task-WardAndAllport_space-fsLR_dir-ffx', 'res_task-WedgeAnti_space-fsLR_dir-ffx', 'res_task-WedgeClock_space-fsLR_dir-ffx', 'ses-00', 'ses-01', 'ses-02', 'ses-03', 'ses-04', 'ses-08', 'ses-11', 'ses-12', 'ses-15', 'ses-16', 'ses-17', 'ses-18', 'ses-19', 'ses-21', 'ses-24', 'ses-25', 'ses-26', 'ses-29', 'ses-30', 'ses-31', 'ses-35', 'ses-36', 'ses-37']

============================================================
Processing subject 13
============================================================
  Looking for contrasts in: /ptmp/hmueller2/2025_ibc_latent/outputs/glm/contrast_maps_fsLR/sub-13
  Subject directory contents (78 items): ['res_task-ArchiEmotional_space-fsLR_dir-ffx', 'res_task-ArchiSocial_space-fsLR_dir-ffx', 'res_task-ArchiSpatial_space-fsLR_dir-ffx', 'res_task-ArchiStandard_space-fsLR_dir-ffx', 'res_task-Attention_space-fsLR_dir-ffx', 'res_task-Audi_space-fsLR_dir-ffx', 'res_task-BiologicalMotion1_space-fsLR_dir-ffx', 'res_task-BiologicalMotion2_space-fsLR_dir-ffx', 'res_task-BreathHolding_space-fsLR_dir-ffx', 'res_task-Catell_space-fsLR_dir-ffx', 'res_task-Checkerboard_space-fsLR_dir-ffx', 'res_task-ColumbiaCards_space-fsLR_dir-ffx', 'res_task-Discount_space-fsLR_dir-ffx', 'res_task-DotPatterns_space-fsLR_dir-ffx', 'res_task-EmoMem_space-fsLR_dir-ffx', 'res_task-EmoReco_space-fsLR_dir-ffx', 'res_task-EmotionalPain_space-fsLR_dir-ffx', 'res_task-Enumeration_space-fsLR_dir-ffx', 'res_task-FingerTap_space-fsLR_dir-ffx', 'res_task-HcpEmotion_space-fsLR_dir-ffx', 'res_task-HcpGambling_space-fsLR_dir-ffx', 'res_task-HcpLanguage_space-fsLR_dir-ffx', 'res_task-HcpMotor_space-fsLR_dir-ffx', 'res_task-HcpRelational_space-fsLR_dir-ffx', 'res_task-HcpSocial_space-fsLR_dir-ffx', 'res_task-HcpWm_space-fsLR_dir-ffx', 'res_task-ItemRecognition_space-fsLR_dir-ffx', 'res_task-Lec1_space-fsLR_dir-ffx', 'res_task-Lec2_space-fsLR_dir-ffx', 'res_task-MCSE_space-fsLR_dir-ffx', 'res_task-MTTNS_space-fsLR_dir-ffx', 'res_task-MTTWE_space-fsLR_dir-ffx', 'res_task-MVEB_space-fsLR_dir-ffx', 'res_task-MVIS_space-fsLR_dir-ffx', 'res_task-MathLanguage_space-fsLR_dir-ffx', 'res_task-Moto_space-fsLR_dir-ffx', 'res_task-PainMovie_space-fsLR_dir-ffx', 'res_task-PreferenceFaces_space-fsLR_dir-ffx', 'res_task-PreferenceHouses_space-fsLR_dir-ffx', 'res_task-PreferencePaintings_space-fsLR_dir-ffx', 'res_task-RSVPLanguage_space-fsLR_dir-ffx', 'res_task-SelectiveStopSignal_space-fsLR_dir-ffx', 'res_task-Self_space-fsLR_dir-ffx', 'res_task-SpatialNavigation_space-fsLR_dir-ffx', 'res_task-StopNogo_space-fsLR_dir-ffx', 'res_task-StopSignal_space-fsLR_dir-ffx', 'res_task-Stroop_space-fsLR_dir-ffx', 'res_task-TheoryOfMind_space-fsLR_dir-ffx', 'res_task-TwoByTwo_space-fsLR_dir-ffx', 'res_task-VSTMC_space-fsLR_dir-ffx', 'res_task-VSTM_space-fsLR_dir-ffx', 'res_task-Visu_space-fsLR_dir-ffx', 'res_task-WardAndAllport_space-fsLR_dir-ffx', 'res_task-WedgeAnti_space-fsLR_dir-ffx', 'res_task-WedgeClock_space-fsLR_dir-ffx', 'ses-00', 'ses-01', 'ses-02', 'ses-03', 'ses-04', 'ses-08', 'ses-11', 'ses-12', 'ses-15', 'ses-16', 'ses-17', 'ses-18', 'ses-19', 'ses-21', 'ses-24', 'ses-25', 'ses-26', 'ses-29', 'ses-30', 'ses-31', 'ses-35', 'ses-36', 'ses-37']
  ✓ Loaded: HcpWm/2back-0back
  ✓ Loaded: ItemRecognition/encode5-encode1
  ✓ Loaded: Stroop/incongruent-congruent
  ✓ Loaded: Catell/hard-easy
  ✓ Loaded: MVEB/6_letters_different-2_letters_different
  ✓ Loaded: MVIS/6_dots-2_dots
  ✓ Loaded: Attention/double_incongruent-double_congruent
  - Not available: VisualSearch/probe_item_four-probe_item_two

Applied Workbench CIFTI smoothing to input contrasts (FWHM=4.0mm)

Combined 7 MD contrasts
Mean z-score: -0.004 ± 0.273
Max z-score: 1.606

✓ Saved mean MD map: /ptmp/hmueller2/2025_ibc_latent/outputs/md_system/vertex_wise/sub-13/sub-13_MD_mean.dscalar.nii
✓ Saved std MD map: /ptmp/hmueller2/2025_ibc_latent/outputs/md_system/vertex_wise/sub-13/sub-13_MD_std.dscalar.nii
✓ Saved contrast info: /ptmp/hmueller2/2025_ibc_latent/outputs/md_system/vertex_wise/sub-13/sub-13_MD_contrasts.txt
  Looking for contrasts in: /ptmp/hmueller2/2025_ibc_latent/outputs/glm/contrast_maps_fsLR/sub-14
  Subject directory contents (90 items): ['res_task-ArchiEmotional_space-fsLR_dir-ffx', 'res_task-ArchiSocial_space-fsLR_dir-ffx', 'res_task-ArchiSpatial_space-fsLR_dir-ffx', 'res_task-ArchiStandard_space-fsLR_dir-ffx', 'res_task-Attention_space-fsLR_dir-ffx', 'res_task-Audi_space-fsLR_dir-ffx', 'res_task-BiologicalMotion1_space-fsLR_dir-ffx', 'res_task-BiologicalMotion2_space-fsLR_dir-ffx', 'res_task-BreathHolding_space-fsLR_dir-ffx', 'res_task-Catell_space-fsLR_dir-ffx', 'res_task-Checkerboard_space-fsLR_dir-ffx', 'res_task-Color_space-fsLR_dir-ffx', 'res_task-ColumbiaCards_space-fsLR_dir-ffx', 'res_task-Discount_space-fsLR_dir-ffx', 'res_task-DotPatterns_space-fsLR_dir-ffx', 'res_task-EmoMem_space-fsLR_dir-ffx', 'res_task-EmoReco_space-fsLR_dir-ffx', 'res_task-EmotionalPain_space-fsLR_dir-ffx', 'res_task-Enumeration_space-fsLR_dir-ffx', 'res_task-FaceBody_space-fsLR_dir-ffx', 'res_task-FingerTap_space-fsLR_dir-ffx', 'res_task-HcpEmotion_space-fsLR_dir-ffx', 'res_task-HcpGambling_space-fsLR_dir-ffx', 'res_task-HcpLanguage_space-fsLR_dir-ffx', 'res_task-HcpMotor_space-fsLR_dir-ffx', 'res_task-HcpRelational_space-fsLR_dir-ffx', 'res_task-HcpSocial_space-fsLR_dir-ffx', 'res_task-HcpWm_space-fsLR_dir-ffx', 'res_task-ItemRecognition_space-fsLR_dir-ffx', 'res_task-Lec1_space-fsLR_dir-ffx', 'res_task-Lec2_space-fsLR_dir-ffx', 'res_task-MCSE_space-fsLR_dir-ffx', 'res_task-MTTNS_space-fsLR_dir-ffx', 'res_task-MTTWE_space-fsLR_dir-ffx', 'res_task-MVEB_space-fsLR_dir-ffx', 'res_task-MVIS_space-fsLR_dir-ffx', 'res_task-MathLanguage_space-fsLR_dir-ffx', 'res_task-Motion_space-fsLR_dir-ffx', 'res_task-Moto_space-fsLR_dir-ffx', 'res_task-NARPS_space-fsLR_dir-ffx', 'res_task-PainMovie_space-fsLR_dir-ffx', 'res_task-PreferenceFaces_space-fsLR_dir-ffx', 'res_task-PreferenceFood_space-fsLR_dir-ffx', 'res_task-PreferenceHouses_space-fsLR_dir-ffx', 'res_task-PreferencePaintings_space-fsLR_dir-ffx', 'res_task-RSVPLanguage_space-fsLR_dir-ffx', 'res_task-RewProc_space-fsLR_dir-ffx', 'res_task-Scene_space-fsLR_dir-ffx', 'res_task-SelectiveStopSignal_space-fsLR_dir-ffx', 'res_task-Self_space-fsLR_dir-ffx', 'res_task-SpatialNavigation_space-fsLR_dir-ffx', 'res_task-StopNogo_space-fsLR_dir-ffx', 'res_task-StopSignal_space-fsLR_dir-ffx', 'res_task-Stroop_space-fsLR_dir-ffx', 'res_task-TheoryOfMind_space-fsLR_dir-ffx', 'res_task-TwoByTwo_space-fsLR_dir-ffx', 'res_task-VSTMC_space-fsLR_dir-ffx', 'res_task-VSTM_space-fsLR_dir-ffx', 'res_task-Visu_space-fsLR_dir-ffx', 'res_task-VisualSearch_space-fsLR_dir-ffx', 'res_task-WardAndAllport_space-fsLR_dir-ffx', 'res_task-WedgeAnti_space-fsLR_dir-ffx', 'res_task-WedgeClock_space-fsLR_dir-ffx', 'ses-00', 'ses-01', 'ses-02', 'ses-03', 'ses-04', 'ses-10', 'ses-11', 'ses-12', 'ses-13', 'ses-16', 'ses-17', 'ses-18', 'ses-19', 'ses-21', 'ses-24', 'ses-25', 'ses-26', 'ses-29', 'ses-30', 'ses-34', 'ses-35', 'ses-36', 'ses-37', 'ses-38', 'ses-39', 'ses-40', 'ses-42']

============================================================
Processing subject 14
============================================================
  Looking for contrasts in: /ptmp/hmueller2/2025_ibc_latent/outputs/glm/contrast_maps_fsLR/sub-14
  Subject directory contents (90 items): ['res_task-ArchiEmotional_space-fsLR_dir-ffx', 'res_task-ArchiSocial_space-fsLR_dir-ffx', 'res_task-ArchiSpatial_space-fsLR_dir-ffx', 'res_task-ArchiStandard_space-fsLR_dir-ffx', 'res_task-Attention_space-fsLR_dir-ffx', 'res_task-Audi_space-fsLR_dir-ffx', 'res_task-BiologicalMotion1_space-fsLR_dir-ffx', 'res_task-BiologicalMotion2_space-fsLR_dir-ffx', 'res_task-BreathHolding_space-fsLR_dir-ffx', 'res_task-Catell_space-fsLR_dir-ffx', 'res_task-Checkerboard_space-fsLR_dir-ffx', 'res_task-Color_space-fsLR_dir-ffx', 'res_task-ColumbiaCards_space-fsLR_dir-ffx', 'res_task-Discount_space-fsLR_dir-ffx', 'res_task-DotPatterns_space-fsLR_dir-ffx', 'res_task-EmoMem_space-fsLR_dir-ffx', 'res_task-EmoReco_space-fsLR_dir-ffx', 'res_task-EmotionalPain_space-fsLR_dir-ffx', 'res_task-Enumeration_space-fsLR_dir-ffx', 'res_task-FaceBody_space-fsLR_dir-ffx', 'res_task-FingerTap_space-fsLR_dir-ffx', 'res_task-HcpEmotion_space-fsLR_dir-ffx', 'res_task-HcpGambling_space-fsLR_dir-ffx', 'res_task-HcpLanguage_space-fsLR_dir-ffx', 'res_task-HcpMotor_space-fsLR_dir-ffx', 'res_task-HcpRelational_space-fsLR_dir-ffx', 'res_task-HcpSocial_space-fsLR_dir-ffx', 'res_task-HcpWm_space-fsLR_dir-ffx', 'res_task-ItemRecognition_space-fsLR_dir-ffx', 'res_task-Lec1_space-fsLR_dir-ffx', 'res_task-Lec2_space-fsLR_dir-ffx', 'res_task-MCSE_space-fsLR_dir-ffx', 'res_task-MTTNS_space-fsLR_dir-ffx', 'res_task-MTTWE_space-fsLR_dir-ffx', 'res_task-MVEB_space-fsLR_dir-ffx', 'res_task-MVIS_space-fsLR_dir-ffx', 'res_task-MathLanguage_space-fsLR_dir-ffx', 'res_task-Motion_space-fsLR_dir-ffx', 'res_task-Moto_space-fsLR_dir-ffx', 'res_task-NARPS_space-fsLR_dir-ffx', 'res_task-PainMovie_space-fsLR_dir-ffx', 'res_task-PreferenceFaces_space-fsLR_dir-ffx', 'res_task-PreferenceFood_space-fsLR_dir-ffx', 'res_task-PreferenceHouses_space-fsLR_dir-ffx', 'res_task-PreferencePaintings_space-fsLR_dir-ffx', 'res_task-RSVPLanguage_space-fsLR_dir-ffx', 'res_task-RewProc_space-fsLR_dir-ffx', 'res_task-Scene_space-fsLR_dir-ffx', 'res_task-SelectiveStopSignal_space-fsLR_dir-ffx', 'res_task-Self_space-fsLR_dir-ffx', 'res_task-SpatialNavigation_space-fsLR_dir-ffx', 'res_task-StopNogo_space-fsLR_dir-ffx', 'res_task-StopSignal_space-fsLR_dir-ffx', 'res_task-Stroop_space-fsLR_dir-ffx', 'res_task-TheoryOfMind_space-fsLR_dir-ffx', 'res_task-TwoByTwo_space-fsLR_dir-ffx', 'res_task-VSTMC_space-fsLR_dir-ffx', 'res_task-VSTM_space-fsLR_dir-ffx', 'res_task-Visu_space-fsLR_dir-ffx', 'res_task-VisualSearch_space-fsLR_dir-ffx', 'res_task-WardAndAllport_space-fsLR_dir-ffx', 'res_task-WedgeAnti_space-fsLR_dir-ffx', 'res_task-WedgeClock_space-fsLR_dir-ffx', 'ses-00', 'ses-01', 'ses-02', 'ses-03', 'ses-04', 'ses-10', 'ses-11', 'ses-12', 'ses-13', 'ses-16', 'ses-17', 'ses-18', 'ses-19', 'ses-21', 'ses-24', 'ses-25', 'ses-26', 'ses-29', 'ses-30', 'ses-34', 'ses-35', 'ses-36', 'ses-37', 'ses-38', 'ses-39', 'ses-40', 'ses-42']
  ✓ Loaded: HcpWm/2back-0back
  ✓ Loaded: ItemRecognition/encode5-encode1
  ✓ Loaded: Stroop/incongruent-congruent
  ✓ Loaded: Catell/hard-easy
  ✓ Loaded: MVEB/6_letters_different-2_letters_different
  ✓ Loaded: MVIS/6_dots-2_dots
  ✓ Loaded: Attention/double_incongruent-double_congruent
  ✓ Loaded: VisualSearch/probe_item_four-probe_item_two

Applied Workbench CIFTI smoothing to input contrasts (FWHM=4.0mm)

Combined 8 MD contrasts
Mean z-score: -0.001 ± 0.247
Max z-score: 1.500

✓ Saved mean MD map: /ptmp/hmueller2/2025_ibc_latent/outputs/md_system/vertex_wise/sub-14/sub-14_MD_mean.dscalar.nii
✓ Saved std MD map: /ptmp/hmueller2/2025_ibc_latent/outputs/md_system/vertex_wise/sub-14/sub-14_MD_std.dscalar.nii
✓ Saved contrast info: /ptmp/hmueller2/2025_ibc_latent/outputs/md_system/vertex_wise/sub-14/sub-14_MD_contrasts.txt
  Looking for contrasts in: /ptmp/hmueller2/2025_ibc_latent/outputs/glm/contrast_maps_fsLR/sub-15
  Subject directory contents (89 items): ['res_task-ArchiEmotional_space-fsLR_dir-ffx', 'res_task-ArchiSocial_space-fsLR_dir-ffx', 'res_task-ArchiSpatial_space-fsLR_dir-ffx', 'res_task-ArchiStandard_space-fsLR_dir-ffx', 'res_task-Attention_space-fsLR_dir-ffx', 'res_task-Audi_space-fsLR_dir-ffx', 'res_task-BiologicalMotion1_space-fsLR_dir-ffx', 'res_task-BiologicalMotion2_space-fsLR_dir-ffx', 'res_task-BreathHolding_space-fsLR_dir-ffx', 'res_task-Catell_space-fsLR_dir-ffx', 'res_task-Checkerboard_space-fsLR_dir-ffx', 'res_task-Color_space-fsLR_dir-ffx', 'res_task-Discount_space-fsLR_dir-ffx', 'res_task-DotPatterns_space-fsLR_dir-ffx', 'res_task-EmoMem_space-fsLR_dir-ffx', 'res_task-EmoReco_space-fsLR_dir-ffx', 'res_task-EmotionalPain_space-fsLR_dir-ffx', 'res_task-Enumeration_space-fsLR_dir-ffx', 'res_task-FaceBody_space-fsLR_dir-ffx', 'res_task-FingerTap_space-fsLR_dir-ffx', 'res_task-HcpEmotion_space-fsLR_dir-ffx', 'res_task-HcpGambling_space-fsLR_dir-ffx', 'res_task-HcpLanguage_space-fsLR_dir-ffx', 'res_task-HcpMotor_space-fsLR_dir-ffx', 'res_task-HcpRelational_space-fsLR_dir-ffx', 'res_task-HcpSocial_space-fsLR_dir-ffx', 'res_task-HcpWm_space-fsLR_dir-ffx', 'res_task-ItemRecognition_space-fsLR_dir-ffx', 'res_task-Lec1_space-fsLR_dir-ffx', 'res_task-Lec2_space-fsLR_dir-ffx', 'res_task-MCSE_space-fsLR_dir-ffx', 'res_task-MTTNS_space-fsLR_dir-ffx', 'res_task-MTTWE_space-fsLR_dir-ffx', 'res_task-MVEB_space-fsLR_dir-ffx', 'res_task-MVIS_space-fsLR_dir-ffx', 'res_task-MathLanguage_space-fsLR_dir-ffx', 'res_task-Motion_space-fsLR_dir-ffx', 'res_task-Moto_space-fsLR_dir-ffx', 'res_task-NARPS_space-fsLR_dir-ffx', 'res_task-PainMovie_space-fsLR_dir-ffx', 'res_task-PreferenceFaces_space-fsLR_dir-ffx', 'res_task-PreferenceFood_space-fsLR_dir-ffx', 'res_task-PreferenceHouses_space-fsLR_dir-ffx', 'res_task-PreferencePaintings_space-fsLR_dir-ffx', 'res_task-RSVPLanguage_space-fsLR_dir-ffx', 'res_task-RewProc_space-fsLR_dir-ffx', 'res_task-Scene_space-fsLR_dir-ffx', 'res_task-SelectiveStopSignal_space-fsLR_dir-ffx', 'res_task-Self_space-fsLR_dir-ffx', 'res_task-SpatialNavigation_space-fsLR_dir-ffx', 'res_task-StopNogo_space-fsLR_dir-ffx', 'res_task-StopSignal_space-fsLR_dir-ffx', 'res_task-Stroop_space-fsLR_dir-ffx', 'res_task-TheoryOfMind_space-fsLR_dir-ffx', 'res_task-TwoByTwo_space-fsLR_dir-ffx', 'res_task-VSTMC_space-fsLR_dir-ffx', 'res_task-VSTM_space-fsLR_dir-ffx', 'res_task-Visu_space-fsLR_dir-ffx', 'res_task-VisualSearch_space-fsLR_dir-ffx', 'res_task-WardAndAllport_space-fsLR_dir-ffx', 'res_task-WedgeAnti_space-fsLR_dir-ffx', 'res_task-WedgeClock_space-fsLR_dir-ffx', 'ses-00', 'ses-01', 'ses-02', 'ses-03', 'ses-04', 'ses-05', 'ses-06', 'ses-10', 'ses-11', 'ses-14', 'ses-15', 'ses-19', 'ses-20', 'ses-21', 'ses-24', 'ses-25', 'ses-26', 'ses-29', 'ses-30', 'ses-31', 'ses-35', 'ses-36', 'ses-37', 'ses-38', 'ses-39', 'ses-40', 'ses-42']

============================================================
Processing subject 15
============================================================
  Looking for contrasts in: /ptmp/hmueller2/2025_ibc_latent/outputs/glm/contrast_maps_fsLR/sub-15
  Subject directory contents (89 items): ['res_task-ArchiEmotional_space-fsLR_dir-ffx', 'res_task-ArchiSocial_space-fsLR_dir-ffx', 'res_task-ArchiSpatial_space-fsLR_dir-ffx', 'res_task-ArchiStandard_space-fsLR_dir-ffx', 'res_task-Attention_space-fsLR_dir-ffx', 'res_task-Audi_space-fsLR_dir-ffx', 'res_task-BiologicalMotion1_space-fsLR_dir-ffx', 'res_task-BiologicalMotion2_space-fsLR_dir-ffx', 'res_task-BreathHolding_space-fsLR_dir-ffx', 'res_task-Catell_space-fsLR_dir-ffx', 'res_task-Checkerboard_space-fsLR_dir-ffx', 'res_task-Color_space-fsLR_dir-ffx', 'res_task-Discount_space-fsLR_dir-ffx', 'res_task-DotPatterns_space-fsLR_dir-ffx', 'res_task-EmoMem_space-fsLR_dir-ffx', 'res_task-EmoReco_space-fsLR_dir-ffx', 'res_task-EmotionalPain_space-fsLR_dir-ffx', 'res_task-Enumeration_space-fsLR_dir-ffx', 'res_task-FaceBody_space-fsLR_dir-ffx', 'res_task-FingerTap_space-fsLR_dir-ffx', 'res_task-HcpEmotion_space-fsLR_dir-ffx', 'res_task-HcpGambling_space-fsLR_dir-ffx', 'res_task-HcpLanguage_space-fsLR_dir-ffx', 'res_task-HcpMotor_space-fsLR_dir-ffx', 'res_task-HcpRelational_space-fsLR_dir-ffx', 'res_task-HcpSocial_space-fsLR_dir-ffx', 'res_task-HcpWm_space-fsLR_dir-ffx', 'res_task-ItemRecognition_space-fsLR_dir-ffx', 'res_task-Lec1_space-fsLR_dir-ffx', 'res_task-Lec2_space-fsLR_dir-ffx', 'res_task-MCSE_space-fsLR_dir-ffx', 'res_task-MTTNS_space-fsLR_dir-ffx', 'res_task-MTTWE_space-fsLR_dir-ffx', 'res_task-MVEB_space-fsLR_dir-ffx', 'res_task-MVIS_space-fsLR_dir-ffx', 'res_task-MathLanguage_space-fsLR_dir-ffx', 'res_task-Motion_space-fsLR_dir-ffx', 'res_task-Moto_space-fsLR_dir-ffx', 'res_task-NARPS_space-fsLR_dir-ffx', 'res_task-PainMovie_space-fsLR_dir-ffx', 'res_task-PreferenceFaces_space-fsLR_dir-ffx', 'res_task-PreferenceFood_space-fsLR_dir-ffx', 'res_task-PreferenceHouses_space-fsLR_dir-ffx', 'res_task-PreferencePaintings_space-fsLR_dir-ffx', 'res_task-RSVPLanguage_space-fsLR_dir-ffx', 'res_task-RewProc_space-fsLR_dir-ffx', 'res_task-Scene_space-fsLR_dir-ffx', 'res_task-SelectiveStopSignal_space-fsLR_dir-ffx', 'res_task-Self_space-fsLR_dir-ffx', 'res_task-SpatialNavigation_space-fsLR_dir-ffx', 'res_task-StopNogo_space-fsLR_dir-ffx', 'res_task-StopSignal_space-fsLR_dir-ffx', 'res_task-Stroop_space-fsLR_dir-ffx', 'res_task-TheoryOfMind_space-fsLR_dir-ffx', 'res_task-TwoByTwo_space-fsLR_dir-ffx', 'res_task-VSTMC_space-fsLR_dir-ffx', 'res_task-VSTM_space-fsLR_dir-ffx', 'res_task-Visu_space-fsLR_dir-ffx', 'res_task-VisualSearch_space-fsLR_dir-ffx', 'res_task-WardAndAllport_space-fsLR_dir-ffx', 'res_task-WedgeAnti_space-fsLR_dir-ffx', 'res_task-WedgeClock_space-fsLR_dir-ffx', 'ses-00', 'ses-01', 'ses-02', 'ses-03', 'ses-04', 'ses-05', 'ses-06', 'ses-10', 'ses-11', 'ses-14', 'ses-15', 'ses-19', 'ses-20', 'ses-21', 'ses-24', 'ses-25', 'ses-26', 'ses-29', 'ses-30', 'ses-31', 'ses-35', 'ses-36', 'ses-37', 'ses-38', 'ses-39', 'ses-40', 'ses-42']
  ✓ Loaded: HcpWm/2back-0back
  ✓ Loaded: ItemRecognition/encode5-encode1
  ✓ Loaded: Stroop/incongruent-congruent
  ✓ Loaded: Catell/hard-easy
  ✓ Loaded: MVEB/6_letters_different-2_letters_different
  ✓ Loaded: MVIS/6_dots-2_dots
  ✓ Loaded: Attention/double_incongruent-double_congruent
  ✓ Loaded: VisualSearch/probe_item_four-probe_item_two

Applied Workbench CIFTI smoothing to input contrasts (FWHM=4.0mm)

Combined 8 MD contrasts
Mean z-score: 0.001 ± 0.246
Max z-score: 1.454

✓ Saved mean MD map: /ptmp/hmueller2/2025_ibc_latent/outputs/md_system/vertex_wise/sub-15/sub-15_MD_mean.dscalar.nii
✓ Saved std MD map: /ptmp/hmueller2/2025_ibc_latent/outputs/md_system/vertex_wise/sub-15/sub-15_MD_std.dscalar.nii
✓ Saved contrast info: /ptmp/hmueller2/2025_ibc_latent/outputs/md_system/vertex_wise/sub-15/sub-15_MD_contrasts.txt

Group analysis: 8 subjects
Valid subjects: 04, 06, 07, 09, 11, 13, 14, 15
Mean group z-score: 0.000
Max group z-score: 0.594

Group MD mean map range before threshold: min=-0.626, max=0.594
Threshold mode: top 10.0% of vertices
Percentile cutoff (90.0th): 0.113
Retained vertices: 9129 (10.0%)

✓ Saved group mean: /ptmp/hmueller2/2025_ibc_latent/outputs/md_system/vertex_wise/group/group_MD_mean.dscalar.nii
✓ Saved group thresholded mean: /ptmp/hmueller2/2025_ibc_latent/outputs/md_system/vertex_wise/group/group_MD_mean_thresh_top10pct_cutoff0.113.dscalar.nii
✓ Saved group std: /ptmp/hmueller2/2025_ibc_latent/outputs/md_system/vertex_wise/group/group_MD_std.dscalar.nii
✓ Saved group SEM: /ptmp/hmueller2/2025_ibc_latent/outputs/md_system/vertex_wise/group/group_MD_sem.dscalar.nii
✓ Saved group contrast mean (8 subj): /ptmp/hmueller2/2025_ibc_latent/outputs/md_system/vertex_wise/group/group_HcpWm_2back-0back_mean.dscalar.nii
✓ Saved group contrast mean (8 subj): /ptmp/hmueller2/2025_ibc_latent/outputs/md_system/vertex_wise/group/group_ItemRecognition_encode5-encode1_mean.dscalar.nii
✓ Saved group contrast mean (8 subj): /ptmp/hmueller2/2025_ibc_latent/outputs/md_system/vertex_wise/group/group_Stroop_incongruent-congruent_mean.dscalar.nii
✓ Saved group contrast mean (8 subj): /ptmp/hmueller2/2025_ibc_latent/outputs/md_system/vertex_wise/group/group_Catell_hard-easy_mean.dscalar.nii
✓ Saved group contrast mean (8 subj): /ptmp/hmueller2/2025_ibc_latent/outputs/md_system/vertex_wise/group/group_MVEB_6_letters_different-2_letters_different_mean.dscalar.nii
✓ Saved group contrast mean (8 subj): /ptmp/hmueller2/2025_ibc_latent/outputs/md_system/vertex_wise/group/group_MVIS_6_dots-2_dots_mean.dscalar.nii
✓ Saved group contrast mean (8 subj): /ptmp/hmueller2/2025_ibc_latent/outputs/md_system/vertex_wise/group/group_Attention_double_incongruent-double_congruent_mean.dscalar.nii
✓ Saved group contrast mean (6 subj): /ptmp/hmueller2/2025_ibc_latent/outputs/md_system/vertex_wise/group/group_VisualSearch_probe_item_four-probe_item_two_mean.dscalar.nii
✓ Saved group info: /ptmp/hmueller2/2025_ibc_latent/outputs/md_system/vertex_wise/group/group_MD_info.txt

============================================================
MD Mapping Complete!
============================================================
Results saved to: /ptmp/hmueller2/2025_ibc_latent/outputs/md_system/vertex_wise
Workbench geodesic smoothing applied: FWHM=4.0mm
Threshold applied: top 10.0% of vertices

============================================
Analysis completed successfully!
============================================
Results root: /ptmp/hmueller2/2025_ibc_latent/outputs/md_system
Vertex outputs: /ptmp/hmueller2/2025_ibc_latent/outputs/md_system/vertex_wise
Parcel outputs: /ptmp/hmueller2/2025_ibc_latent/outputs/md_system/parcel_based
Workbench geodesic smoothing used (FWHM=4.0).

To visualize with Workbench scene file:
  ./md_mapping_view.sh group /ptmp/hmueller2/2025_ibc_latent/outputs/md_system/vertex_wise --group

To compare subjects:
  python visualize_md_maps.py compare /ptmp/hmueller2/2025_ibc_latent/outputs/md_system/vertex_wise --output /ptmp/hmueller2/2025_ibc_latent/outputs/md_system/vertex_wise/figures

Job finished at: Fri Mar 27 10:59:47 CET 2026
============================================
