============================================
Multiple Demand System Mapping (SLURM)
============================================
Job ID: 870875
Node: compute-27
Start time: Tue Mar 10 15:33:11 CET 2026

Contrast base: /ptmp/hmueller2/2025_ibc_latent/outputs/glm/contrast_maps_fsLR
Output directory: /ptmp/hmueller2/2025_ibc_latent/outputs/md_system
Config file: /ptmp/hmueller2/2025_ibc_latent/misc/subjects_resting.txt
Subjects: 04 06 07 09 11 13 14 15 
Mode: vertex
Run group map: 1
Save individual contrasts: 0
Vertex smooth FWHM: 2.0
Vertex threshold percent: top 20%

Script directory: /home/hmueller2/ibc_code/ibc_latent/Multiple-Demand
Working directory: /home/hmueller2/ibc_code/ibc_latent
Container: /home/rglz/containers/gfae.sif

============================================
Running vertex-wise MD mapping
============================================
Command: python Command: /home/hmueller2/ibc_code/ibc_latent/Multiple-Demand/md_mapping.py Command: --subjects Command: 04 Command: 06 Command: 07 Command: 09 Command: 11 Command: 13 Command: 14 Command: 15 Command: --contrast-base Command: /ptmp/hmueller2/2025_ibc_latent/outputs/glm/contrast_maps_fsLR Command: --output Command: /ptmp/hmueller2/2025_ibc_latent/outputs/md_system/vertex_wise Command: --smooth Command: 2.0 Command: --wb-command Command: wb_command Command: --left-surface Command: /home/hmueller2/ibc_code/ibc_latent/MSCcodebase/Utilities/Conte69_atlas-v2.LR.32k_fs_LR.wb/Conte69.L.midthickness.32k_fs_LR.surf.gii Command: --right-surface Command: /home/hmueller2/ibc_code/ibc_latent/MSCcodebase/Utilities/Conte69_atlas-v2.LR.32k_fs_LR.wb/Conte69.R.midthickness.32k_fs_LR.surf.gii Command: --group Command: --no-individual-contrasts Command: --threshold-percent Command: 20 

============================================================
Processing subject 04
============================================================
  Looking for contrasts in: /ptmp/hmueller2/2025_ibc_latent/outputs/glm/contrast_maps_fsLR/sub-04
  Subject directory contents (92 items): ['.DS_Store', '._.DS_Store', 'res_task-ArchiEmotional_space-fsLR_dir-ffx', 'res_task-ArchiSocial_space-fsLR_dir-ffx', 'res_task-ArchiSpatial_space-fsLR_dir-ffx', 'res_task-ArchiStandard_space-fsLR_dir-ffx', 'res_task-Attention_space-fsLR_dir-ffx', 'res_task-Audi_space-fsLR_dir-ffx', 'res_task-BiologicalMotion1_space-fsLR_dir-ffx', 'res_task-BiologicalMotion2_space-fsLR_dir-ffx', 'res_task-BreathHolding_space-fsLR_dir-ffx', 'res_task-Catell_space-fsLR_dir-ffx', 'res_task-Checkerboard_space-fsLR_dir-ffx', 'res_task-Color_space-fsLR_dir-ffx', 'res_task-ColumbiaCards_space-fsLR_dir-ffx', 'res_task-Discount_space-fsLR_dir-ffx', 'res_task-DotPatterns_space-fsLR_dir-ffx', 'res_task-EmoMem_space-fsLR_dir-ffx', 'res_task-EmoReco_space-fsLR_dir-ffx', 'res_task-EmotionalPain_space-fsLR_dir-ffx', 'res_task-Enumeration_space-fsLR_dir-ffx', 'res_task-FaceBody_space-fsLR_dir-ffx', 'res_task-FingerTap_space-fsLR_dir-ffx', 'res_task-HcpEmotion_space-fsLR_dir-ffx', 'res_task-HcpGambling_space-fsLR_dir-ffx', 'res_task-HcpLanguage_space-fsLR_dir-ffx', 'res_task-HcpMotor_space-fsLR_dir-ffx', 'res_task-HcpRelational_space-fsLR_dir-ffx', 'res_task-HcpSocial_space-fsLR_dir-ffx', 'res_task-HcpWm_space-fsLR_dir-ffx', 'res_task-ItemRecognition_space-fsLR_dir-ffx', 'res_task-Lec1_space-fsLR_dir-ffx', 'res_task-Lec2_space-fsLR_dir-ffx', 'res_task-MCSE_space-fsLR_dir-ffx', 'res_task-MTTNS_space-fsLR_dir-ffx', 'res_task-MTTWE_space-fsLR_dir-ffx', 'res_task-MVEB_space-fsLR_dir-ffx', 'res_task-MVIS_space-fsLR_dir-ffx', 'res_task-MathLanguage_space-fsLR_dir-ffx', 'res_task-Motion_space-fsLR_dir-ffx', 'res_task-Moto_space-fsLR_dir-ffx', 'res_task-NARPS_space-fsLR_dir-ffx', 'res_task-PainMovie_space-fsLR_dir-ffx', 'res_task-PreferenceFaces_space-fsLR_dir-ffx', 'res_task-PreferenceFood_space-fsLR_dir-ffx', 'res_task-PreferenceHouses_space-fsLR_dir-ffx', 'res_task-PreferencePaintings_space-fsLR_dir-ffx', 'res_task-RSVPLanguage_space-fsLR_dir-ffx', 'res_task-RewProc_space-fsLR_dir-ffx', 'res_task-Scene_space-fsLR_dir-ffx', 'res_task-SelectiveStopSignal_space-fsLR_dir-ffx', 'res_task-Self_space-fsLR_dir-ffx', 'res_task-SpatialNavigation_space-fsLR_dir-ffx', 'res_task-StopNogo_space-fsLR_dir-ffx', 'res_task-StopSignal_space-fsLR_dir-ffx', 'res_task-Stroop_space-fsLR_dir-ffx', 'res_task-TheoryOfMind_space-fsLR_dir-ffx', 'res_task-TwoByTwo_space-fsLR_dir-ffx', 'res_task-VSTMC_space-fsLR_dir-ffx', 'res_task-VSTM_space-fsLR_dir-ffx', 'res_task-Visu_space-fsLR_dir-ffx', 'res_task-VisualSearch_space-fsLR_dir-ffx', 'res_task-WardAndAllport_space-fsLR_dir-ffx', 'res_task-WedgeAnti_space-fsLR_dir-ffx', 'res_task-WedgeClock_space-fsLR_dir-ffx', 'ses-00', 'ses-01', 'ses-02', 'ses-03', 'ses-04', 'ses-09', 'ses-11', 'ses-12', 'ses-15', 'ses-16', 'ses-17', 'ses-18', 'ses-19', 'ses-21', 'ses-24', 'ses-25', 'ses-26', 'ses-29', 'ses-30', 'ses-31', 'ses-35', 'ses-36', 'ses-37', 'ses-38', 'ses-39', 'ses-40', 'ses-42']
  ✓ Loaded: HcpWm/2back-0back
  ✓ Loaded: ItemRecognition/encode5-encode1
  ✓ Loaded: Stroop/incongruent-congruent
  ✓ Loaded: Catell/hard-easy

Applied Workbench CIFTI smoothing to input contrasts (FWHM=2.0mm)

Combined 4 MD contrasts
Mean z-score: 0.007 ± 0.406
Max z-score: 2.232

Subject MD mean map range before threshold: min=-2.157, max=2.232
Threshold mode: top 20.0% of vertices
Percentile cutoff (80.0th): 0.297
Retained vertices: 18257 (20.0%)

✓ Saved mean MD map: /ptmp/hmueller2/2025_ibc_latent/outputs/md_system/vertex_wise/sub-04/sub-04_MD_mean.dscalar.nii
✓ Saved thresholded MD map: /ptmp/hmueller2/2025_ibc_latent/outputs/md_system/vertex_wise/sub-04/sub-04_MD_mean_thresh_top20pct_cutoff0.297.dscalar.nii
✓ Saved std MD map: /ptmp/hmueller2/2025_ibc_latent/outputs/md_system/vertex_wise/sub-04/sub-04_MD_std.dscalar.nii
✓ Saved contrast info: /ptmp/hmueller2/2025_ibc_latent/outputs/md_system/vertex_wise/sub-04/sub-04_MD_contrasts.txt

============================================================
Processing subject 06
============================================================
  Looking for contrasts in: /ptmp/hmueller2/2025_ibc_latent/outputs/glm/contrast_maps_fsLR/sub-06
  Subject directory contents (90 items): ['res_task-ArchiEmotional_space-fsLR_dir-ffx', 'res_task-ArchiSocial_space-fsLR_dir-ffx', 'res_task-ArchiSpatial_space-fsLR_dir-ffx', 'res_task-ArchiStandard_space-fsLR_dir-ffx', 'res_task-Attention_space-fsLR_dir-ffx', 'res_task-Audi_space-fsLR_dir-ffx', 'res_task-BiologicalMotion1_space-fsLR_dir-ffx', 'res_task-BiologicalMotion2_space-fsLR_dir-ffx', 'res_task-BreathHolding_space-fsLR_dir-ffx', 'res_task-Catell_space-fsLR_dir-ffx', 'res_task-Checkerboard_space-fsLR_dir-ffx', 'res_task-Color_space-fsLR_dir-ffx', 'res_task-ColumbiaCards_space-fsLR_dir-ffx', 'res_task-Discount_space-fsLR_dir-ffx', 'res_task-DotPatterns_space-fsLR_dir-ffx', 'res_task-EmoMem_space-fsLR_dir-ffx', 'res_task-EmoReco_space-fsLR_dir-ffx', 'res_task-EmotionalPain_space-fsLR_dir-ffx', 'res_task-Enumeration_space-fsLR_dir-ffx', 'res_task-FaceBody_space-fsLR_dir-ffx', 'res_task-FingerTap_space-fsLR_dir-ffx', 'res_task-HcpEmotion_space-fsLR_dir-ffx', 'res_task-HcpGambling_space-fsLR_dir-ffx', 'res_task-HcpLanguage_space-fsLR_dir-ffx', 'res_task-HcpMotor_space-fsLR_dir-ffx', 'res_task-HcpRelational_space-fsLR_dir-ffx', 'res_task-HcpSocial_space-fsLR_dir-ffx', 'res_task-HcpWm_space-fsLR_dir-ffx', 'res_task-ItemRecognition_space-fsLR_dir-ffx', 'res_task-Lec1_space-fsLR_dir-ffx', 'res_task-Lec2_space-fsLR_dir-ffx', 'res_task-MCSE_space-fsLR_dir-ffx', 'res_task-MTTNS_space-fsLR_dir-ffx', 'res_task-MTTWE_space-fsLR_dir-ffx', 'res_task-MVEB_space-fsLR_dir-ffx', 'res_task-MVIS_space-fsLR_dir-ffx', 'res_task-MathLanguage_space-fsLR_dir-ffx', 'res_task-Motion_space-fsLR_dir-ffx', 'res_task-Moto_space-fsLR_dir-ffx', 'res_task-NARPS_space-fsLR_dir-ffx', 'res_task-PainMovie_space-fsLR_dir-ffx', 'res_task-PreferenceFaces_space-fsLR_dir-ffx', 'res_task-PreferenceFood_space-fsLR_dir-ffx', 'res_task-PreferenceHouses_space-fsLR_dir-ffx', 'res_task-PreferencePaintings_space-fsLR_dir-ffx', 'res_task-RSVPLanguage_space-fsLR_dir-ffx', 'res_task-RewProc_space-fsLR_dir-ffx', 'res_task-Scene_space-fsLR_dir-ffx', 'res_task-SelectiveStopSignal_space-fsLR_dir-ffx', 'res_task-Self_space-fsLR_dir-ffx', 'res_task-SpatialNavigation_space-fsLR_dir-ffx', 'res_task-StopNogo_space-fsLR_dir-ffx', 'res_task-StopSignal_space-fsLR_dir-ffx', 'res_task-Stroop_space-fsLR_dir-ffx', 'res_task-TheoryOfMind_space-fsLR_dir-ffx', 'res_task-TwoByTwo_space-fsLR_dir-ffx', 'res_task-VSTMC_space-fsLR_dir-ffx', 'res_task-VSTM_space-fsLR_dir-ffx', 'res_task-Visu_space-fsLR_dir-ffx', 'res_task-VisualSearch_space-fsLR_dir-ffx', 'res_task-WardAndAllport_space-fsLR_dir-ffx', 'res_task-WedgeAnti_space-fsLR_dir-ffx', 'res_task-WedgeClock_space-fsLR_dir-ffx', 'ses-00', 'ses-01', 'ses-02', 'ses-03', 'ses-04', 'ses-08', 'ses-11', 'ses-12', 'ses-15', 'ses-16', 'ses-17', 'ses-18', 'ses-19', 'ses-21', 'ses-24', 'ses-25', 'ses-26', 'ses-29', 'ses-30', 'ses-31', 'ses-35', 'ses-36', 'ses-37', 'ses-38', 'ses-39', 'ses-40', 'ses-42']
  ✓ Loaded: HcpWm/2back-0back
  ✓ Loaded: ItemRecognition/encode5-encode1
  ✓ Loaded: Stroop/incongruent-congruent
  ✓ Loaded: Catell/hard-easy

Applied Workbench CIFTI smoothing to input contrasts (FWHM=2.0mm)

Combined 4 MD contrasts
Mean z-score: -0.008 ± 0.443
Max z-score: 3.179

Subject MD mean map range before threshold: min=-2.666, max=3.179
Threshold mode: top 20.0% of vertices
Percentile cutoff (80.0th): 0.342
Retained vertices: 18257 (20.0%)

✓ Saved mean MD map: /ptmp/hmueller2/2025_ibc_latent/outputs/md_system/vertex_wise/sub-06/sub-06_MD_mean.dscalar.nii
✓ Saved thresholded MD map: /ptmp/hmueller2/2025_ibc_latent/outputs/md_system/vertex_wise/sub-06/sub-06_MD_mean_thresh_top20pct_cutoff0.342.dscalar.nii
