============================================
Multiple Demand System Mapping (SLURM)
============================================
Job ID: 870827
Node: compute-27
Start time: Mon Mar  9 14:34:30 CET 2026

Contrast base: /ptmp/hmueller2/2025_ibc_latent/outputs/glm/contrast_maps_fsLR
Output directory: /ptmp/hmueller2/2025_ibc_latent/outputs/md_system
Config file: /ptmp/hmueller2/2025_ibc_latent/misc/subjects_resting.txt
Subjects: 04 06 07 09 11 13 14 15 
Mode: parcels
Run group map: 1
Save individual contrasts: 0
Vertex smooth FWHM: 4.0
Vertex threshold z: 2.3

Script directory: /home/hmueller2/ibc_code/ibc_latent/Multiple-Demand
Working directory: /home/hmueller2/ibc_code/ibc_latent
Container: /home/rglz/containers/gfae.sif

============================================
Running parcel-based MD mapping
============================================
Command: python Command: /home/hmueller2/ibc_code/ibc_latent/Multiple-Demand/md_mapping_parcels.py Command: --subjects Command: 04 Command: 06 Command: 07 Command: 09 Command: 11 Command: 13 Command: 14 Command: 15 Command: --contrast-base Command: /ptmp/hmueller2/2025_ibc_latent/outputs/glm/contrast_maps_fsLR Command: --output Command: /ptmp/hmueller2/2025_ibc_latent/outputs/md_system/parcel_based Command: --group Command: --no-individual-contrasts 
Loading HCP 360 parcellation from: /home/hmueller2/atlases/fsLR/Q1-Q6_RelatedValidation210.CorticalAreas_dil_Final_Final_Areas_Group_Colors.32k_fs_LR.dlabel.nii
Extracted cortical parcellation (59412 vertices)
Loaded 360 cortical parcels from 360-parcel atlas

============================================================
Processing subject 04 (parcel-based)
============================================================
  Looking for contrasts in: /ptmp/hmueller2/2025_ibc_latent/outputs/glm/contrast_maps_fsLR/sub-04
  Subject directory contents (92 items): ['.DS_Store', '._.DS_Store', 'res_task-ArchiEmotional_space-fsLR_dir-ffx', 'res_task-ArchiSocial_space-fsLR_dir-ffx', 'res_task-ArchiSpatial_space-fsLR_dir-ffx', 'res_task-ArchiStandard_space-fsLR_dir-ffx', 'res_task-Attention_space-fsLR_dir-ffx', 'res_task-Audi_space-fsLR_dir-ffx', 'res_task-BiologicalMotion1_space-fsLR_dir-ffx', 'res_task-BiologicalMotion2_space-fsLR_dir-ffx', 'res_task-BreathHolding_space-fsLR_dir-ffx', 'res_task-Catell_space-fsLR_dir-ffx', 'res_task-Checkerboard_space-fsLR_dir-ffx', 'res_task-Color_space-fsLR_dir-ffx', 'res_task-ColumbiaCards_space-fsLR_dir-ffx', 'res_task-Discount_space-fsLR_dir-ffx', 'res_task-DotPatterns_space-fsLR_dir-ffx', 'res_task-EmoMem_space-fsLR_dir-ffx', 'res_task-EmoReco_space-fsLR_dir-ffx', 'res_task-EmotionalPain_space-fsLR_dir-ffx', 'res_task-Enumeration_space-fsLR_dir-ffx', 'res_task-FaceBody_space-fsLR_dir-ffx', 'res_task-FingerTap_space-fsLR_dir-ffx', 'res_task-HcpEmotion_space-fsLR_dir-ffx', 'res_task-HcpGambling_space-fsLR_dir-ffx', 'res_task-HcpLanguage_space-fsLR_dir-ffx', 'res_task-HcpMotor_space-fsLR_dir-ffx', 'res_task-HcpRelational_space-fsLR_dir-ffx', 'res_task-HcpSocial_space-fsLR_dir-ffx', 'res_task-HcpWm_space-fsLR_dir-ffx', 'res_task-ItemRecognition_space-fsLR_dir-ffx', 'res_task-Lec1_space-fsLR_dir-ffx', 'res_task-Lec2_space-fsLR_dir-ffx', 'res_task-MCSE_space-fsLR_dir-ffx', 'res_task-MTTNS_space-fsLR_dir-ffx', 'res_task-MTTWE_space-fsLR_dir-ffx', 'res_task-MVEB_space-fsLR_dir-ffx', 'res_task-MVIS_space-fsLR_dir-ffx', 'res_task-MathLanguage_space-fsLR_dir-ffx', 'res_task-Motion_space-fsLR_dir-ffx', 'res_task-Moto_space-fsLR_dir-ffx', 'res_task-NARPS_space-fsLR_dir-ffx', 'res_task-PainMovie_space-fsLR_dir-ffx', 'res_task-PreferenceFaces_space-fsLR_dir-ffx', 'res_task-PreferenceFood_space-fsLR_dir-ffx', 'res_task-PreferenceHouses_space-fsLR_dir-ffx', 'res_task-PreferencePaintings_space-fsLR_dir-ffx', 'res_task-RSVPLanguage_space-fsLR_dir-ffx', 'res_task-RewProc_space-fsLR_dir-ffx', 'res_task-Scene_space-fsLR_dir-ffx', 'res_task-SelectiveStopSignal_space-fsLR_dir-ffx', 'res_task-Self_space-fsLR_dir-ffx', 'res_task-SpatialNavigation_space-fsLR_dir-ffx', 'res_task-StopNogo_space-fsLR_dir-ffx', 'res_task-StopSignal_space-fsLR_dir-ffx', 'res_task-Stroop_space-fsLR_dir-ffx', 'res_task-TheoryOfMind_space-fsLR_dir-ffx', 'res_task-TwoByTwo_space-fsLR_dir-ffx', 'res_task-VSTMC_space-fsLR_dir-ffx', 'res_task-VSTM_space-fsLR_dir-ffx', 'res_task-Visu_space-fsLR_dir-ffx', 'res_task-VisualSearch_space-fsLR_dir-ffx', 'res_task-WardAndAllport_space-fsLR_dir-ffx', 'res_task-WedgeAnti_space-fsLR_dir-ffx', 'res_task-WedgeClock_space-fsLR_dir-ffx', 'ses-00', 'ses-01', 'ses-02', 'ses-03', 'ses-04', 'ses-09', 'ses-11', 'ses-12', 'ses-15', 'ses-16', 'ses-17', 'ses-18', 'ses-19', 'ses-21', 'ses-24', 'ses-25', 'ses-26', 'ses-29', 'ses-30', 'ses-31', 'ses-35', 'ses-36', 'ses-37', 'ses-38', 'ses-39', 'ses-40', 'ses-42']
  ✗ Failed to extract cortical data for HcpWm/2back-0back: too many values to unpack (expected 2)
  ✗ Failed to extract cortical data for ItemRecognition/encode5-encode1: too many values to unpack (expected 2)
  - Not available: MDTB/2back_hard-easy
  - Not available: MDTB/search_hard-easy
  - Not available: MDTB/semantic_hard-easy
  - Not available: MDTB/finger_complex-simple
  - Not available: GoodBadUgly/dot_hard-easy
  ✗ Failed to extract cortical data for Stroop/incongruent-congruent: too many values to unpack (expected 2)
  ✗ Failed to extract cortical data for Catell/hard-easy: too many values to unpack (expected 2)
No MD contrasts available for subject 04

============================================================
Processing subject 06 (parcel-based)
============================================================
  Looking for contrasts in: /ptmp/hmueller2/2025_ibc_latent/outputs/glm/contrast_maps_fsLR/sub-06
  Subject directory contents (90 items): ['res_task-ArchiEmotional_space-fsLR_dir-ffx', 'res_task-ArchiSocial_space-fsLR_dir-ffx', 'res_task-ArchiSpatial_space-fsLR_dir-ffx', 'res_task-ArchiStandard_space-fsLR_dir-ffx', 'res_task-Attention_space-fsLR_dir-ffx', 'res_task-Audi_space-fsLR_dir-ffx', 'res_task-BiologicalMotion1_space-fsLR_dir-ffx', 'res_task-BiologicalMotion2_space-fsLR_dir-ffx', 'res_task-BreathHolding_space-fsLR_dir-ffx', 'res_task-Catell_space-fsLR_dir-ffx', 'res_task-Checkerboard_space-fsLR_dir-ffx', 'res_task-Color_space-fsLR_dir-ffx', 'res_task-ColumbiaCards_space-fsLR_dir-ffx', 'res_task-Discount_space-fsLR_dir-ffx', 'res_task-DotPatterns_space-fsLR_dir-ffx', 'res_task-EmoMem_space-fsLR_dir-ffx', 'res_task-EmoReco_space-fsLR_dir-ffx', 'res_task-EmotionalPain_space-fsLR_dir-ffx', 'res_task-Enumeration_space-fsLR_dir-ffx', 'res_task-FaceBody_space-fsLR_dir-ffx', 'res_task-FingerTap_space-fsLR_dir-ffx', 'res_task-HcpEmotion_space-fsLR_dir-ffx', 'res_task-HcpGambling_space-fsLR_dir-ffx', 'res_task-HcpLanguage_space-fsLR_dir-ffx', 'res_task-HcpMotor_space-fsLR_dir-ffx', 'res_task-HcpRelational_space-fsLR_dir-ffx', 'res_task-HcpSocial_space-fsLR_dir-ffx', 'res_task-HcpWm_space-fsLR_dir-ffx', 'res_task-ItemRecognition_space-fsLR_dir-ffx', 'res_task-Lec1_space-fsLR_dir-ffx', 'res_task-Lec2_space-fsLR_dir-ffx', 'res_task-MCSE_space-fsLR_dir-ffx', 'res_task-MTTNS_space-fsLR_dir-ffx', 'res_task-MTTWE_space-fsLR_dir-ffx', 'res_task-MVEB_space-fsLR_dir-ffx', 'res_task-MVIS_space-fsLR_dir-ffx', 'res_task-MathLanguage_space-fsLR_dir-ffx', 'res_task-Motion_space-fsLR_dir-ffx', 'res_task-Moto_space-fsLR_dir-ffx', 'res_task-NARPS_space-fsLR_dir-ffx', 'res_task-PainMovie_space-fsLR_dir-ffx', 'res_task-PreferenceFaces_space-fsLR_dir-ffx', 'res_task-PreferenceFood_space-fsLR_dir-ffx', 'res_task-PreferenceHouses_space-fsLR_dir-ffx', 'res_task-PreferencePaintings_space-fsLR_dir-ffx', 'res_task-RSVPLanguage_space-fsLR_dir-ffx', 'res_task-RewProc_space-fsLR_dir-ffx', 'res_task-Scene_space-fsLR_dir-ffx', 'res_task-SelectiveStopSignal_space-fsLR_dir-ffx', 'res_task-Self_space-fsLR_dir-ffx', 'res_task-SpatialNavigation_space-fsLR_dir-ffx', 'res_task-StopNogo_space-fsLR_dir-ffx', 'res_task-StopSignal_space-fsLR_dir-ffx', 'res_task-Stroop_space-fsLR_dir-ffx', 'res_task-TheoryOfMind_space-fsLR_dir-ffx', 'res_task-TwoByTwo_space-fsLR_dir-ffx', 'res_task-VSTMC_space-fsLR_dir-ffx', 'res_task-VSTM_space-fsLR_dir-ffx', 'res_task-Visu_space-fsLR_dir-ffx', 'res_task-VisualSearch_space-fsLR_dir-ffx', 'res_task-WardAndAllport_space-fsLR_dir-ffx', 'res_task-WedgeAnti_space-fsLR_dir-ffx', 'res_task-WedgeClock_space-fsLR_dir-ffx', 'ses-00', 'ses-01', 'ses-02', 'ses-03', 'ses-04', 'ses-08', 'ses-11', 'ses-12', 'ses-15', 'ses-16', 'ses-17', 'ses-18', 'ses-19', 'ses-21', 'ses-24', 'ses-25', 'ses-26', 'ses-29', 'ses-30', 'ses-31', 'ses-35', 'ses-36', 'ses-37', 'ses-38', 'ses-39', 'ses-40', 'ses-42']
  ✗ Failed to extract cortical data for HcpWm/2back-0back: too many values to unpack (expected 2)
  ✗ Failed to extract cortical data for ItemRecognition/encode5-encode1: too many values to unpack (expected 2)
  - Not available: MDTB/2back_hard-easy
  - Not available: MDTB/search_hard-easy
  - Not available: MDTB/semantic_hard-easy
  - Not available: MDTB/finger_complex-simple
  - Not available: GoodBadUgly/dot_hard-easy
  ✗ Failed to extract cortical data for Stroop/incongruent-congruent: too many values to unpack (expected 2)
  ✗ Failed to extract cortical data for Catell/hard-easy: too many values to unpack (expected 2)
No MD contrasts available for subject 06

============================================================
Processing subject 07 (parcel-based)
============================================================
  Looking for contrasts in: /ptmp/hmueller2/2025_ibc_latent/outputs/glm/contrast_maps_fsLR/sub-07
  Subject directory contents (79 items): ['res_task-ArchiEmotional_space-fsLR_dir-ffx', 'res_task-ArchiSocial_space-fsLR_dir-ffx', 'res_task-ArchiSpatial_space-fsLR_dir-ffx', 'res_task-ArchiStandard_space-fsLR_dir-ffx', 'res_task-Attention_space-fsLR_dir-ffx', 'res_task-Audi_space-fsLR_dir-ffx', 'res_task-BiologicalMotion1_space-fsLR_dir-ffx', 'res_task-BiologicalMotion2_space-fsLR_dir-ffx', 'res_task-BreathHolding_space-fsLR_dir-ffx', 'res_task-Catell_space-fsLR_dir-ffx', 'res_task-Checkerboard_space-fsLR_dir-ffx', 'res_task-ColumbiaCards_space-fsLR_dir-ffx', 'res_task-Discount_space-fsLR_dir-ffx', 'res_task-DotPatterns_space-fsLR_dir-ffx', 'res_task-EmoMem_space-fsLR_dir-ffx', 'res_task-EmoReco_space-fsLR_dir-ffx', 'res_task-EmotionalPain_space-fsLR_dir-ffx', 'res_task-Enumeration_space-fsLR_dir-ffx', 'res_task-FingerTap_space-fsLR_dir-ffx', 'res_task-HcpEmotion_space-fsLR_dir-ffx', 'res_task-HcpGambling_space-fsLR_dir-ffx', 'res_task-HcpLanguage_space-fsLR_dir-ffx', 'res_task-HcpMotor_space-fsLR_dir-ffx', 'res_task-HcpRelational_space-fsLR_dir-ffx', 'res_task-HcpSocial_space-fsLR_dir-ffx', 'res_task-HcpWm_space-fsLR_dir-ffx', 'res_task-ItemRecognition_space-fsLR_dir-ffx', 'res_task-Lec1_space-fsLR_dir-ffx', 'res_task-Lec2_space-fsLR_dir-ffx', 'res_task-MCSE_space-fsLR_dir-ffx', 'res_task-MTTNS_space-fsLR_dir-ffx', 'res_task-MTTWE_space-fsLR_dir-ffx', 'res_task-MVEB_space-fsLR_dir-ffx', 'res_task-MVIS_space-fsLR_dir-ffx', 'res_task-MathLanguage_space-fsLR_dir-ffx', 'res_task-Moto_space-fsLR_dir-ffx', 'res_task-PainMovie_space-fsLR_dir-ffx', 'res_task-PreferenceFaces_space-fsLR_dir-ffx', 'res_task-PreferenceFood_space-fsLR_dir-ffx', 'res_task-PreferenceHouses_space-fsLR_dir-ffx', 'res_task-PreferencePaintings_space-fsLR_dir-ffx', 'res_task-RSVPLanguage_space-fsLR_dir-ffx', 'res_task-SelectiveStopSignal_space-fsLR_dir-ffx', 'res_task-Self_space-fsLR_dir-ffx', 'res_task-SpatialNavigation_space-fsLR_dir-ffx', 'res_task-StopNogo_space-fsLR_dir-ffx', 'res_task-StopSignal_space-fsLR_dir-ffx', 'res_task-Stroop_space-fsLR_dir-ffx', 'res_task-TheoryOfMind_space-fsLR_dir-ffx', 'res_task-TwoByTwo_space-fsLR_dir-ffx', 'res_task-VSTMC_space-fsLR_dir-ffx', 'res_task-VSTM_space-fsLR_dir-ffx', 'res_task-Visu_space-fsLR_dir-ffx', 'res_task-WardAndAllport_space-fsLR_dir-ffx', 'res_task-WedgeAnti_space-fsLR_dir-ffx', 'res_task-WedgeClock_space-fsLR_dir-ffx', 'ses-00', 'ses-01', 'ses-02', 'ses-03', 'ses-04', 'ses-08', 'ses-11', 'ses-12', 'ses-15', 'ses-16', 'ses-17', 'ses-18', 'ses-19', 'ses-23', 'ses-24', 'ses-25', 'ses-26', 'ses-29', 'ses-30', 'ses-31', 'ses-35', 'ses-36', 'ses-37']
  ✗ Failed to extract cortical data for HcpWm/2back-0back: too many values to unpack (expected 2)
  ✗ Failed to extract cortical data for ItemRecognition/encode5-encode1: too many values to unpack (expected 2)
  - Not available: MDTB/2back_hard-easy
  - Not available: MDTB/search_hard-easy
  - Not available: MDTB/semantic_hard-easy
  - Not available: MDTB/finger_complex-simple
  - Not available: GoodBadUgly/dot_hard-easy
  ✗ Failed to extract cortical data for Stroop/incongruent-congruent: too many values to unpack (expected 2)
  ✗ Failed to extract cortical data for Catell/hard-easy: too many values to unpack (expected 2)
No MD contrasts available for subject 07

============================================================
Processing subject 09 (parcel-based)
============================================================
  Looking for contrasts in: /ptmp/hmueller2/2025_ibc_latent/outputs/glm/contrast_maps_fsLR/sub-09
  Subject directory contents (90 items): ['res_task-ArchiEmotional_space-fsLR_dir-ffx', 'res_task-ArchiSocial_space-fsLR_dir-ffx', 'res_task-ArchiSpatial_space-fsLR_dir-ffx', 'res_task-ArchiStandard_space-fsLR_dir-ffx', 'res_task-Attention_space-fsLR_dir-ffx', 'res_task-Audi_space-fsLR_dir-ffx', 'res_task-BiologicalMotion1_space-fsLR_dir-ffx', 'res_task-BiologicalMotion2_space-fsLR_dir-ffx', 'res_task-BreathHolding_space-fsLR_dir-ffx', 'res_task-Catell_space-fsLR_dir-ffx', 'res_task-Checkerboard_space-fsLR_dir-ffx', 'res_task-Color_space-fsLR_dir-ffx', 'res_task-ColumbiaCards_space-fsLR_dir-ffx', 'res_task-Discount_space-fsLR_dir-ffx', 'res_task-DotPatterns_space-fsLR_dir-ffx', 'res_task-EmoMem_space-fsLR_dir-ffx', 'res_task-EmoReco_space-fsLR_dir-ffx', 'res_task-EmotionalPain_space-fsLR_dir-ffx', 'res_task-Enumeration_space-fsLR_dir-ffx', 'res_task-FaceBody_space-fsLR_dir-ffx', 'res_task-FingerTap_space-fsLR_dir-ffx', 'res_task-HcpEmotion_space-fsLR_dir-ffx', 'res_task-HcpGambling_space-fsLR_dir-ffx', 'res_task-HcpLanguage_space-fsLR_dir-ffx', 'res_task-HcpMotor_space-fsLR_dir-ffx', 'res_task-HcpRelational_space-fsLR_dir-ffx', 'res_task-HcpSocial_space-fsLR_dir-ffx', 'res_task-HcpWm_space-fsLR_dir-ffx', 'res_task-ItemRecognition_space-fsLR_dir-ffx', 'res_task-Lec1_space-fsLR_dir-ffx', 'res_task-Lec2_space-fsLR_dir-ffx', 'res_task-MCSE_space-fsLR_dir-ffx', 'res_task-MTTNS_space-fsLR_dir-ffx', 'res_task-MTTWE_space-fsLR_dir-ffx', 'res_task-MVEB_space-fsLR_dir-ffx', 'res_task-MVIS_space-fsLR_dir-ffx', 'res_task-MathLanguage_space-fsLR_dir-ffx', 'res_task-Motion_space-fsLR_dir-ffx', 'res_task-Moto_space-fsLR_dir-ffx', 'res_task-NARPS_space-fsLR_dir-ffx', 'res_task-PainMovie_space-fsLR_dir-ffx', 'res_task-PreferenceFaces_space-fsLR_dir-ffx', 'res_task-PreferenceFood_space-fsLR_dir-ffx', 'res_task-PreferenceHouses_space-fsLR_dir-ffx', 'res_task-PreferencePaintings_space-fsLR_dir-ffx', 'res_task-RSVPLanguage_space-fsLR_dir-ffx', 'res_task-RewProc_space-fsLR_dir-ffx', 'res_task-Scene_space-fsLR_dir-ffx', 'res_task-SelectiveStopSignal_space-fsLR_dir-ffx', 'res_task-Self_space-fsLR_dir-ffx', 'res_task-SpatialNavigation_space-fsLR_dir-ffx', 'res_task-StopNogo_space-fsLR_dir-ffx', 'res_task-StopSignal_space-fsLR_dir-ffx', 'res_task-Stroop_space-fsLR_dir-ffx', 'res_task-TheoryOfMind_space-fsLR_dir-ffx', 'res_task-TwoByTwo_space-fsLR_dir-ffx', 'res_task-VSTMC_space-fsLR_dir-ffx', 'res_task-VSTM_space-fsLR_dir-ffx', 'res_task-Visu_space-fsLR_dir-ffx', 'res_task-VisualSearch_space-fsLR_dir-ffx', 'res_task-WardAndAllport_space-fsLR_dir-ffx', 'res_task-WedgeAnti_space-fsLR_dir-ffx', 'res_task-WedgeClock_space-fsLR_dir-ffx', 'ses-00', 'ses-01', 'ses-02', 'ses-04', 'ses-05', 'ses-10', 'ses-12', 'ses-13', 'ses-16', 'ses-17', 'ses-18', 'ses-20', 'ses-21', 'ses-22', 'ses-25', 'ses-26', 'ses-27', 'ses-30', 'ses-31', 'ses-32', 'ses-36', 'ses-37', 'ses-38', 'ses-39', 'ses-40', 'ses-41', 'ses-43']
  ✗ Failed to extract cortical data for HcpWm/2back-0back: too many values to unpack (expected 2)
  ✗ Failed to extract cortical data for ItemRecognition/encode5-encode1: too many values to unpack (expected 2)
  - Not available: MDTB/2back_hard-easy
  - Not available: MDTB/search_hard-easy
  - Not available: MDTB/semantic_hard-easy
  - Not available: MDTB/finger_complex-simple
  - Not available: GoodBadUgly/dot_hard-easy
  ✗ Failed to extract cortical data for Stroop/incongruent-congruent: too many values to unpack (expected 2)
  ✗ Failed to extract cortical data for Catell/hard-easy: too many values to unpack (expected 2)
No MD contrasts available for subject 09

============================================================
Processing subject 11 (parcel-based)
============================================================
  Looking for contrasts in: /ptmp/hmueller2/2025_ibc_latent/outputs/glm/contrast_maps_fsLR/sub-11
  Subject directory contents (89 items): ['res_task-ArchiEmotional_space-fsLR_dir-ffx', 'res_task-ArchiSocial_space-fsLR_dir-ffx', 'res_task-ArchiSpatial_space-fsLR_dir-ffx', 'res_task-ArchiStandard_space-fsLR_dir-ffx', 'res_task-Attention_space-fsLR_dir-ffx', 'res_task-Audi_space-fsLR_dir-ffx', 'res_task-BiologicalMotion1_space-fsLR_dir-ffx', 'res_task-BiologicalMotion2_space-fsLR_dir-ffx', 'res_task-BreathHolding_space-fsLR_dir-ffx', 'res_task-Catell_space-fsLR_dir-ffx', 'res_task-Checkerboard_space-fsLR_dir-ffx', 'res_task-Color_space-fsLR_dir-ffx', 'res_task-ColumbiaCards_space-fsLR_dir-ffx', 'res_task-Discount_space-fsLR_dir-ffx', 'res_task-DotPatterns_space-fsLR_dir-ffx', 'res_task-EmoMem_space-fsLR_dir-ffx', 'res_task-EmoReco_space-fsLR_dir-ffx', 'res_task-EmotionalPain_space-fsLR_dir-ffx', 'res_task-Enumeration_space-fsLR_dir-ffx', 'res_task-FaceBody_space-fsLR_dir-ffx', 'res_task-FingerTap_space-fsLR_dir-ffx', 'res_task-HcpEmotion_space-fsLR_dir-ffx', 'res_task-HcpGambling_space-fsLR_dir-ffx', 'res_task-HcpLanguage_space-fsLR_dir-ffx', 'res_task-HcpMotor_space-fsLR_dir-ffx', 'res_task-HcpRelational_space-fsLR_dir-ffx', 'res_task-HcpSocial_space-fsLR_dir-ffx', 'res_task-HcpWm_space-fsLR_dir-ffx', 'res_task-ItemRecognition_space-fsLR_dir-ffx', 'res_task-Lec1_space-fsLR_dir-ffx', 'res_task-Lec2_space-fsLR_dir-ffx', 'res_task-MCSE_space-fsLR_dir-ffx', 'res_task-MTTNS_space-fsLR_dir-ffx', 'res_task-MTTWE_space-fsLR_dir-ffx', 'res_task-MVEB_space-fsLR_dir-ffx', 'res_task-MVIS_space-fsLR_dir-ffx', 'res_task-MathLanguage_space-fsLR_dir-ffx', 'res_task-Motion_space-fsLR_dir-ffx', 'res_task-Moto_space-fsLR_dir-ffx', 'res_task-NARPS_space-fsLR_dir-ffx', 'res_task-PainMovie_space-fsLR_dir-ffx', 'res_task-PreferenceFaces_space-fsLR_dir-ffx', 'res_task-PreferenceFood_space-fsLR_dir-ffx', 'res_task-PreferenceHouses_space-fsLR_dir-ffx', 'res_task-RSVPLanguage_space-fsLR_dir-ffx', 'res_task-RewProc_space-fsLR_dir-ffx', 'res_task-Scene_space-fsLR_dir-ffx', 'res_task-SelectiveStopSignal_space-fsLR_dir-ffx', 'res_task-Self_space-fsLR_dir-ffx', 'res_task-SpatialNavigation_space-fsLR_dir-ffx', 'res_task-StopNogo_space-fsLR_dir-ffx', 'res_task-StopSignal_space-fsLR_dir-ffx', 'res_task-Stroop_space-fsLR_dir-ffx', 'res_task-TheoryOfMind_space-fsLR_dir-ffx', 'res_task-TwoByTwo_space-fsLR_dir-ffx', 'res_task-VSTMC_space-fsLR_dir-ffx', 'res_task-VSTM_space-fsLR_dir-ffx', 'res_task-Visu_space-fsLR_dir-ffx', 'res_task-VisualSearch_space-fsLR_dir-ffx', 'res_task-WardAndAllport_space-fsLR_dir-ffx', 'res_task-WedgeAnti_space-fsLR_dir-ffx', 'res_task-WedgeClock_space-fsLR_dir-ffx', 'ses-00', 'ses-01', 'ses-02', 'ses-03', 'ses-05', 'ses-08', 'ses-11', 'ses-12', 'ses-16', 'ses-18', 'ses-19', 'ses-20', 'ses-21', 'ses-22', 'ses-25', 'ses-26', 'ses-27', 'ses-30', 'ses-32', 'ses-36', 'ses-37', 'ses-38', 'ses-39', 'ses-40', 'ses-41', 'ses-42', 'ses-44']
  ✗ Failed to extract cortical data for HcpWm/2back-0back: too many values to unpack (expected 2)
  ✗ Failed to extract cortical data for ItemRecognition/encode5-encode1: too many values to unpack (expected 2)
  - Not available: MDTB/2back_hard-easy
  - Not available: MDTB/search_hard-easy
  - Not available: MDTB/semantic_hard-easy
  - Not available: MDTB/finger_complex-simple
  - Not available: GoodBadUgly/dot_hard-easy
  ✗ Failed to extract cortical data for Stroop/incongruent-congruent: too many values to unpack (expected 2)
  ✗ Failed to extract cortical data for Catell/hard-easy: too many values to unpack (expected 2)
No MD contrasts available for subject 11

============================================================
Processing subject 13 (parcel-based)
============================================================
  Looking for contrasts in: /ptmp/hmueller2/2025_ibc_latent/outputs/glm/contrast_maps_fsLR/sub-13
  Subject directory contents (78 items): ['res_task-ArchiEmotional_space-fsLR_dir-ffx', 'res_task-ArchiSocial_space-fsLR_dir-ffx', 'res_task-ArchiSpatial_space-fsLR_dir-ffx', 'res_task-ArchiStandard_space-fsLR_dir-ffx', 'res_task-Attention_space-fsLR_dir-ffx', 'res_task-Audi_space-fsLR_dir-ffx', 'res_task-BiologicalMotion1_space-fsLR_dir-ffx', 'res_task-BiologicalMotion2_space-fsLR_dir-ffx', 'res_task-BreathHolding_space-fsLR_dir-ffx', 'res_task-Catell_space-fsLR_dir-ffx', 'res_task-Checkerboard_space-fsLR_dir-ffx', 'res_task-ColumbiaCards_space-fsLR_dir-ffx', 'res_task-Discount_space-fsLR_dir-ffx', 'res_task-DotPatterns_space-fsLR_dir-ffx', 'res_task-EmoMem_space-fsLR_dir-ffx', 'res_task-EmoReco_space-fsLR_dir-ffx', 'res_task-EmotionalPain_space-fsLR_dir-ffx', 'res_task-Enumeration_space-fsLR_dir-ffx', 'res_task-FingerTap_space-fsLR_dir-ffx', 'res_task-HcpEmotion_space-fsLR_dir-ffx', 'res_task-HcpGambling_space-fsLR_dir-ffx', 'res_task-HcpLanguage_space-fsLR_dir-ffx', 'res_task-HcpMotor_space-fsLR_dir-ffx', 'res_task-HcpRelational_space-fsLR_dir-ffx', 'res_task-HcpSocial_space-fsLR_dir-ffx', 'res_task-HcpWm_space-fsLR_dir-ffx', 'res_task-ItemRecognition_space-fsLR_dir-ffx', 'res_task-Lec1_space-fsLR_dir-ffx', 'res_task-Lec2_space-fsLR_dir-ffx', 'res_task-MCSE_space-fsLR_dir-ffx', 'res_task-MTTNS_space-fsLR_dir-ffx', 'res_task-MTTWE_space-fsLR_dir-ffx', 'res_task-MVEB_space-fsLR_dir-ffx', 'res_task-MVIS_space-fsLR_dir-ffx', 'res_task-MathLanguage_space-fsLR_dir-ffx', 'res_task-Moto_space-fsLR_dir-ffx', 'res_task-PainMovie_space-fsLR_dir-ffx', 'res_task-PreferenceFaces_space-fsLR_dir-ffx', 'res_task-PreferenceHouses_space-fsLR_dir-ffx', 'res_task-PreferencePaintings_space-fsLR_dir-ffx', 'res_task-RSVPLanguage_space-fsLR_dir-ffx', 'res_task-SelectiveStopSignal_space-fsLR_dir-ffx', 'res_task-Self_space-fsLR_dir-ffx', 'res_task-SpatialNavigation_space-fsLR_dir-ffx', 'res_task-StopNogo_space-fsLR_dir-ffx', 'res_task-StopSignal_space-fsLR_dir-ffx', 'res_task-Stroop_space-fsLR_dir-ffx', 'res_task-TheoryOfMind_space-fsLR_dir-ffx', 'res_task-TwoByTwo_space-fsLR_dir-ffx', 'res_task-VSTMC_space-fsLR_dir-ffx', 'res_task-VSTM_space-fsLR_dir-ffx', 'res_task-Visu_space-fsLR_dir-ffx', 'res_task-WardAndAllport_space-fsLR_dir-ffx', 'res_task-WedgeAnti_space-fsLR_dir-ffx', 'res_task-WedgeClock_space-fsLR_dir-ffx', 'ses-00', 'ses-01', 'ses-02', 'ses-03', 'ses-04', 'ses-08', 'ses-11', 'ses-12', 'ses-15', 'ses-16', 'ses-17', 'ses-18', 'ses-19', 'ses-21', 'ses-24', 'ses-25', 'ses-26', 'ses-29', 'ses-30', 'ses-31', 'ses-35', 'ses-36', 'ses-37']
  ✗ Failed to extract cortical data for HcpWm/2back-0back: too many values to unpack (expected 2)
  ✗ Failed to extract cortical data for ItemRecognition/encode5-encode1: too many values to unpack (expected 2)
  - Not available: MDTB/2back_hard-easy
  - Not available: MDTB/search_hard-easy
  - Not available: MDTB/semantic_hard-easy
  - Not available: MDTB/finger_complex-simple
  - Not available: GoodBadUgly/dot_hard-easy
  ✗ Failed to extract cortical data for Stroop/incongruent-congruent: too many values to unpack (expected 2)
  ✗ Failed to extract cortical data for Catell/hard-easy: too many values to unpack (expected 2)
No MD contrasts available for subject 13

============================================================
Processing subject 14 (parcel-based)
============================================================
  Looking for contrasts in: /ptmp/hmueller2/2025_ibc_latent/outputs/glm/contrast_maps_fsLR/sub-14
  Subject directory contents (90 items): ['res_task-ArchiEmotional_space-fsLR_dir-ffx', 'res_task-ArchiSocial_space-fsLR_dir-ffx', 'res_task-ArchiSpatial_space-fsLR_dir-ffx', 'res_task-ArchiStandard_space-fsLR_dir-ffx', 'res_task-Attention_space-fsLR_dir-ffx', 'res_task-Audi_space-fsLR_dir-ffx', 'res_task-BiologicalMotion1_space-fsLR_dir-ffx', 'res_task-BiologicalMotion2_space-fsLR_dir-ffx', 'res_task-BreathHolding_space-fsLR_dir-ffx', 'res_task-Catell_space-fsLR_dir-ffx', 'res_task-Checkerboard_space-fsLR_dir-ffx', 'res_task-Color_space-fsLR_dir-ffx', 'res_task-ColumbiaCards_space-fsLR_dir-ffx', 'res_task-Discount_space-fsLR_dir-ffx', 'res_task-DotPatterns_space-fsLR_dir-ffx', 'res_task-EmoMem_space-fsLR_dir-ffx', 'res_task-EmoReco_space-fsLR_dir-ffx', 'res_task-EmotionalPain_space-fsLR_dir-ffx', 'res_task-Enumeration_space-fsLR_dir-ffx', 'res_task-FaceBody_space-fsLR_dir-ffx', 'res_task-FingerTap_space-fsLR_dir-ffx', 'res_task-HcpEmotion_space-fsLR_dir-ffx', 'res_task-HcpGambling_space-fsLR_dir-ffx', 'res_task-HcpLanguage_space-fsLR_dir-ffx', 'res_task-HcpMotor_space-fsLR_dir-ffx', 'res_task-HcpRelational_space-fsLR_dir-ffx', 'res_task-HcpSocial_space-fsLR_dir-ffx', 'res_task-HcpWm_space-fsLR_dir-ffx', 'res_task-ItemRecognition_space-fsLR_dir-ffx', 'res_task-Lec1_space-fsLR_dir-ffx', 'res_task-Lec2_space-fsLR_dir-ffx', 'res_task-MCSE_space-fsLR_dir-ffx', 'res_task-MTTNS_space-fsLR_dir-ffx', 'res_task-MTTWE_space-fsLR_dir-ffx', 'res_task-MVEB_space-fsLR_dir-ffx', 'res_task-MVIS_space-fsLR_dir-ffx', 'res_task-MathLanguage_space-fsLR_dir-ffx', 'res_task-Motion_space-fsLR_dir-ffx', 'res_task-Moto_space-fsLR_dir-ffx', 'res_task-NARPS_space-fsLR_dir-ffx', 'res_task-PainMovie_space-fsLR_dir-ffx', 'res_task-PreferenceFaces_space-fsLR_dir-ffx', 'res_task-PreferenceFood_space-fsLR_dir-ffx', 'res_task-PreferenceHouses_space-fsLR_dir-ffx', 'res_task-PreferencePaintings_space-fsLR_dir-ffx', 'res_task-RSVPLanguage_space-fsLR_dir-ffx', 'res_task-RewProc_space-fsLR_dir-ffx', 'res_task-Scene_space-fsLR_dir-ffx', 'res_task-SelectiveStopSignal_space-fsLR_dir-ffx', 'res_task-Self_space-fsLR_dir-ffx', 'res_task-SpatialNavigation_space-fsLR_dir-ffx', 'res_task-StopNogo_space-fsLR_dir-ffx', 'res_task-StopSignal_space-fsLR_dir-ffx', 'res_task-Stroop_space-fsLR_dir-ffx', 'res_task-TheoryOfMind_space-fsLR_dir-ffx', 'res_task-TwoByTwo_space-fsLR_dir-ffx', 'res_task-VSTMC_space-fsLR_dir-ffx', 'res_task-VSTM_space-fsLR_dir-ffx', 'res_task-Visu_space-fsLR_dir-ffx', 'res_task-VisualSearch_space-fsLR_dir-ffx', 'res_task-WardAndAllport_space-fsLR_dir-ffx', 'res_task-WedgeAnti_space-fsLR_dir-ffx', 'res_task-WedgeClock_space-fsLR_dir-ffx', 'ses-00', 'ses-01', 'ses-02', 'ses-03', 'ses-04', 'ses-10', 'ses-11', 'ses-12', 'ses-13', 'ses-16', 'ses-17', 'ses-18', 'ses-19', 'ses-21', 'ses-24', 'ses-25', 'ses-26', 'ses-29', 'ses-30', 'ses-34', 'ses-35', 'ses-36', 'ses-37', 'ses-38', 'ses-39', 'ses-40', 'ses-42']
  ✗ Failed to extract cortical data for HcpWm/2back-0back: too many values to unpack (expected 2)
  ✗ Failed to extract cortical data for ItemRecognition/encode5-encode1: too many values to unpack (expected 2)
  - Not available: MDTB/2back_hard-easy
  - Not available: MDTB/search_hard-easy
  - Not available: MDTB/semantic_hard-easy
  - Not available: MDTB/finger_complex-simple
  - Not available: GoodBadUgly/dot_hard-easy
  ✗ Failed to extract cortical data for Stroop/incongruent-congruent: too many values to unpack (expected 2)
  ✗ Failed to extract cortical data for Catell/hard-easy: too many values to unpack (expected 2)
No MD contrasts available for subject 14

============================================================
Processing subject 15 (parcel-based)
============================================================
  Looking for contrasts in: /ptmp/hmueller2/2025_ibc_latent/outputs/glm/contrast_maps_fsLR/sub-15
  Subject directory contents (89 items): ['res_task-ArchiEmotional_space-fsLR_dir-ffx', 'res_task-ArchiSocial_space-fsLR_dir-ffx', 'res_task-ArchiSpatial_space-fsLR_dir-ffx', 'res_task-ArchiStandard_space-fsLR_dir-ffx', 'res_task-Attention_space-fsLR_dir-ffx', 'res_task-Audi_space-fsLR_dir-ffx', 'res_task-BiologicalMotion1_space-fsLR_dir-ffx', 'res_task-BiologicalMotion2_space-fsLR_dir-ffx', 'res_task-BreathHolding_space-fsLR_dir-ffx', 'res_task-Catell_space-fsLR_dir-ffx', 'res_task-Checkerboard_space-fsLR_dir-ffx', 'res_task-Color_space-fsLR_dir-ffx', 'res_task-Discount_space-fsLR_dir-ffx', 'res_task-DotPatterns_space-fsLR_dir-ffx', 'res_task-EmoMem_space-fsLR_dir-ffx', 'res_task-EmoReco_space-fsLR_dir-ffx', 'res_task-EmotionalPain_space-fsLR_dir-ffx', 'res_task-Enumeration_space-fsLR_dir-ffx', 'res_task-FaceBody_space-fsLR_dir-ffx', 'res_task-FingerTap_space-fsLR_dir-ffx', 'res_task-HcpEmotion_space-fsLR_dir-ffx', 'res_task-HcpGambling_space-fsLR_dir-ffx', 'res_task-HcpLanguage_space-fsLR_dir-ffx', 'res_task-HcpMotor_space-fsLR_dir-ffx', 'res_task-HcpRelational_space-fsLR_dir-ffx', 'res_task-HcpSocial_space-fsLR_dir-ffx', 'res_task-HcpWm_space-fsLR_dir-ffx', 'res_task-ItemRecognition_space-fsLR_dir-ffx', 'res_task-Lec1_space-fsLR_dir-ffx', 'res_task-Lec2_space-fsLR_dir-ffx', 'res_task-MCSE_space-fsLR_dir-ffx', 'res_task-MTTNS_space-fsLR_dir-ffx', 'res_task-MTTWE_space-fsLR_dir-ffx', 'res_task-MVEB_space-fsLR_dir-ffx', 'res_task-MVIS_space-fsLR_dir-ffx', 'res_task-MathLanguage_space-fsLR_dir-ffx', 'res_task-Motion_space-fsLR_dir-ffx', 'res_task-Moto_space-fsLR_dir-ffx', 'res_task-NARPS_space-fsLR_dir-ffx', 'res_task-PainMovie_space-fsLR_dir-ffx', 'res_task-PreferenceFaces_space-fsLR_dir-ffx', 'res_task-PreferenceFood_space-fsLR_dir-ffx', 'res_task-PreferenceHouses_space-fsLR_dir-ffx', 'res_task-PreferencePaintings_space-fsLR_dir-ffx', 'res_task-RSVPLanguage_space-fsLR_dir-ffx', 'res_task-RewProc_space-fsLR_dir-ffx', 'res_task-Scene_space-fsLR_dir-ffx', 'res_task-SelectiveStopSignal_space-fsLR_dir-ffx', 'res_task-Self_space-fsLR_dir-ffx', 'res_task-SpatialNavigation_space-fsLR_dir-ffx', 'res_task-StopNogo_space-fsLR_dir-ffx', 'res_task-StopSignal_space-fsLR_dir-ffx', 'res_task-Stroop_space-fsLR_dir-ffx', 'res_task-TheoryOfMind_space-fsLR_dir-ffx', 'res_task-TwoByTwo_space-fsLR_dir-ffx', 'res_task-VSTMC_space-fsLR_dir-ffx', 'res_task-VSTM_space-fsLR_dir-ffx', 'res_task-Visu_space-fsLR_dir-ffx', 'res_task-VisualSearch_space-fsLR_dir-ffx', 'res_task-WardAndAllport_space-fsLR_dir-ffx', 'res_task-WedgeAnti_space-fsLR_dir-ffx', 'res_task-WedgeClock_space-fsLR_dir-ffx', 'ses-00', 'ses-01', 'ses-02', 'ses-03', 'ses-04', 'ses-05', 'ses-06', 'ses-10', 'ses-11', 'ses-14', 'ses-15', 'ses-19', 'ses-20', 'ses-21', 'ses-24', 'ses-25', 'ses-26', 'ses-29', 'ses-30', 'ses-31', 'ses-35', 'ses-36', 'ses-37', 'ses-38', 'ses-39', 'ses-40', 'ses-42']
  ✗ Failed to extract cortical data for HcpWm/2back-0back: too many values to unpack (expected 2)
  ✗ Failed to extract cortical data for ItemRecognition/encode5-encode1: too many values to unpack (expected 2)
  - Not available: MDTB/2back_hard-easy
  - Not available: MDTB/search_hard-easy
  - Not available: MDTB/semantic_hard-easy
  - Not available: MDTB/finger_complex-simple
  - Not available: GoodBadUgly/dot_hard-easy
  ✗ Failed to extract cortical data for Stroop/incongruent-congruent: too many values to unpack (expected 2)
  ✗ Failed to extract cortical data for Catell/hard-easy: too many values to unpack (expected 2)
No MD contrasts available for subject 15

============================================================
Computing Group-Level MD Map (Parcel-Based)
============================================================

============================================================
Processing subject 04 (parcel-based)
============================================================
  Looking for contrasts in: /ptmp/hmueller2/2025_ibc_latent/outputs/glm/contrast_maps_fsLR/sub-04
  Subject directory contents (92 items): ['.DS_Store', '._.DS_Store', 'res_task-ArchiEmotional_space-fsLR_dir-ffx', 'res_task-ArchiSocial_space-fsLR_dir-ffx', 'res_task-ArchiSpatial_space-fsLR_dir-ffx', 'res_task-ArchiStandard_space-fsLR_dir-ffx', 'res_task-Attention_space-fsLR_dir-ffx', 'res_task-Audi_space-fsLR_dir-ffx', 'res_task-BiologicalMotion1_space-fsLR_dir-ffx', 'res_task-BiologicalMotion2_space-fsLR_dir-ffx', 'res_task-BreathHolding_space-fsLR_dir-ffx', 'res_task-Catell_space-fsLR_dir-ffx', 'res_task-Checkerboard_space-fsLR_dir-ffx', 'res_task-Color_space-fsLR_dir-ffx', 'res_task-ColumbiaCards_space-fsLR_dir-ffx', 'res_task-Discount_space-fsLR_dir-ffx', 'res_task-DotPatterns_space-fsLR_dir-ffx', 'res_task-EmoMem_space-fsLR_dir-ffx', 'res_task-EmoReco_space-fsLR_dir-ffx', 'res_task-EmotionalPain_space-fsLR_dir-ffx', 'res_task-Enumeration_space-fsLR_dir-ffx', 'res_task-FaceBody_space-fsLR_dir-ffx', 'res_task-FingerTap_space-fsLR_dir-ffx', 'res_task-HcpEmotion_space-fsLR_dir-ffx', 'res_task-HcpGambling_space-fsLR_dir-ffx', 'res_task-HcpLanguage_space-fsLR_dir-ffx', 'res_task-HcpMotor_space-fsLR_dir-ffx', 'res_task-HcpRelational_space-fsLR_dir-ffx', 'res_task-HcpSocial_space-fsLR_dir-ffx', 'res_task-HcpWm_space-fsLR_dir-ffx', 'res_task-ItemRecognition_space-fsLR_dir-ffx', 'res_task-Lec1_space-fsLR_dir-ffx', 'res_task-Lec2_space-fsLR_dir-ffx', 'res_task-MCSE_space-fsLR_dir-ffx', 'res_task-MTTNS_space-fsLR_dir-ffx', 'res_task-MTTWE_space-fsLR_dir-ffx', 'res_task-MVEB_space-fsLR_dir-ffx', 'res_task-MVIS_space-fsLR_dir-ffx', 'res_task-MathLanguage_space-fsLR_dir-ffx', 'res_task-Motion_space-fsLR_dir-ffx', 'res_task-Moto_space-fsLR_dir-ffx', 'res_task-NARPS_space-fsLR_dir-ffx', 'res_task-PainMovie_space-fsLR_dir-ffx', 'res_task-PreferenceFaces_space-fsLR_dir-ffx', 'res_task-PreferenceFood_space-fsLR_dir-ffx', 'res_task-PreferenceHouses_space-fsLR_dir-ffx', 'res_task-PreferencePaintings_space-fsLR_dir-ffx', 'res_task-RSVPLanguage_space-fsLR_dir-ffx', 'res_task-RewProc_space-fsLR_dir-ffx', 'res_task-Scene_space-fsLR_dir-ffx', 'res_task-SelectiveStopSignal_space-fsLR_dir-ffx', 'res_task-Self_space-fsLR_dir-ffx', 'res_task-SpatialNavigation_space-fsLR_dir-ffx', 'res_task-StopNogo_space-fsLR_dir-ffx', 'res_task-StopSignal_space-fsLR_dir-ffx', 'res_task-Stroop_space-fsLR_dir-ffx', 'res_task-TheoryOfMind_space-fsLR_dir-ffx', 'res_task-TwoByTwo_space-fsLR_dir-ffx', 'res_task-VSTMC_space-fsLR_dir-ffx', 'res_task-VSTM_space-fsLR_dir-ffx', 'res_task-Visu_space-fsLR_dir-ffx', 'res_task-VisualSearch_space-fsLR_dir-ffx', 'res_task-WardAndAllport_space-fsLR_dir-ffx', 'res_task-WedgeAnti_space-fsLR_dir-ffx', 'res_task-WedgeClock_space-fsLR_dir-ffx', 'ses-00', 'ses-01', 'ses-02', 'ses-03', 'ses-04', 'ses-09', 'ses-11', 'ses-12', 'ses-15', 'ses-16', 'ses-17', 'ses-18', 'ses-19', 'ses-21', 'ses-24', 'ses-25', 'ses-26', 'ses-29', 'ses-30', 'ses-31', 'ses-35', 'ses-36', 'ses-37', 'ses-38', 'ses-39', 'ses-40', 'ses-42']
  ✗ Failed to extract cortical data for HcpWm/2back-0back: too many values to unpack (expected 2)
  ✗ Failed to extract cortical data for ItemRecognition/encode5-encode1: too many values to unpack (expected 2)
  - Not available: MDTB/2back_hard-easy
  - Not available: MDTB/search_hard-easy
  - Not available: MDTB/semantic_hard-easy
  - Not available: MDTB/finger_complex-simple
  - Not available: GoodBadUgly/dot_hard-easy
  ✗ Failed to extract cortical data for Stroop/incongruent-congruent: too many values to unpack (expected 2)
  ✗ Failed to extract cortical data for Catell/hard-easy: too many values to unpack (expected 2)
No MD contrasts available for subject 04

============================================================
Processing subject 06 (parcel-based)
============================================================
  Looking for contrasts in: /ptmp/hmueller2/2025_ibc_latent/outputs/glm/contrast_maps_fsLR/sub-06
  Subject directory contents (90 items): ['res_task-ArchiEmotional_space-fsLR_dir-ffx', 'res_task-ArchiSocial_space-fsLR_dir-ffx', 'res_task-ArchiSpatial_space-fsLR_dir-ffx', 'res_task-ArchiStandard_space-fsLR_dir-ffx', 'res_task-Attention_space-fsLR_dir-ffx', 'res_task-Audi_space-fsLR_dir-ffx', 'res_task-BiologicalMotion1_space-fsLR_dir-ffx', 'res_task-BiologicalMotion2_space-fsLR_dir-ffx', 'res_task-BreathHolding_space-fsLR_dir-ffx', 'res_task-Catell_space-fsLR_dir-ffx', 'res_task-Checkerboard_space-fsLR_dir-ffx', 'res_task-Color_space-fsLR_dir-ffx', 'res_task-ColumbiaCards_space-fsLR_dir-ffx', 'res_task-Discount_space-fsLR_dir-ffx', 'res_task-DotPatterns_space-fsLR_dir-ffx', 'res_task-EmoMem_space-fsLR_dir-ffx', 'res_task-EmoReco_space-fsLR_dir-ffx', 'res_task-EmotionalPain_space-fsLR_dir-ffx', 'res_task-Enumeration_space-fsLR_dir-ffx', 'res_task-FaceBody_space-fsLR_dir-ffx', 'res_task-FingerTap_space-fsLR_dir-ffx', 'res_task-HcpEmotion_space-fsLR_dir-ffx', 'res_task-HcpGambling_space-fsLR_dir-ffx', 'res_task-HcpLanguage_space-fsLR_dir-ffx', 'res_task-HcpMotor_space-fsLR_dir-ffx', 'res_task-HcpRelational_space-fsLR_dir-ffx', 'res_task-HcpSocial_space-fsLR_dir-ffx', 'res_task-HcpWm_space-fsLR_dir-ffx', 'res_task-ItemRecognition_space-fsLR_dir-ffx', 'res_task-Lec1_space-fsLR_dir-ffx', 'res_task-Lec2_space-fsLR_dir-ffx', 'res_task-MCSE_space-fsLR_dir-ffx', 'res_task-MTTNS_space-fsLR_dir-ffx', 'res_task-MTTWE_space-fsLR_dir-ffx', 'res_task-MVEB_space-fsLR_dir-ffx', 'res_task-MVIS_space-fsLR_dir-ffx', 'res_task-MathLanguage_space-fsLR_dir-ffx', 'res_task-Motion_space-fsLR_dir-ffx', 'res_task-Moto_space-fsLR_dir-ffx', 'res_task-NARPS_space-fsLR_dir-ffx', 'res_task-PainMovie_space-fsLR_dir-ffx', 'res_task-PreferenceFaces_space-fsLR_dir-ffx', 'res_task-PreferenceFood_space-fsLR_dir-ffx', 'res_task-PreferenceHouses_space-fsLR_dir-ffx', 'res_task-PreferencePaintings_space-fsLR_dir-ffx', 'res_task-RSVPLanguage_space-fsLR_dir-ffx', 'res_task-RewProc_space-fsLR_dir-ffx', 'res_task-Scene_space-fsLR_dir-ffx', 'res_task-SelectiveStopSignal_space-fsLR_dir-ffx', 'res_task-Self_space-fsLR_dir-ffx', 'res_task-SpatialNavigation_space-fsLR_dir-ffx', 'res_task-StopNogo_space-fsLR_dir-ffx', 'res_task-StopSignal_space-fsLR_dir-ffx', 'res_task-Stroop_space-fsLR_dir-ffx', 'res_task-TheoryOfMind_space-fsLR_dir-ffx', 'res_task-TwoByTwo_space-fsLR_dir-ffx', 'res_task-VSTMC_space-fsLR_dir-ffx', 'res_task-VSTM_space-fsLR_dir-ffx', 'res_task-Visu_space-fsLR_dir-ffx', 'res_task-VisualSearch_space-fsLR_dir-ffx', 'res_task-WardAndAllport_space-fsLR_dir-ffx', 'res_task-WedgeAnti_space-fsLR_dir-ffx', 'res_task-WedgeClock_space-fsLR_dir-ffx', 'ses-00', 'ses-01', 'ses-02', 'ses-03', 'ses-04', 'ses-08', 'ses-11', 'ses-12', 'ses-15', 'ses-16', 'ses-17', 'ses-18', 'ses-19', 'ses-21', 'ses-24', 'ses-25', 'ses-26', 'ses-29', 'ses-30', 'ses-31', 'ses-35', 'ses-36', 'ses-37', 'ses-38', 'ses-39', 'ses-40', 'ses-42']
  ✗ Failed to extract cortical data for HcpWm/2back-0back: too many values to unpack (expected 2)
  ✗ Failed to extract cortical data for ItemRecognition/encode5-encode1: too many values to unpack (expected 2)
  - Not available: MDTB/2back_hard-easy
  - Not available: MDTB/search_hard-easy
  - Not available: MDTB/semantic_hard-easy
  - Not available: MDTB/finger_complex-simple
  - Not available: GoodBadUgly/dot_hard-easy
  ✗ Failed to extract cortical data for Stroop/incongruent-congruent: too many values to unpack (expected 2)
  ✗ Failed to extract cortical data for Catell/hard-easy: too many values to unpack (expected 2)
No MD contrasts available for subject 06

============================================================
Processing subject 07 (parcel-based)
============================================================
  Looking for contrasts in: /ptmp/hmueller2/2025_ibc_latent/outputs/glm/contrast_maps_fsLR/sub-07
  Subject directory contents (79 items): ['res_task-ArchiEmotional_space-fsLR_dir-ffx', 'res_task-ArchiSocial_space-fsLR_dir-ffx', 'res_task-ArchiSpatial_space-fsLR_dir-ffx', 'res_task-ArchiStandard_space-fsLR_dir-ffx', 'res_task-Attention_space-fsLR_dir-ffx', 'res_task-Audi_space-fsLR_dir-ffx', 'res_task-BiologicalMotion1_space-fsLR_dir-ffx', 'res_task-BiologicalMotion2_space-fsLR_dir-ffx', 'res_task-BreathHolding_space-fsLR_dir-ffx', 'res_task-Catell_space-fsLR_dir-ffx', 'res_task-Checkerboard_space-fsLR_dir-ffx', 'res_task-ColumbiaCards_space-fsLR_dir-ffx', 'res_task-Discount_space-fsLR_dir-ffx', 'res_task-DotPatterns_space-fsLR_dir-ffx', 'res_task-EmoMem_space-fsLR_dir-ffx', 'res_task-EmoReco_space-fsLR_dir-ffx', 'res_task-EmotionalPain_space-fsLR_dir-ffx', 'res_task-Enumeration_space-fsLR_dir-ffx', 'res_task-FingerTap_space-fsLR_dir-ffx', 'res_task-HcpEmotion_space-fsLR_dir-ffx', 'res_task-HcpGambling_space-fsLR_dir-ffx', 'res_task-HcpLanguage_space-fsLR_dir-ffx', 'res_task-HcpMotor_space-fsLR_dir-ffx', 'res_task-HcpRelational_space-fsLR_dir-ffx', 'res_task-HcpSocial_space-fsLR_dir-ffx', 'res_task-HcpWm_space-fsLR_dir-ffx', 'res_task-ItemRecognition_space-fsLR_dir-ffx', 'res_task-Lec1_space-fsLR_dir-ffx', 'res_task-Lec2_space-fsLR_dir-ffx', 'res_task-MCSE_space-fsLR_dir-ffx', 'res_task-MTTNS_space-fsLR_dir-ffx', 'res_task-MTTWE_space-fsLR_dir-ffx', 'res_task-MVEB_space-fsLR_dir-ffx', 'res_task-MVIS_space-fsLR_dir-ffx', 'res_task-MathLanguage_space-fsLR_dir-ffx', 'res_task-Moto_space-fsLR_dir-ffx', 'res_task-PainMovie_space-fsLR_dir-ffx', 'res_task-PreferenceFaces_space-fsLR_dir-ffx', 'res_task-PreferenceFood_space-fsLR_dir-ffx', 'res_task-PreferenceHouses_space-fsLR_dir-ffx', 'res_task-PreferencePaintings_space-fsLR_dir-ffx', 'res_task-RSVPLanguage_space-fsLR_dir-ffx', 'res_task-SelectiveStopSignal_space-fsLR_dir-ffx', 'res_task-Self_space-fsLR_dir-ffx', 'res_task-SpatialNavigation_space-fsLR_dir-ffx', 'res_task-StopNogo_space-fsLR_dir-ffx', 'res_task-StopSignal_space-fsLR_dir-ffx', 'res_task-Stroop_space-fsLR_dir-ffx', 'res_task-TheoryOfMind_space-fsLR_dir-ffx', 'res_task-TwoByTwo_space-fsLR_dir-ffx', 'res_task-VSTMC_space-fsLR_dir-ffx', 'res_task-VSTM_space-fsLR_dir-ffx', 'res_task-Visu_space-fsLR_dir-ffx', 'res_task-WardAndAllport_space-fsLR_dir-ffx', 'res_task-WedgeAnti_space-fsLR_dir-ffx', 'res_task-WedgeClock_space-fsLR_dir-ffx', 'ses-00', 'ses-01', 'ses-02', 'ses-03', 'ses-04', 'ses-08', 'ses-11', 'ses-12', 'ses-15', 'ses-16', 'ses-17', 'ses-18', 'ses-19', 'ses-23', 'ses-24', 'ses-25', 'ses-26', 'ses-29', 'ses-30', 'ses-31', 'ses-35', 'ses-36', 'ses-37']
  ✗ Failed to extract cortical data for HcpWm/2back-0back: too many values to unpack (expected 2)
  ✗ Failed to extract cortical data for ItemRecognition/encode5-encode1: too many values to unpack (expected 2)
  - Not available: MDTB/2back_hard-easy
  - Not available: MDTB/search_hard-easy
  - Not available: MDTB/semantic_hard-easy
  - Not available: MDTB/finger_complex-simple
  - Not available: GoodBadUgly/dot_hard-easy
  ✗ Failed to extract cortical data for Stroop/incongruent-congruent: too many values to unpack (expected 2)
  ✗ Failed to extract cortical data for Catell/hard-easy: too many values to unpack (expected 2)
No MD contrasts available for subject 07

============================================================
Processing subject 09 (parcel-based)
============================================================
  Looking for contrasts in: /ptmp/hmueller2/2025_ibc_latent/outputs/glm/contrast_maps_fsLR/sub-09
  Subject directory contents (90 items): ['res_task-ArchiEmotional_space-fsLR_dir-ffx', 'res_task-ArchiSocial_space-fsLR_dir-ffx', 'res_task-ArchiSpatial_space-fsLR_dir-ffx', 'res_task-ArchiStandard_space-fsLR_dir-ffx', 'res_task-Attention_space-fsLR_dir-ffx', 'res_task-Audi_space-fsLR_dir-ffx', 'res_task-BiologicalMotion1_space-fsLR_dir-ffx', 'res_task-BiologicalMotion2_space-fsLR_dir-ffx', 'res_task-BreathHolding_space-fsLR_dir-ffx', 'res_task-Catell_space-fsLR_dir-ffx', 'res_task-Checkerboard_space-fsLR_dir-ffx', 'res_task-Color_space-fsLR_dir-ffx', 'res_task-ColumbiaCards_space-fsLR_dir-ffx', 'res_task-Discount_space-fsLR_dir-ffx', 'res_task-DotPatterns_space-fsLR_dir-ffx', 'res_task-EmoMem_space-fsLR_dir-ffx', 'res_task-EmoReco_space-fsLR_dir-ffx', 'res_task-EmotionalPain_space-fsLR_dir-ffx', 'res_task-Enumeration_space-fsLR_dir-ffx', 'res_task-FaceBody_space-fsLR_dir-ffx', 'res_task-FingerTap_space-fsLR_dir-ffx', 'res_task-HcpEmotion_space-fsLR_dir-ffx', 'res_task-HcpGambling_space-fsLR_dir-ffx', 'res_task-HcpLanguage_space-fsLR_dir-ffx', 'res_task-HcpMotor_space-fsLR_dir-ffx', 'res_task-HcpRelational_space-fsLR_dir-ffx', 'res_task-HcpSocial_space-fsLR_dir-ffx', 'res_task-HcpWm_space-fsLR_dir-ffx', 'res_task-ItemRecognition_space-fsLR_dir-ffx', 'res_task-Lec1_space-fsLR_dir-ffx', 'res_task-Lec2_space-fsLR_dir-ffx', 'res_task-MCSE_space-fsLR_dir-ffx', 'res_task-MTTNS_space-fsLR_dir-ffx', 'res_task-MTTWE_space-fsLR_dir-ffx', 'res_task-MVEB_space-fsLR_dir-ffx', 'res_task-MVIS_space-fsLR_dir-ffx', 'res_task-MathLanguage_space-fsLR_dir-ffx', 'res_task-Motion_space-fsLR_dir-ffx', 'res_task-Moto_space-fsLR_dir-ffx', 'res_task-NARPS_space-fsLR_dir-ffx', 'res_task-PainMovie_space-fsLR_dir-ffx', 'res_task-PreferenceFaces_space-fsLR_dir-ffx', 'res_task-PreferenceFood_space-fsLR_dir-ffx', 'res_task-PreferenceHouses_space-fsLR_dir-ffx', 'res_task-PreferencePaintings_space-fsLR_dir-ffx', 'res_task-RSVPLanguage_space-fsLR_dir-ffx', 'res_task-RewProc_space-fsLR_dir-ffx', 'res_task-Scene_space-fsLR_dir-ffx', 'res_task-SelectiveStopSignal_space-fsLR_dir-ffx', 'res_task-Self_space-fsLR_dir-ffx', 'res_task-SpatialNavigation_space-fsLR_dir-ffx', 'res_task-StopNogo_space-fsLR_dir-ffx', 'res_task-StopSignal_space-fsLR_dir-ffx', 'res_task-Stroop_space-fsLR_dir-ffx', 'res_task-TheoryOfMind_space-fsLR_dir-ffx', 'res_task-TwoByTwo_space-fsLR_dir-ffx', 'res_task-VSTMC_space-fsLR_dir-ffx', 'res_task-VSTM_space-fsLR_dir-ffx', 'res_task-Visu_space-fsLR_dir-ffx', 'res_task-VisualSearch_space-fsLR_dir-ffx', 'res_task-WardAndAllport_space-fsLR_dir-ffx', 'res_task-WedgeAnti_space-fsLR_dir-ffx', 'res_task-WedgeClock_space-fsLR_dir-ffx', 'ses-00', 'ses-01', 'ses-02', 'ses-04', 'ses-05', 'ses-10', 'ses-12', 'ses-13', 'ses-16', 'ses-17', 'ses-18', 'ses-20', 'ses-21', 'ses-22', 'ses-25', 'ses-26', 'ses-27', 'ses-30', 'ses-31', 'ses-32', 'ses-36', 'ses-37', 'ses-38', 'ses-39', 'ses-40', 'ses-41', 'ses-43']
  ✗ Failed to extract cortical data for HcpWm/2back-0back: too many values to unpack (expected 2)
  ✗ Failed to extract cortical data for ItemRecognition/encode5-encode1: too many values to unpack (expected 2)
  - Not available: MDTB/2back_hard-easy
  - Not available: MDTB/search_hard-easy
  - Not available: MDTB/semantic_hard-easy
  - Not available: MDTB/finger_complex-simple
  - Not available: GoodBadUgly/dot_hard-easy
  ✗ Failed to extract cortical data for Stroop/incongruent-congruent: too many values to unpack (expected 2)
  ✗ Failed to extract cortical data for Catell/hard-easy: too many values to unpack (expected 2)
No MD contrasts available for subject 09

============================================================
Processing subject 11 (parcel-based)
============================================================
  Looking for contrasts in: /ptmp/hmueller2/2025_ibc_latent/outputs/glm/contrast_maps_fsLR/sub-11
  Subject directory contents (89 items): ['res_task-ArchiEmotional_space-fsLR_dir-ffx', 'res_task-ArchiSocial_space-fsLR_dir-ffx', 'res_task-ArchiSpatial_space-fsLR_dir-ffx', 'res_task-ArchiStandard_space-fsLR_dir-ffx', 'res_task-Attention_space-fsLR_dir-ffx', 'res_task-Audi_space-fsLR_dir-ffx', 'res_task-BiologicalMotion1_space-fsLR_dir-ffx', 'res_task-BiologicalMotion2_space-fsLR_dir-ffx', 'res_task-BreathHolding_space-fsLR_dir-ffx', 'res_task-Catell_space-fsLR_dir-ffx', 'res_task-Checkerboard_space-fsLR_dir-ffx', 'res_task-Color_space-fsLR_dir-ffx', 'res_task-ColumbiaCards_space-fsLR_dir-ffx', 'res_task-Discount_space-fsLR_dir-ffx', 'res_task-DotPatterns_space-fsLR_dir-ffx', 'res_task-EmoMem_space-fsLR_dir-ffx', 'res_task-EmoReco_space-fsLR_dir-ffx', 'res_task-EmotionalPain_space-fsLR_dir-ffx', 'res_task-Enumeration_space-fsLR_dir-ffx', 'res_task-FaceBody_space-fsLR_dir-ffx', 'res_task-FingerTap_space-fsLR_dir-ffx', 'res_task-HcpEmotion_space-fsLR_dir-ffx', 'res_task-HcpGambling_space-fsLR_dir-ffx', 'res_task-HcpLanguage_space-fsLR_dir-ffx', 'res_task-HcpMotor_space-fsLR_dir-ffx', 'res_task-HcpRelational_space-fsLR_dir-ffx', 'res_task-HcpSocial_space-fsLR_dir-ffx', 'res_task-HcpWm_space-fsLR_dir-ffx', 'res_task-ItemRecognition_space-fsLR_dir-ffx', 'res_task-Lec1_space-fsLR_dir-ffx', 'res_task-Lec2_space-fsLR_dir-ffx', 'res_task-MCSE_space-fsLR_dir-ffx', 'res_task-MTTNS_space-fsLR_dir-ffx', 'res_task-MTTWE_space-fsLR_dir-ffx', 'res_task-MVEB_space-fsLR_dir-ffx', 'res_task-MVIS_space-fsLR_dir-ffx', 'res_task-MathLanguage_space-fsLR_dir-ffx', 'res_task-Motion_space-fsLR_dir-ffx', 'res_task-Moto_space-fsLR_dir-ffx', 'res_task-NARPS_space-fsLR_dir-ffx', 'res_task-PainMovie_space-fsLR_dir-ffx', 'res_task-PreferenceFaces_space-fsLR_dir-ffx', 'res_task-PreferenceFood_space-fsLR_dir-ffx', 'res_task-PreferenceHouses_space-fsLR_dir-ffx', 'res_task-RSVPLanguage_space-fsLR_dir-ffx', 'res_task-RewProc_space-fsLR_dir-ffx', 'res_task-Scene_space-fsLR_dir-ffx', 'res_task-SelectiveStopSignal_space-fsLR_dir-ffx', 'res_task-Self_space-fsLR_dir-ffx', 'res_task-SpatialNavigation_space-fsLR_dir-ffx', 'res_task-StopNogo_space-fsLR_dir-ffx', 'res_task-StopSignal_space-fsLR_dir-ffx', 'res_task-Stroop_space-fsLR_dir-ffx', 'res_task-TheoryOfMind_space-fsLR_dir-ffx', 'res_task-TwoByTwo_space-fsLR_dir-ffx', 'res_task-VSTMC_space-fsLR_dir-ffx', 'res_task-VSTM_space-fsLR_dir-ffx', 'res_task-Visu_space-fsLR_dir-ffx', 'res_task-VisualSearch_space-fsLR_dir-ffx', 'res_task-WardAndAllport_space-fsLR_dir-ffx', 'res_task-WedgeAnti_space-fsLR_dir-ffx', 'res_task-WedgeClock_space-fsLR_dir-ffx', 'ses-00', 'ses-01', 'ses-02', 'ses-03', 'ses-05', 'ses-08', 'ses-11', 'ses-12', 'ses-16', 'ses-18', 'ses-19', 'ses-20', 'ses-21', 'ses-22', 'ses-25', 'ses-26', 'ses-27', 'ses-30', 'ses-32', 'ses-36', 'ses-37', 'ses-38', 'ses-39', 'ses-40', 'ses-41', 'ses-42', 'ses-44']
  ✗ Failed to extract cortical data for HcpWm/2back-0back: too many values to unpack (expected 2)
  ✗ Failed to extract cortical data for ItemRecognition/encode5-encode1: too many values to unpack (expected 2)
  - Not available: MDTB/2back_hard-easy
  - Not available: MDTB/search_hard-easy
  - Not available: MDTB/semantic_hard-easy
  - Not available: MDTB/finger_complex-simple
  - Not available: GoodBadUgly/dot_hard-easy
  ✗ Failed to extract cortical data for Stroop/incongruent-congruent: too many values to unpack (expected 2)
  ✗ Failed to extract cortical data for Catell/hard-easy: too many values to unpack (expected 2)
No MD contrasts available for subject 11

============================================================
Processing subject 13 (parcel-based)
============================================================
  Looking for contrasts in: /ptmp/hmueller2/2025_ibc_latent/outputs/glm/contrast_maps_fsLR/sub-13
  Subject directory contents (78 items): ['res_task-ArchiEmotional_space-fsLR_dir-ffx', 'res_task-ArchiSocial_space-fsLR_dir-ffx', 'res_task-ArchiSpatial_space-fsLR_dir-ffx', 'res_task-ArchiStandard_space-fsLR_dir-ffx', 'res_task-Attention_space-fsLR_dir-ffx', 'res_task-Audi_space-fsLR_dir-ffx', 'res_task-BiologicalMotion1_space-fsLR_dir-ffx', 'res_task-BiologicalMotion2_space-fsLR_dir-ffx', 'res_task-BreathHolding_space-fsLR_dir-ffx', 'res_task-Catell_space-fsLR_dir-ffx', 'res_task-Checkerboard_space-fsLR_dir-ffx', 'res_task-ColumbiaCards_space-fsLR_dir-ffx', 'res_task-Discount_space-fsLR_dir-ffx', 'res_task-DotPatterns_space-fsLR_dir-ffx', 'res_task-EmoMem_space-fsLR_dir-ffx', 'res_task-EmoReco_space-fsLR_dir-ffx', 'res_task-EmotionalPain_space-fsLR_dir-ffx', 'res_task-Enumeration_space-fsLR_dir-ffx', 'res_task-FingerTap_space-fsLR_dir-ffx', 'res_task-HcpEmotion_space-fsLR_dir-ffx', 'res_task-HcpGambling_space-fsLR_dir-ffx', 'res_task-HcpLanguage_space-fsLR_dir-ffx', 'res_task-HcpMotor_space-fsLR_dir-ffx', 'res_task-HcpRelational_space-fsLR_dir-ffx', 'res_task-HcpSocial_space-fsLR_dir-ffx', 'res_task-HcpWm_space-fsLR_dir-ffx', 'res_task-ItemRecognition_space-fsLR_dir-ffx', 'res_task-Lec1_space-fsLR_dir-ffx', 'res_task-Lec2_space-fsLR_dir-ffx', 'res_task-MCSE_space-fsLR_dir-ffx', 'res_task-MTTNS_space-fsLR_dir-ffx', 'res_task-MTTWE_space-fsLR_dir-ffx', 'res_task-MVEB_space-fsLR_dir-ffx', 'res_task-MVIS_space-fsLR_dir-ffx', 'res_task-MathLanguage_space-fsLR_dir-ffx', 'res_task-Moto_space-fsLR_dir-ffx', 'res_task-PainMovie_space-fsLR_dir-ffx', 'res_task-PreferenceFaces_space-fsLR_dir-ffx', 'res_task-PreferenceHouses_space-fsLR_dir-ffx', 'res_task-PreferencePaintings_space-fsLR_dir-ffx', 'res_task-RSVPLanguage_space-fsLR_dir-ffx', 'res_task-SelectiveStopSignal_space-fsLR_dir-ffx', 'res_task-Self_space-fsLR_dir-ffx', 'res_task-SpatialNavigation_space-fsLR_dir-ffx', 'res_task-StopNogo_space-fsLR_dir-ffx', 'res_task-StopSignal_space-fsLR_dir-ffx', 'res_task-Stroop_space-fsLR_dir-ffx', 'res_task-TheoryOfMind_space-fsLR_dir-ffx', 'res_task-TwoByTwo_space-fsLR_dir-ffx', 'res_task-VSTMC_space-fsLR_dir-ffx', 'res_task-VSTM_space-fsLR_dir-ffx', 'res_task-Visu_space-fsLR_dir-ffx', 'res_task-WardAndAllport_space-fsLR_dir-ffx', 'res_task-WedgeAnti_space-fsLR_dir-ffx', 'res_task-WedgeClock_space-fsLR_dir-ffx', 'ses-00', 'ses-01', 'ses-02', 'ses-03', 'ses-04', 'ses-08', 'ses-11', 'ses-12', 'ses-15', 'ses-16', 'ses-17', 'ses-18', 'ses-19', 'ses-21', 'ses-24', 'ses-25', 'ses-26', 'ses-29', 'ses-30', 'ses-31', 'ses-35', 'ses-36', 'ses-37']
  ✗ Failed to extract cortical data for HcpWm/2back-0back: too many values to unpack (expected 2)
  ✗ Failed to extract cortical data for ItemRecognition/encode5-encode1: too many values to unpack (expected 2)
  - Not available: MDTB/2back_hard-easy
  - Not available: MDTB/search_hard-easy
  - Not available: MDTB/semantic_hard-easy
  - Not available: MDTB/finger_complex-simple
  - Not available: GoodBadUgly/dot_hard-easy
  ✗ Failed to extract cortical data for Stroop/incongruent-congruent: too many values to unpack (expected 2)
  ✗ Failed to extract cortical data for Catell/hard-easy: too many values to unpack (expected 2)
No MD contrasts available for subject 13

============================================================
Processing subject 14 (parcel-based)
============================================================
  Looking for contrasts in: /ptmp/hmueller2/2025_ibc_latent/outputs/glm/contrast_maps_fsLR/sub-14
  Subject directory contents (90 items): ['res_task-ArchiEmotional_space-fsLR_dir-ffx', 'res_task-ArchiSocial_space-fsLR_dir-ffx', 'res_task-ArchiSpatial_space-fsLR_dir-ffx', 'res_task-ArchiStandard_space-fsLR_dir-ffx', 'res_task-Attention_space-fsLR_dir-ffx', 'res_task-Audi_space-fsLR_dir-ffx', 'res_task-BiologicalMotion1_space-fsLR_dir-ffx', 'res_task-BiologicalMotion2_space-fsLR_dir-ffx', 'res_task-BreathHolding_space-fsLR_dir-ffx', 'res_task-Catell_space-fsLR_dir-ffx', 'res_task-Checkerboard_space-fsLR_dir-ffx', 'res_task-Color_space-fsLR_dir-ffx', 'res_task-ColumbiaCards_space-fsLR_dir-ffx', 'res_task-Discount_space-fsLR_dir-ffx', 'res_task-DotPatterns_space-fsLR_dir-ffx', 'res_task-EmoMem_space-fsLR_dir-ffx', 'res_task-EmoReco_space-fsLR_dir-ffx', 'res_task-EmotionalPain_space-fsLR_dir-ffx', 'res_task-Enumeration_space-fsLR_dir-ffx', 'res_task-FaceBody_space-fsLR_dir-ffx', 'res_task-FingerTap_space-fsLR_dir-ffx', 'res_task-HcpEmotion_space-fsLR_dir-ffx', 'res_task-HcpGambling_space-fsLR_dir-ffx', 'res_task-HcpLanguage_space-fsLR_dir-ffx', 'res_task-HcpMotor_space-fsLR_dir-ffx', 'res_task-HcpRelational_space-fsLR_dir-ffx', 'res_task-HcpSocial_space-fsLR_dir-ffx', 'res_task-HcpWm_space-fsLR_dir-ffx', 'res_task-ItemRecognition_space-fsLR_dir-ffx', 'res_task-Lec1_space-fsLR_dir-ffx', 'res_task-Lec2_space-fsLR_dir-ffx', 'res_task-MCSE_space-fsLR_dir-ffx', 'res_task-MTTNS_space-fsLR_dir-ffx', 'res_task-MTTWE_space-fsLR_dir-ffx', 'res_task-MVEB_space-fsLR_dir-ffx', 'res_task-MVIS_space-fsLR_dir-ffx', 'res_task-MathLanguage_space-fsLR_dir-ffx', 'res_task-Motion_space-fsLR_dir-ffx', 'res_task-Moto_space-fsLR_dir-ffx', 'res_task-NARPS_space-fsLR_dir-ffx', 'res_task-PainMovie_space-fsLR_dir-ffx', 'res_task-PreferenceFaces_space-fsLR_dir-ffx', 'res_task-PreferenceFood_space-fsLR_dir-ffx', 'res_task-PreferenceHouses_space-fsLR_dir-ffx', 'res_task-PreferencePaintings_space-fsLR_dir-ffx', 'res_task-RSVPLanguage_space-fsLR_dir-ffx', 'res_task-RewProc_space-fsLR_dir-ffx', 'res_task-Scene_space-fsLR_dir-ffx', 'res_task-SelectiveStopSignal_space-fsLR_dir-ffx', 'res_task-Self_space-fsLR_dir-ffx', 'res_task-SpatialNavigation_space-fsLR_dir-ffx', 'res_task-StopNogo_space-fsLR_dir-ffx', 'res_task-StopSignal_space-fsLR_dir-ffx', 'res_task-Stroop_space-fsLR_dir-ffx', 'res_task-TheoryOfMind_space-fsLR_dir-ffx', 'res_task-TwoByTwo_space-fsLR_dir-ffx', 'res_task-VSTMC_space-fsLR_dir-ffx', 'res_task-VSTM_space-fsLR_dir-ffx', 'res_task-Visu_space-fsLR_dir-ffx', 'res_task-VisualSearch_space-fsLR_dir-ffx', 'res_task-WardAndAllport_space-fsLR_dir-ffx', 'res_task-WedgeAnti_space-fsLR_dir-ffx', 'res_task-WedgeClock_space-fsLR_dir-ffx', 'ses-00', 'ses-01', 'ses-02', 'ses-03', 'ses-04', 'ses-10', 'ses-11', 'ses-12', 'ses-13', 'ses-16', 'ses-17', 'ses-18', 'ses-19', 'ses-21', 'ses-24', 'ses-25', 'ses-26', 'ses-29', 'ses-30', 'ses-34', 'ses-35', 'ses-36', 'ses-37', 'ses-38', 'ses-39', 'ses-40', 'ses-42']
  ✗ Failed to extract cortical data for HcpWm/2back-0back: too many values to unpack (expected 2)
  ✗ Failed to extract cortical data for ItemRecognition/encode5-encode1: too many values to unpack (expected 2)
  - Not available: MDTB/2back_hard-easy
  - Not available: MDTB/search_hard-easy
  - Not available: MDTB/semantic_hard-easy
  - Not available: MDTB/finger_complex-simple
  - Not available: GoodBadUgly/dot_hard-easy
  ✗ Failed to extract cortical data for Stroop/incongruent-congruent: too many values to unpack (expected 2)
  ✗ Failed to extract cortical data for Catell/hard-easy: too many values to unpack (expected 2)
No MD contrasts available for subject 14

============================================================
Processing subject 15 (parcel-based)
============================================================
  Looking for contrasts in: /ptmp/hmueller2/2025_ibc_latent/outputs/glm/contrast_maps_fsLR/sub-15
  Subject directory contents (89 items): ['res_task-ArchiEmotional_space-fsLR_dir-ffx', 'res_task-ArchiSocial_space-fsLR_dir-ffx', 'res_task-ArchiSpatial_space-fsLR_dir-ffx', 'res_task-ArchiStandard_space-fsLR_dir-ffx', 'res_task-Attention_space-fsLR_dir-ffx', 'res_task-Audi_space-fsLR_dir-ffx', 'res_task-BiologicalMotion1_space-fsLR_dir-ffx', 'res_task-BiologicalMotion2_space-fsLR_dir-ffx', 'res_task-BreathHolding_space-fsLR_dir-ffx', 'res_task-Catell_space-fsLR_dir-ffx', 'res_task-Checkerboard_space-fsLR_dir-ffx', 'res_task-Color_space-fsLR_dir-ffx', 'res_task-Discount_space-fsLR_dir-ffx', 'res_task-DotPatterns_space-fsLR_dir-ffx', 'res_task-EmoMem_space-fsLR_dir-ffx', 'res_task-EmoReco_space-fsLR_dir-ffx', 'res_task-EmotionalPain_space-fsLR_dir-ffx', 'res_task-Enumeration_space-fsLR_dir-ffx', 'res_task-FaceBody_space-fsLR_dir-ffx', 'res_task-FingerTap_space-fsLR_dir-ffx', 'res_task-HcpEmotion_space-fsLR_dir-ffx', 'res_task-HcpGambling_space-fsLR_dir-ffx', 'res_task-HcpLanguage_space-fsLR_dir-ffx', 'res_task-HcpMotor_space-fsLR_dir-ffx', 'res_task-HcpRelational_space-fsLR_dir-ffx', 'res_task-HcpSocial_space-fsLR_dir-ffx', 'res_task-HcpWm_space-fsLR_dir-ffx', 'res_task-ItemRecognition_space-fsLR_dir-ffx', 'res_task-Lec1_space-fsLR_dir-ffx', 'res_task-Lec2_space-fsLR_dir-ffx', 'res_task-MCSE_space-fsLR_dir-ffx', 'res_task-MTTNS_space-fsLR_dir-ffx', 'res_task-MTTWE_space-fsLR_dir-ffx', 'res_task-MVEB_space-fsLR_dir-ffx', 'res_task-MVIS_space-fsLR_dir-ffx', 'res_task-MathLanguage_space-fsLR_dir-ffx', 'res_task-Motion_space-fsLR_dir-ffx', 'res_task-Moto_space-fsLR_dir-ffx', 'res_task-NARPS_space-fsLR_dir-ffx', 'res_task-PainMovie_space-fsLR_dir-ffx', 'res_task-PreferenceFaces_space-fsLR_dir-ffx', 'res_task-PreferenceFood_space-fsLR_dir-ffx', 'res_task-PreferenceHouses_space-fsLR_dir-ffx', 'res_task-PreferencePaintings_space-fsLR_dir-ffx', 'res_task-RSVPLanguage_space-fsLR_dir-ffx', 'res_task-RewProc_space-fsLR_dir-ffx', 'res_task-Scene_space-fsLR_dir-ffx', 'res_task-SelectiveStopSignal_space-fsLR_dir-ffx', 'res_task-Self_space-fsLR_dir-ffx', 'res_task-SpatialNavigation_space-fsLR_dir-ffx', 'res_task-StopNogo_space-fsLR_dir-ffx', 'res_task-StopSignal_space-fsLR_dir-ffx', 'res_task-Stroop_space-fsLR_dir-ffx', 'res_task-TheoryOfMind_space-fsLR_dir-ffx', 'res_task-TwoByTwo_space-fsLR_dir-ffx', 'res_task-VSTMC_space-fsLR_dir-ffx', 'res_task-VSTM_space-fsLR_dir-ffx', 'res_task-Visu_space-fsLR_dir-ffx', 'res_task-VisualSearch_space-fsLR_dir-ffx', 'res_task-WardAndAllport_space-fsLR_dir-ffx', 'res_task-WedgeAnti_space-fsLR_dir-ffx', 'res_task-WedgeClock_space-fsLR_dir-ffx', 'ses-00', 'ses-01', 'ses-02', 'ses-03', 'ses-04', 'ses-05', 'ses-06', 'ses-10', 'ses-11', 'ses-14', 'ses-15', 'ses-19', 'ses-20', 'ses-21', 'ses-24', 'ses-25', 'ses-26', 'ses-29', 'ses-30', 'ses-31', 'ses-35', 'ses-36', 'ses-37', 'ses-38', 'ses-39', 'ses-40', 'ses-42']
  ✗ Failed to extract cortical data for HcpWm/2back-0back: too many values to unpack (expected 2)
  ✗ Failed to extract cortical data for ItemRecognition/encode5-encode1: too many values to unpack (expected 2)
  - Not available: MDTB/2back_hard-easy
  - Not available: MDTB/search_hard-easy
  - Not available: MDTB/semantic_hard-easy
  - Not available: MDTB/finger_complex-simple
  - Not available: GoodBadUgly/dot_hard-easy
  ✗ Failed to extract cortical data for Stroop/incongruent-congruent: too many values to unpack (expected 2)
  ✗ Failed to extract cortical data for Catell/hard-easy: too many values to unpack (expected 2)
No MD contrasts available for subject 15
No valid subject maps found for group analysis

============================================================
Parcel-Based MD Mapping Complete!
============================================================
Results saved to: /ptmp/hmueller2/2025_ibc_latent/outputs/md_system/parcel_based

============================================
Analysis completed successfully!
============================================
Results root: /ptmp/hmueller2/2025_ibc_latent/outputs/md_system
Vertex outputs: /ptmp/hmueller2/2025_ibc_latent/outputs/md_system/vertex_wise
Parcel outputs: /ptmp/hmueller2/2025_ibc_latent/outputs/md_system/parcel_based

To visualize with Workbench scene file:
  ./md_mapping_view.sh group /ptmp/hmueller2/2025_ibc_latent/outputs/md_system/vertex_wise --group

To compare subjects:
  python visualize_md_maps.py compare /ptmp/hmueller2/2025_ibc_latent/outputs/md_system/vertex_wise --output /ptmp/hmueller2/2025_ibc_latent/outputs/md_system/vertex_wise/figures

Job finished at: Mon Mar  9 14:35:01 CET 2026
============================================
